<!doctype html public "-//w3c//dtd html 4.0 transitional//en">
<html><head>
<title>Static Call Graph - [.\Objects\app-evasion.axf]</title></head>
<body><HR>
<H1>Static Call Graph for image .\Objects\app-evasion.axf</H1><HR>
<BR><P>#&#060CALLGRAPH&#062# ARM Linker, 6130100: Last Updated: Sat Jun  7 17:56:34 2025
<BR><P>
<H3>Maximum Stack Usage =          0 bytes + Unknown(Untraceable Function Pointers)</H3><H3>
Call chain for Maximum Stack Depth:</H3>

<P>
<H3>
Function Pointers
</H3><UL>
 <LI><a href="#[0]">draw</a> from main.o(.text.draw) referenced from main.o(.text.app_start)
</UL>
<P>
<H3>
Global Symbols
</H3>
<P><STRONG><a name="[6]"></a>beginAnimation_OPEN</STRONG> (Thumb, 0 bytes, Stack size 0 bytes, syscall.sym(ABSOLUTE))
<BR><BR>[Called By]<UL><LI><a href="#[2]">&gt;&gt;</a>&nbsp;&nbsp;&nbsp;app_start
</UL>

<P><STRONG><a name="[4]"></a>buttons_setFuncs_onLongPress</STRONG> (Thumb, 0 bytes, Stack size 0 bytes, syscall.sym(ABSOLUTE))
<BR><BR>[Called By]<UL><LI><a href="#[2]">&gt;&gt;</a>&nbsp;&nbsp;&nbsp;app_start
</UL>

<P><STRONG><a name="[3]"></a>display_setDrawFunc</STRONG> (Thumb, 0 bytes, Stack size 0 bytes, syscall.sym(ABSOLUTE))
<BR><BR>[Called By]<UL><LI><a href="#[2]">&gt;&gt;</a>&nbsp;&nbsp;&nbsp;app_start
</UL>

<P><STRONG><a name="[5]"></a>getArduboyGames_openDir</STRONG> (Thumb, 0 bytes, Stack size 0 bytes, syscall.sym(ABSOLUTE))
<BR><BR>[Called By]<UL><LI><a href="#[2]">&gt;&gt;</a>&nbsp;&nbsp;&nbsp;app_start
</UL>

<P><STRONG><a name="[1]"></a>my_main</STRONG> (Thumb, 10 bytes, Stack size 0 bytes, main.o(.text.my_main))
<BR><BR>[Calls]<UL><LI><a href="#[2]">&gt;&gt;</a>&nbsp;&nbsp;&nbsp;app_start
</UL>

<P><STRONG><a name="[2]"></a>app_start</STRONG> (Thumb, 36 bytes, Stack size 0 bytes, main.o(.text.app_start))
<BR><BR>[Calls]<UL><LI><a href="#[5]">&gt;&gt;</a>&nbsp;&nbsp;&nbsp;getArduboyGames_openDir
<LI><a href="#[3]">&gt;&gt;</a>&nbsp;&nbsp;&nbsp;display_setDrawFunc
<LI><a href="#[4]">&gt;&gt;</a>&nbsp;&nbsp;&nbsp;buttons_setFuncs_onLongPress
<LI><a href="#[6]">&gt;&gt;</a>&nbsp;&nbsp;&nbsp;beginAnimation_OPEN
</UL>
<BR>[Called By]<UL><LI><a href="#[1]">&gt;&gt;</a>&nbsp;&nbsp;&nbsp;my_main
</UL>

<P><STRONG><a name="[0]"></a>draw</STRONG> (Thumb, 4 bytes, Stack size 0 bytes, main.o(.text.draw))
<BR>[Address Reference Count : 1]<UL><LI> main.o(.text.app_start)
</UL><P>
<H3>
Local Symbols
</H3><P>
<H3>
Undefined Global Symbols
</H3><HR></body></html>
