<!doctype html public "-//w3c//dtd html 4.0 transitional//en">
<html><head>
<title>Static Call Graph - [.\Objects\app-ardubullets.axf]</title></head>
<body><HR>
<H1>Static Call Graph for image .\Objects\app-ardubullets.axf</H1><HR>
<BR><P>#&#060CALLGRAPH&#062# ARM Linker, 6130100: Last Updated: Mon Aug  4 20:51:35 2025
<BR><P>
<H3>Maximum Stack Usage =          0 bytes + Unknown(Untraceable Function Pointers)</H3><H3>
Call chain for Maximum Stack Depth:</H3>

<P>
<H3>
Function Pointers
</H3><UL>
 <LI><a href="#[7]">handleMenu()</a> from syscall.sym(ABSOLUTE) referenced from ardubullets_title.o(.text._Z23updateTitle_ardubulletsv)
 <LI><a href="#[1d]">updateLogo()</a> from syscall.sym(ABSOLUTE) referenced from ardubullets.o(.rodata._ZL11moduleTable)
 <LI><a href="#[c]">addMenuItem(const char*, void(*)())</a> from syscall.sym(ABSOLUTE) referenced from ardubullets_title.o(.text._ZL10onSettingsv)
 <LI><a href="#[c]">addMenuItem(const char*, void(*)())</a> from syscall.sym(ABSOLUTE) referenced from ardubullets_title.o(.text._ZL5onTopv)
 <LI><a href="#[24]">drawGame_ardubullets()</a> from ardubullets_game.o(.text._Z20drawGame_ardubulletsv) referenced from ardubullets.o(.rodata._ZL11moduleTable)
 <LI><a href="#[22]">initGame_ardubullets()</a> from ardubullets_game.o(.text._Z20initGame_ardubulletsv) referenced from ardubullets.o(.rodata._ZL11moduleTable)
 <LI><a href="#[21]">drawTitle_ardubullets()</a> from ardubullets_title.o(.text._Z21drawTitle_ardubulletsv) referenced from ardubullets.o(.rodata._ZL11moduleTable)
 <LI><a href="#[1f]">initTitle_ardubullets()</a> from ardubullets_title.o(.text._Z21initTitle_ardubulletsv) referenced from ardubullets.o(.rodata._ZL11moduleTable)
 <LI><a href="#[23]">updateGame_ardubullets()</a> from ardubullets_game.o(.text._Z22updateGame_ardubulletsv) referenced from ardubullets.o(.rodata._ZL11moduleTable)
 <LI><a href="#[20]">updateTitle_ardubullets()</a> from ardubullets_title.o(.text._Z23updateTitle_ardubulletsv) referenced from ardubullets.o(.rodata._ZL11moduleTable)
 <LI><a href="#[1e]">drawLogo()</a> from syscall.sym(ABSOLUTE) referenced from ardubullets.o(.rodata._ZL11moduleTable)
 <LI><a href="#[1c]">initLogo()</a> from syscall.sym(ABSOLUTE) referenced from ardubullets.o(.rodata._ZL11moduleTable)
 <LI><a href="#[2]">_ZL10drawCreditv</a> from ardubullets_title.o(.text._ZL10drawCreditv) referenced from ardubullets_title.o(.text._Z21drawTitle_ardubulletsv)
 <LI><a href="#[6]">_ZL10handleOverv</a> from ardubullets_game.o(.text._ZL10handleOverv) referenced from ardubullets_game.o(.text._Z22updateGame_ardubulletsv)
 <LI><a href="#[10]">_ZL10onContinuev</a> from ardubullets_game.o(.text._ZL10onContinuev) referenced from ardubullets_game.o(.text._ZL12openGameMenuv)
 <LI><a href="#[10]">_ZL10onContinuev</a> from ardubullets_game.o(.text._ZL10onContinuev) referenced from ardubullets_game.o(.text._ZL13onConfirmQuitv)
 <LI><a href="#[18]">_ZL10onSettingsv</a> from ardubullets_title.o(.text._ZL10onSettingsv) referenced from ardubullets_title.o(.text._ZL5onTopv)
 <LI><a href="#[4]">_ZL11handleStartv</a> from ardubullets_game.o(.text._ZL11handleStartv) referenced from ardubullets_game.o(.text._Z22updateGame_ardubulletsv)
 <LI><a href="#[17]">_ZL11onNewBattlev</a> from ardubullets_title.o(.text._ZL11onNewBattlev) referenced from ardubullets_title.o(.text._ZL5onTopv)
 <LI><a href="#[1]">_ZL12drawSettingsv</a> from ardubullets_title.o(.text._ZL12drawSettingsv) referenced from ardubullets_title.o(.text._Z21drawTitle_ardubulletsv)
 <LI><a href="#[3]">_ZL13drawCodeEntryv</a> from ardubullets_title.o(.text._ZL13drawCodeEntryv) referenced from ardubullets_title.o(.text._Z21drawTitle_ardubulletsv)
 <LI><a href="#[5]">_ZL13handlePlayingv</a> from ardubullets_game.o(.text._ZL13handlePlayingv) referenced from ardubullets_game.o(.text._Z22updateGame_ardubulletsv)
 <LI><a href="#[13]">_ZL13onConfirmQuitv</a> from ardubullets_game.o(.text._ZL13onConfirmQuitv) referenced from ardubullets_game.o(.text._ZL12openGameMenuv)
 <LI><a href="#[15]">_ZL14drawBackgroundv</a> from ardubullets_game.o(.text._ZL14drawBackgroundv) referenced from ardubullets_game.o(.text._ZL14drawBackgroundv)
 <LI><a href="#[8]">_ZL14handleSettingsv</a> from ardubullets_title.o(.text._ZL14handleSettingsv) referenced from ardubullets_title.o(.text._Z23updateTitle_ardubulletsv)
 <LI><a href="#[9]">_ZL15handleAnyButtonv</a> from ardubullets_title.o(.text._ZL15handleAnyButtonv) referenced from ardubullets_title.o(.text._Z23updateTitle_ardubulletsv)
 <LI><a href="#[a]">_ZL15handleCodeEntryv</a> from ardubullets_title.o(.text._ZL15handleCodeEntryv) referenced from ardubullets_title.o(.text._Z23updateTitle_ardubulletsv)
 <LI><a href="#[b]">_ZL16onMenuDifficultyv</a> from ardubullets_title.o(.text._ZL16onMenuDifficultyv) referenced from ardubullets_title.o(.text._ZL10onSettingsv)
 <LI><a href="#[d]">_ZL16onMenuToggleItemv</a> from ardubullets_title.o(.text._ZL16onMenuToggleItemv) referenced from ardubullets_title.o(.text._ZL10onSettingsv)
 <LI><a href="#[e]">_ZL5onTopv</a> from ardubullets_title.o(.text._ZL5onTopv) referenced from ardubullets_title.o(.text._ZL10onSettingsv)
 <LI><a href="#[11]">_ZL6onQuitv</a> from ardubullets_game.o(.text._ZL6onQuitv) referenced from ardubullets_game.o(.text._ZL12openGameMenuv)
 <LI><a href="#[11]">_ZL6onQuitv</a> from ardubullets_game.o(.text._ZL6onQuitv) referenced from ardubullets_game.o(.text._ZL13onConfirmQuitv)
 <LI><a href="#[0]">_ZL7drawTopv</a> from ardubullets_title.o(.text._ZL7drawTopv) referenced from ardubullets_title.o(.text._Z21drawTitle_ardubulletsv)
 <LI><a href="#[12]">_ZL7onRetryv</a> from ardubullets_game.o(.text._ZL7onRetryv) referenced from ardubullets_game.o(.text._ZL12openGameMenuv)
 <LI><a href="#[16]">_ZL7onStartv</a> from ardubullets_title.o(.text._ZL7onStartv) referenced from ardubullets_title.o(.text._ZL5onTopv)
 <LI><a href="#[19]">_ZL8onCreditv</a> from ardubullets_title.o(.text._ZL8onCreditv) referenced from ardubullets_title.o(.text._ZL5onTopv)
 <LI><a href="#[14]">MyArduboy2::buttonPressed(unsigned char)</a> from syscall.sym(ABSOLUTE) referenced from ardubullets_game.o(.text._ZL12updatePlayerv)
 <LI><a href="#[f]">MyArduboy2::printEx(short, short, const char*)</a> from syscall.sym(ABSOLUTE) referenced from ardubullets_title.o(.text._ZL12drawSettingsv)
 <LI><a href="#[1b]">ardubullets_draw</a> from main.o(.text.ardubullets_draw) referenced from main.o(.text.ardubullets_start)
 <LI><a href="#[1a]">onExitGame</a> from syscall.sym(ABSOLUTE) referenced from ardubullets_title.o(.text._ZL5onTopv)
</UL>
<P>
<H3>
Global Symbols
</H3>
<P><STRONG><a name="[3d]"></a>rand</STRONG> (Thumb, 0 bytes, Stack size 0 bytes, syscall.sym(ABSOLUTE))
<BR><BR>[Called By]<UL><LI><a href="#[20]">&gt;&gt;</a>&nbsp;&nbsp;&nbsp;updateTitle_ardubullets()
</UL>

<P><STRONG><a name="[3e]"></a>strlen</STRONG> (Thumb, 0 bytes, Stack size 0 bytes, syscall.sym(ABSOLUTE))
<BR><BR>[Called By]<UL><LI><a href="#[2]">&gt;&gt;</a>&nbsp;&nbsp;&nbsp;_ZL10drawCreditv
</UL>

<P><STRONG><a name="[6c]"></a>__set_errno</STRONG> (Thumb, 0 bytes, Stack size 0 bytes, syscall.sym(ABSOLUTE))
<BR><BR>[Called By]<UL><LI><a href="#[53]">&gt;&gt;</a>&nbsp;&nbsp;&nbsp;__hardfp_sqrtf
<LI><a href="#[54]">&gt;&gt;</a>&nbsp;&nbsp;&nbsp;__hardfp_atan2f
</UL>

<P><STRONG><a name="[3c]"></a>handleDPad()</STRONG> (Thumb, 0 bytes, Stack size 0 bytes, syscall.sym(ABSOLUTE))
<BR><BR>[Called By]<UL><LI><a href="#[20]">&gt;&gt;</a>&nbsp;&nbsp;&nbsp;updateTitle_ardubullets()
<LI><a href="#[23]">&gt;&gt;</a>&nbsp;&nbsp;&nbsp;updateGame_ardubullets()
</UL>

<P><STRONG><a name="[7]"></a>handleMenu()</STRONG> (Thumb, 0 bytes, Stack size 0 bytes, syscall.sym(ABSOLUTE))
<BR><BR>[Called By]<UL><LI><a href="#[8]">&gt;&gt;</a>&nbsp;&nbsp;&nbsp;_ZL14handleSettingsv
<LI><a href="#[23]">&gt;&gt;</a>&nbsp;&nbsp;&nbsp;updateGame_ardubullets()
</UL>
<BR>[Address Reference Count : 1]<UL><LI> ardubullets_title.o(.text._Z23updateTitle_ardubulletsv)
</UL>
<P><STRONG><a name="[1d]"></a>updateLogo()</STRONG> (Thumb, 0 bytes, Stack size 0 bytes, syscall.sym(ABSOLUTE), UNUSED)
<BR>[Address Reference Count : 1]<UL><LI> ardubullets.o(.rodata._ZL11moduleTable)
</UL>
<P><STRONG><a name="[c]"></a>addMenuItem(const char*, void(*)())</STRONG> (Thumb, 0 bytes, Stack size 0 bytes, syscall.sym(ABSOLUTE))
<BR><BR>[Called By]<UL><LI><a href="#[e]">&gt;&gt;</a>&nbsp;&nbsp;&nbsp;_ZL5onTopv
<LI><a href="#[43]">&gt;&gt;</a>&nbsp;&nbsp;&nbsp;_ZL12openGameMenuv
</UL>
<BR>[Address Reference Count : 2]<UL><LI> ardubullets_title.o(.text._ZL5onTopv)
<LI> ardubullets_title.o(.text._ZL10onSettingsv)
</UL>
<P><STRONG><a name="[2d]"></a>drawMenuItems(bool)</STRONG> (Thumb, 0 bytes, Stack size 0 bytes, syscall.sym(ABSOLUTE))
<BR><BR>[Called By]<UL><LI><a href="#[0]">&gt;&gt;</a>&nbsp;&nbsp;&nbsp;_ZL7drawTopv
<LI><a href="#[1]">&gt;&gt;</a>&nbsp;&nbsp;&nbsp;_ZL12drawSettingsv
<LI><a href="#[24]">&gt;&gt;</a>&nbsp;&nbsp;&nbsp;drawGame_ardubullets()
</UL>

<P><STRONG><a name="[5b]"></a>playSoundTick()</STRONG> (Thumb, 0 bytes, Stack size 0 bytes, syscall.sym(ABSOLUTE))
<BR><BR>[Called By]<UL><LI><a href="#[a]">&gt;&gt;</a>&nbsp;&nbsp;&nbsp;_ZL15handleCodeEntryv
<LI><a href="#[8]">&gt;&gt;</a>&nbsp;&nbsp;&nbsp;_ZL14handleSettingsv
</UL>

<P><STRONG><a name="[47]"></a>setMenuCoords(signed char, signed char, signed char, signed char, bool, bool)</STRONG> (Thumb, 0 bytes, Stack size 0 bytes, syscall.sym(ABSOLUTE))
<BR><BR>[Called By]<UL><LI><a href="#[e]">&gt;&gt;</a>&nbsp;&nbsp;&nbsp;_ZL5onTopv
<LI><a href="#[18]">&gt;&gt;</a>&nbsp;&nbsp;&nbsp;_ZL10onSettingsv
<LI><a href="#[43]">&gt;&gt;</a>&nbsp;&nbsp;&nbsp;_ZL12openGameMenuv
</UL>

<P><STRONG><a name="[45]"></a>clearMenuItems()</STRONG> (Thumb, 0 bytes, Stack size 0 bytes, syscall.sym(ABSOLUTE))
<BR><BR>[Called By]<UL><LI><a href="#[e]">&gt;&gt;</a>&nbsp;&nbsp;&nbsp;_ZL5onTopv
<LI><a href="#[18]">&gt;&gt;</a>&nbsp;&nbsp;&nbsp;_ZL10onSettingsv
<LI><a href="#[43]">&gt;&gt;</a>&nbsp;&nbsp;&nbsp;_ZL12openGameMenuv
</UL>

<P><STRONG><a name="[4c]"></a>getMenuItemPos()</STRONG> (Thumb, 0 bytes, Stack size 0 bytes, syscall.sym(ABSOLUTE))
<BR><BR>[Called By]<UL><LI><a href="#[0]">&gt;&gt;</a>&nbsp;&nbsp;&nbsp;_ZL7drawTopv
<LI><a href="#[d]">&gt;&gt;</a>&nbsp;&nbsp;&nbsp;_ZL16onMenuToggleItemv
<LI><a href="#[8]">&gt;&gt;</a>&nbsp;&nbsp;&nbsp;_ZL14handleSettingsv
<LI><a href="#[1]">&gt;&gt;</a>&nbsp;&nbsp;&nbsp;_ZL12drawSettingsv
<LI><a href="#[13]">&gt;&gt;</a>&nbsp;&nbsp;&nbsp;_ZL13onConfirmQuitv
</UL>

<P><STRONG><a name="[44]"></a>playSoundClick()</STRONG> (Thumb, 0 bytes, Stack size 0 bytes, syscall.sym(ABSOLUTE))
<BR><BR>[Called By]<UL><LI><a href="#[19]">&gt;&gt;</a>&nbsp;&nbsp;&nbsp;_ZL8onCreditv
<LI><a href="#[e]">&gt;&gt;</a>&nbsp;&nbsp;&nbsp;_ZL5onTopv
<LI><a href="#[d]">&gt;&gt;</a>&nbsp;&nbsp;&nbsp;_ZL16onMenuToggleItemv
<LI><a href="#[b]">&gt;&gt;</a>&nbsp;&nbsp;&nbsp;_ZL16onMenuDifficultyv
<LI><a href="#[a]">&gt;&gt;</a>&nbsp;&nbsp;&nbsp;_ZL15handleCodeEntryv
<LI><a href="#[9]">&gt;&gt;</a>&nbsp;&nbsp;&nbsp;_ZL15handleAnyButtonv
<LI><a href="#[17]">&gt;&gt;</a>&nbsp;&nbsp;&nbsp;_ZL11onNewBattlev
<LI><a href="#[18]">&gt;&gt;</a>&nbsp;&nbsp;&nbsp;_ZL10onSettingsv
<LI><a href="#[11]">&gt;&gt;</a>&nbsp;&nbsp;&nbsp;_ZL6onQuitv
<LI><a href="#[43]">&gt;&gt;</a>&nbsp;&nbsp;&nbsp;_ZL12openGameMenuv
<LI><a href="#[10]">&gt;&gt;</a>&nbsp;&nbsp;&nbsp;_ZL10onContinuev
</UL>

<P><STRONG><a name="[51]"></a>setConfirmMenu(signed char, void(*)(), void(*)())</STRONG> (Thumb, 0 bytes, Stack size 0 bytes, syscall.sym(ABSOLUTE))
<BR><BR>[Called By]<UL><LI><a href="#[13]">&gt;&gt;</a>&nbsp;&nbsp;&nbsp;_ZL13onConfirmQuitv
</UL>

<P><STRONG><a name="[46]"></a>setMenuItemPos(signed char)</STRONG> (Thumb, 0 bytes, Stack size 0 bytes, syscall.sym(ABSOLUTE))
<BR><BR>[Called By]<UL><LI><a href="#[e]">&gt;&gt;</a>&nbsp;&nbsp;&nbsp;_ZL5onTopv
<LI><a href="#[18]">&gt;&gt;</a>&nbsp;&nbsp;&nbsp;_ZL10onSettingsv
<LI><a href="#[43]">&gt;&gt;</a>&nbsp;&nbsp;&nbsp;_ZL12openGameMenuv
</UL>

<P><STRONG><a name="[4e]"></a>getMenuItemCount()</STRONG> (Thumb, 0 bytes, Stack size 0 bytes, syscall.sym(ABSOLUTE))
<BR><BR>[Called By]<UL><LI><a href="#[e]">&gt;&gt;</a>&nbsp;&nbsp;&nbsp;_ZL5onTopv
<LI><a href="#[43]">&gt;&gt;</a>&nbsp;&nbsp;&nbsp;_ZL12openGameMenuv
</UL>

<P><STRONG><a name="[1e]"></a>drawLogo()</STRONG> (Thumb, 0 bytes, Stack size 0 bytes, syscall.sym(ABSOLUTE), UNUSED)
<BR>[Address Reference Count : 1]<UL><LI> ardubullets.o(.rodata._ZL11moduleTable)
</UL>
<P><STRONG><a name="[35]"></a>drawTime(short, short, unsigned)</STRONG> (Thumb, 0 bytes, Stack size 0 bytes, syscall.sym(ABSOLUTE))
<BR><BR>[Called By]<UL><LI><a href="#[1]">&gt;&gt;</a>&nbsp;&nbsp;&nbsp;_ZL12drawSettingsv
<LI><a href="#[24]">&gt;&gt;</a>&nbsp;&nbsp;&nbsp;drawGame_ardubullets()
</UL>

<P><STRONG><a name="[1c]"></a>initLogo()</STRONG> (Thumb, 0 bytes, Stack size 0 bytes, syscall.sym(ABSOLUTE))
<BR><BR>[Called By]<UL><LI><a href="#[62]">&gt;&gt;</a>&nbsp;&nbsp;&nbsp;ardubullets_setup
</UL>
<BR>[Address Reference Count : 1]<UL><LI> ardubullets.o(.rodata._ZL11moduleTable)
</UL>
<P><STRONG><a name="[3b]"></a>setSound(bool)</STRONG> (Thumb, 0 bytes, Stack size 0 bytes, syscall.sym(ABSOLUTE))
<BR><BR>[Called By]<UL><LI><a href="#[39]">&gt;&gt;</a>&nbsp;&nbsp;&nbsp;readRecord_ardubullets()
</UL>

<P><STRONG><a name="[42]"></a>MyArduboy2::buttonDown(unsigned char)</STRONG> (Thumb, 0 bytes, Stack size 0 bytes, syscall.sym(ABSOLUTE))
<BR><BR>[Called By]<UL><LI><a href="#[a]">&gt;&gt;</a>&nbsp;&nbsp;&nbsp;_ZL15handleCodeEntryv
<LI><a href="#[9]">&gt;&gt;</a>&nbsp;&nbsp;&nbsp;_ZL15handleAnyButtonv
<LI><a href="#[8]">&gt;&gt;</a>&nbsp;&nbsp;&nbsp;_ZL14handleSettingsv
<LI><a href="#[5]">&gt;&gt;</a>&nbsp;&nbsp;&nbsp;_ZL13handlePlayingv
<LI><a href="#[4]">&gt;&gt;</a>&nbsp;&nbsp;&nbsp;_ZL11handleStartv
<LI><a href="#[6]">&gt;&gt;</a>&nbsp;&nbsp;&nbsp;_ZL10handleOverv
</UL>

<P><STRONG><a name="[2f]"></a>MyArduboy2::drawBitmap(unsigned char, unsigned char, const unsigned char*, unsigned char, unsigned char)</STRONG> (Thumb, 0 bytes, Stack size 0 bytes, syscall.sym(ABSOLUTE))
<BR><BR>[Called By]<UL><LI><a href="#[0]">&gt;&gt;</a>&nbsp;&nbsp;&nbsp;_ZL7drawTopv
<LI><a href="#[4f]">&gt;&gt;</a>&nbsp;&nbsp;&nbsp;_ZL13drawTitleLogov
<LI><a href="#[34]">&gt;&gt;</a>&nbsp;&nbsp;&nbsp;_ZL19drawLettersBigLabelssPKhhh
<LI><a href="#[24]">&gt;&gt;</a>&nbsp;&nbsp;&nbsp;drawGame_ardubullets()
</UL>

<P><STRONG><a name="[2c]"></a>MyArduboy2::drawBitmap(unsigned char, unsigned char, const unsigned char*, unsigned char, unsigned char, char)</STRONG> (Thumb, 0 bytes, Stack size 0 bytes, syscall.sym(ABSOLUTE))
<BR><BR>[Called By]<UL><LI><a href="#[0]">&gt;&gt;</a>&nbsp;&nbsp;&nbsp;_ZL7drawTopv
<LI><a href="#[3]">&gt;&gt;</a>&nbsp;&nbsp;&nbsp;_ZL13drawCodeEntryv
<LI><a href="#[34]">&gt;&gt;</a>&nbsp;&nbsp;&nbsp;_ZL19drawLettersBigLabelssPKhhh
<LI><a href="#[2a]">&gt;&gt;</a>&nbsp;&nbsp;&nbsp;drawButtonIcon(short, short, bool)
</UL>

<P><STRONG><a name="[63]"></a>MyArduboy2::beginNoLogo()</STRONG> (Thumb, 0 bytes, Stack size 0 bytes, syscall.sym(ABSOLUTE))
<BR><BR>[Called By]<UL><LI><a href="#[62]">&gt;&gt;</a>&nbsp;&nbsp;&nbsp;ardubullets_setup
</UL>

<P><STRONG><a name="[50]"></a>MyArduboy2::setTextSize(unsigned char)</STRONG> (Thumb, 0 bytes, Stack size 0 bytes, syscall.sym(ABSOLUTE))
<BR><BR>[Called By]<UL><LI><a href="#[3]">&gt;&gt;</a>&nbsp;&nbsp;&nbsp;_ZL13drawCodeEntryv
<LI><a href="#[62]">&gt;&gt;</a>&nbsp;&nbsp;&nbsp;ardubullets_setup
</UL>

<P><STRONG><a name="[2b]"></a>MyArduboy2::getTextColor()</STRONG> (Thumb, 0 bytes, Stack size 0 bytes, syscall.sym(ABSOLUTE))
<BR><BR>[Called By]<UL><LI><a href="#[2a]">&gt;&gt;</a>&nbsp;&nbsp;&nbsp;drawButtonIcon(short, short, bool)
</UL>

<P><STRONG><a name="[64]"></a>MyArduboy2::setFrameRate(unsigned char)</STRONG> (Thumb, 0 bytes, Stack size 0 bytes, syscall.sym(ABSOLUTE))
<BR><BR>[Called By]<UL><LI><a href="#[62]">&gt;&gt;</a>&nbsp;&nbsp;&nbsp;ardubullets_setup
</UL>

<P><STRONG><a name="[5e]"></a>MyArduboy2::setTextColor(unsigned char)</STRONG> (Thumb, 0 bytes, Stack size 0 bytes, syscall.sym(ABSOLUTE))
<BR><BR>[Called By]<UL><LI><a href="#[0]">&gt;&gt;</a>&nbsp;&nbsp;&nbsp;_ZL7drawTopv
</UL>

<P><STRONG><a name="[14]"></a>MyArduboy2::buttonPressed(unsigned char)</STRONG> (Thumb, 0 bytes, Stack size 0 bytes, syscall.sym(ABSOLUTE), UNUSED)
<BR>[Address Reference Count : 1]<UL><LI> ardubullets_game.o(.text._ZL12updatePlayerv)
</UL>
<P><STRONG><a name="[30]"></a>MyArduboy2::drawFastHLine(short, short, unsigned char, unsigned char)</STRONG> (Thumb, 0 bytes, Stack size 0 bytes, syscall.sym(ABSOLUTE))
<BR><BR>[Called By]<UL><LI><a href="#[1]">&gt;&gt;</a>&nbsp;&nbsp;&nbsp;_ZL12drawSettingsv
<LI><a href="#[15]">&gt;&gt;</a>&nbsp;&nbsp;&nbsp;_ZL14drawBackgroundv
<LI><a href="#[24]">&gt;&gt;</a>&nbsp;&nbsp;&nbsp;drawGame_ardubullets()
</UL>

<P><STRONG><a name="[59]"></a>MyArduboy2::drawFastVLine(short, short, signed char, unsigned char)</STRONG> (Thumb, 0 bytes, Stack size 0 bytes, syscall.sym(ABSOLUTE))
<BR><BR>[Called By]<UL><LI><a href="#[15]">&gt;&gt;</a>&nbsp;&nbsp;&nbsp;_ZL14drawBackgroundv
</UL>

<P><STRONG><a name="[65]"></a>MyArduboy2::setTextColors(unsigned char, unsigned char)</STRONG> (Thumb, 0 bytes, Stack size 0 bytes, syscall.sym(ABSOLUTE))
<BR><BR>[Called By]<UL><LI><a href="#[62]">&gt;&gt;</a>&nbsp;&nbsp;&nbsp;ardubullets_setup
</UL>

<P><STRONG><a name="[3a]"></a>MyArduboy2::isAudioEnabled()</STRONG> (Thumb, 0 bytes, Stack size 0 bytes, syscall.sym(ABSOLUTE))
<BR><BR>[Called By]<UL><LI><a href="#[39]">&gt;&gt;</a>&nbsp;&nbsp;&nbsp;readRecord_ardubullets()
</UL>

<P><STRONG><a name="[2e]"></a>MyArduboy2::clear()</STRONG> (Thumb, 0 bytes, Stack size 0 bytes, syscall.sym(ABSOLUTE))
<BR><BR>[Called By]<UL><LI><a href="#[21]">&gt;&gt;</a>&nbsp;&nbsp;&nbsp;drawTitle_ardubullets()
<LI><a href="#[24]">&gt;&gt;</a>&nbsp;&nbsp;&nbsp;drawGame_ardubullets()
</UL>

<P><STRONG><a name="[29]"></a>MyArduboy2::print(char)</STRONG> (Thumb, 0 bytes, Stack size 0 bytes, syscall.sym(ABSOLUTE))
<BR><BR>[Called By]<UL><LI><a href="#[1]">&gt;&gt;</a>&nbsp;&nbsp;&nbsp;_ZL12drawSettingsv
<LI><a href="#[36]">&gt;&gt;</a>&nbsp;&nbsp;&nbsp;_ZL19drawLettersGameSeedv
<LI><a href="#[27]">&gt;&gt;</a>&nbsp;&nbsp;&nbsp;printGameSeed(short, short, unsigned)
</UL>

<P><STRONG><a name="[5d]"></a>MyArduboy2::print(unsigned char)</STRONG> (Thumb, 0 bytes, Stack size 0 bytes, syscall.sym(ABSOLUTE))
<BR><BR>[Called By]<UL><LI><a href="#[36]">&gt;&gt;</a>&nbsp;&nbsp;&nbsp;_ZL19drawLettersGameSeedv
</UL>

<P><STRONG><a name="[4b]"></a>MyArduboy2::print(unsigned short)</STRONG> (Thumb, 0 bytes, Stack size 0 bytes, syscall.sym(ABSOLUTE))
<BR><BR>[Called By]<UL><LI><a href="#[1]">&gt;&gt;</a>&nbsp;&nbsp;&nbsp;_ZL12drawSettingsv
</UL>

<P><STRONG><a name="[52]"></a>MyArduboy2::collide(const Point&, const Rect&)</STRONG> (Thumb, 0 bytes, Stack size 0 bytes, syscall.sym(ABSOLUTE))
<BR><BR>[Called By]<UL><LI><a href="#[41]">&gt;&gt;</a>&nbsp;&nbsp;&nbsp;_ZL13updateEnemiesv
<LI><a href="#[40]">&gt;&gt;</a>&nbsp;&nbsp;&nbsp;_ZL13updateBulletsv
</UL>

<P><STRONG><a name="[61]"></a>MyArduboy2::display()</STRONG> (Thumb, 0 bytes, Stack size 0 bytes, syscall.sym(ABSOLUTE))
<BR><BR>[Called By]<UL><LI><a href="#[5f]">&gt;&gt;</a>&nbsp;&nbsp;&nbsp;ardubullets_loop
</UL>

<P><STRONG><a name="[f]"></a>MyArduboy2::printEx(short, short, const char*)</STRONG> (Thumb, 0 bytes, Stack size 0 bytes, syscall.sym(ABSOLUTE))
<BR><BR>[Called By]<UL><LI><a href="#[3]">&gt;&gt;</a>&nbsp;&nbsp;&nbsp;_ZL13drawCodeEntryv
<LI><a href="#[1]">&gt;&gt;</a>&nbsp;&nbsp;&nbsp;_ZL12drawSettingsv
<LI><a href="#[2]">&gt;&gt;</a>&nbsp;&nbsp;&nbsp;_ZL10drawCreditv
<LI><a href="#[36]">&gt;&gt;</a>&nbsp;&nbsp;&nbsp;_ZL19drawLettersGameSeedv
<LI><a href="#[24]">&gt;&gt;</a>&nbsp;&nbsp;&nbsp;drawGame_ardubullets()
</UL>
<BR>[Address Reference Count : 1]<UL><LI> ardubullets_title.o(.text._ZL12drawSettingsv)
</UL>
<P><STRONG><a name="[4d]"></a>MyArduboy2::printEx(short, short, unsigned short)</STRONG> (Thumb, 0 bytes, Stack size 0 bytes, syscall.sym(ABSOLUTE))
<BR><BR>[Called By]<UL><LI><a href="#[1]">&gt;&gt;</a>&nbsp;&nbsp;&nbsp;_ZL12drawSettingsv
</UL>

<P><STRONG><a name="[33]"></a>MyArduboy2::fillRect(short, short, unsigned char, signed char, unsigned char)</STRONG> (Thumb, 0 bytes, Stack size 0 bytes, syscall.sym(ABSOLUTE))
<BR><BR>[Called By]<UL><LI><a href="#[3]">&gt;&gt;</a>&nbsp;&nbsp;&nbsp;_ZL13drawCodeEntryv
<LI><a href="#[36]">&gt;&gt;</a>&nbsp;&nbsp;&nbsp;_ZL19drawLettersGameSeedv
<LI><a href="#[24]">&gt;&gt;</a>&nbsp;&nbsp;&nbsp;drawGame_ardubullets()
</UL>

<P><STRONG><a name="[57]"></a>MyArduboy2::playTone(unsigned short, unsigned short, unsigned char, unsigned char)</STRONG> (Thumb, 0 bytes, Stack size 0 bytes, syscall.sym(ABSOLUTE))
<BR><BR>[Called By]<UL><LI><a href="#[41]">&gt;&gt;</a>&nbsp;&nbsp;&nbsp;_ZL13updateEnemiesv
</UL>

<P><STRONG><a name="[58]"></a>MyArduboy2::drawPixel(short, short)</STRONG> (Thumb, 0 bytes, Stack size 0 bytes, syscall.sym(ABSOLUTE))
<BR><BR>[Called By]<UL><LI><a href="#[15]">&gt;&gt;</a>&nbsp;&nbsp;&nbsp;_ZL14drawBackgroundv
</UL>

<P><STRONG><a name="[38]"></a>MyArduboy2::initAudio(unsigned char)</STRONG> (Thumb, 0 bytes, Stack size 0 bytes, syscall.sym(ABSOLUTE))
<BR><BR>[Called By]<UL><LI><a href="#[1f]">&gt;&gt;</a>&nbsp;&nbsp;&nbsp;initTitle_ardubullets()
</UL>

<P><STRONG><a name="[60]"></a>MyArduboy2::nextFrame()</STRONG> (Thumb, 0 bytes, Stack size 0 bytes, syscall.sym(ABSOLUTE))
<BR><BR>[Called By]<UL><LI><a href="#[5f]">&gt;&gt;</a>&nbsp;&nbsp;&nbsp;ardubullets_loop
</UL>

<P><STRONG><a name="[37]"></a>MyArduboy2::playScore(const unsigned char*, unsigned char, signed char)</STRONG> (Thumb, 0 bytes, Stack size 0 bytes, syscall.sym(ABSOLUTE))
<BR><BR>[Called By]<UL><LI><a href="#[41]">&gt;&gt;</a>&nbsp;&nbsp;&nbsp;_ZL13updateEnemiesv
<LI><a href="#[5]">&gt;&gt;</a>&nbsp;&nbsp;&nbsp;_ZL13handlePlayingv
<LI><a href="#[22]">&gt;&gt;</a>&nbsp;&nbsp;&nbsp;initGame_ardubullets()
</UL>

<P><STRONG><a name="[28]"></a>MyArduboy2::setCursor(short, short)</STRONG> (Thumb, 0 bytes, Stack size 0 bytes, syscall.sym(ABSOLUTE))
<BR><BR>[Called By]<UL><LI><a href="#[27]">&gt;&gt;</a>&nbsp;&nbsp;&nbsp;printGameSeed(short, short, unsigned)
</UL>

<P><STRONG><a name="[69]"></a>beginAnimation_OPEN</STRONG> (Thumb, 0 bytes, Stack size 0 bytes, syscall.sym(ABSOLUTE))
<BR><BR>[Called By]<UL><LI><a href="#[26]">&gt;&gt;</a>&nbsp;&nbsp;&nbsp;ardubullets_start
</UL>

<P><STRONG><a name="[67]"></a>buttons_setFuncs_onLongPress</STRONG> (Thumb, 0 bytes, Stack size 0 bytes, syscall.sym(ABSOLUTE))
<BR><BR>[Called By]<UL><LI><a href="#[26]">&gt;&gt;</a>&nbsp;&nbsp;&nbsp;ardubullets_start
</UL>

<P><STRONG><a name="[66]"></a>display_setDrawFunc</STRONG> (Thumb, 0 bytes, Stack size 0 bytes, syscall.sym(ABSOLUTE))
<BR><BR>[Called By]<UL><LI><a href="#[26]">&gt;&gt;</a>&nbsp;&nbsp;&nbsp;ardubullets_start
</UL>

<P><STRONG><a name="[68]"></a>getArduboyGames_openDir</STRONG> (Thumb, 0 bytes, Stack size 0 bytes, syscall.sym(ABSOLUTE))
<BR><BR>[Called By]<UL><LI><a href="#[26]">&gt;&gt;</a>&nbsp;&nbsp;&nbsp;ardubullets_start
</UL>

<P><STRONG><a name="[1a]"></a>onExitGame</STRONG> (Thumb, 0 bytes, Stack size 0 bytes, syscall.sym(ABSOLUTE), UNUSED)
<BR>[Address Reference Count : 1]<UL><LI> ardubullets_title.o(.text._ZL5onTopv)
</UL>
<P><STRONG><a name="[25]"></a>my_main</STRONG> (Thumb, 10 bytes, Stack size 0 bytes, main.o(.text.my_main))
<BR><BR>[Calls]<UL><LI><a href="#[26]">&gt;&gt;</a>&nbsp;&nbsp;&nbsp;ardubullets_start
</UL>

<P><STRONG><a name="[27]"></a>printGameSeed(short, short, unsigned)</STRONG> (Thumb, 64 bytes, Stack size 0 bytes, ardubullets_common.o(.text._Z13printGameSeedssj))
<BR><BR>[Calls]<UL><LI><a href="#[28]">&gt;&gt;</a>&nbsp;&nbsp;&nbsp;MyArduboy2::setCursor(short, short)
<LI><a href="#[29]">&gt;&gt;</a>&nbsp;&nbsp;&nbsp;MyArduboy2::print(char)
</UL>
<BR>[Called By]<UL><LI><a href="#[0]">&gt;&gt;</a>&nbsp;&nbsp;&nbsp;_ZL7drawTopv
<LI><a href="#[3]">&gt;&gt;</a>&nbsp;&nbsp;&nbsp;_ZL13drawCodeEntryv
<LI><a href="#[36]">&gt;&gt;</a>&nbsp;&nbsp;&nbsp;_ZL19drawLettersGameSeedv
</UL>

<P><STRONG><a name="[2a]"></a>drawButtonIcon(short, short, bool)</STRONG> (Thumb, 52 bytes, Stack size 0 bytes, ardubullets_common.o(.text._Z14drawButtonIconssb))
<BR><BR>[Calls]<UL><LI><a href="#[2b]">&gt;&gt;</a>&nbsp;&nbsp;&nbsp;MyArduboy2::getTextColor()
<LI><a href="#[2c]">&gt;&gt;</a>&nbsp;&nbsp;&nbsp;MyArduboy2::drawBitmap(unsigned char, unsigned char, const unsigned char*, unsigned char, unsigned char, char)
</UL>
<BR>[Called By]<UL><LI><a href="#[3]">&gt;&gt;</a>&nbsp;&nbsp;&nbsp;_ZL13drawCodeEntryv
<LI><a href="#[24]">&gt;&gt;</a>&nbsp;&nbsp;&nbsp;drawGame_ardubullets()
</UL>

<P><STRONG><a name="[24]"></a>drawGame_ardubullets()</STRONG> (Thumb, 912 bytes, Stack size 0 bytes, ardubullets_game.o(.text._Z20drawGame_ardubulletsv))
<BR><BR>[Calls]<UL><LI><a href="#[33]">&gt;&gt;</a>&nbsp;&nbsp;&nbsp;MyArduboy2::fillRect(short, short, unsigned char, signed char, unsigned char)
<LI><a href="#[f]">&gt;&gt;</a>&nbsp;&nbsp;&nbsp;MyArduboy2::printEx(short, short, const char*)
<LI><a href="#[2e]">&gt;&gt;</a>&nbsp;&nbsp;&nbsp;MyArduboy2::clear()
<LI><a href="#[30]">&gt;&gt;</a>&nbsp;&nbsp;&nbsp;MyArduboy2::drawFastHLine(short, short, unsigned char, unsigned char)
<LI><a href="#[2f]">&gt;&gt;</a>&nbsp;&nbsp;&nbsp;MyArduboy2::drawBitmap(unsigned char, unsigned char, const unsigned char*, unsigned char, unsigned char)
<LI><a href="#[35]">&gt;&gt;</a>&nbsp;&nbsp;&nbsp;drawTime(short, short, unsigned)
<LI><a href="#[2d]">&gt;&gt;</a>&nbsp;&nbsp;&nbsp;drawMenuItems(bool)
<LI><a href="#[36]">&gt;&gt;</a>&nbsp;&nbsp;&nbsp;_ZL19drawLettersGameSeedv
<LI><a href="#[34]">&gt;&gt;</a>&nbsp;&nbsp;&nbsp;_ZL19drawLettersBigLabelssPKhhh
<LI><a href="#[31]">&gt;&gt;</a>&nbsp;&nbsp;&nbsp;_ZL15getBulletCoordsP8BULLET_T
<LI><a href="#[32]">&gt;&gt;</a>&nbsp;&nbsp;&nbsp;_ZL14getEnemyCoordsP7GROUP_TP7ENEMY_Tt
<LI><a href="#[15]">&gt;&gt;</a>&nbsp;&nbsp;&nbsp;_ZL14drawBackgroundv
<LI><a href="#[2a]">&gt;&gt;</a>&nbsp;&nbsp;&nbsp;drawButtonIcon(short, short, bool)
</UL>
<BR>[Address Reference Count : 1]<UL><LI> ardubullets.o(.rodata._ZL11moduleTable)
</UL>
<P><STRONG><a name="[22]"></a>initGame_ardubullets()</STRONG> (Thumb, 168 bytes, Stack size 0 bytes, ardubullets_game.o(.text._Z20initGame_ardubulletsv))
<BR><BR>[Calls]<UL><LI><a href="#[37]">&gt;&gt;</a>&nbsp;&nbsp;&nbsp;MyArduboy2::playScore(const unsigned char*, unsigned char, signed char)
</UL>
<BR>[Called By]<UL><LI><a href="#[12]">&gt;&gt;</a>&nbsp;&nbsp;&nbsp;_ZL7onRetryv
<LI><a href="#[6]">&gt;&gt;</a>&nbsp;&nbsp;&nbsp;_ZL10handleOverv
</UL>
<BR>[Address Reference Count : 1]<UL><LI> ardubullets.o(.rodata._ZL11moduleTable)
</UL>
<P><STRONG><a name="[21]"></a>drawTitle_ardubullets()</STRONG> (Thumb, 72 bytes, Stack size 0 bytes, ardubullets_title.o(.text._Z21drawTitle_ardubulletsv))
<BR><BR>[Calls]<UL><LI><a href="#[2e]">&gt;&gt;</a>&nbsp;&nbsp;&nbsp;MyArduboy2::clear()
</UL>
<BR>[Address Reference Count : 1]<UL><LI> ardubullets.o(.rodata._ZL11moduleTable)
</UL>
<P><STRONG><a name="[1f]"></a>initTitle_ardubullets()</STRONG> (Thumb, 28 bytes, Stack size 0 bytes, ardubullets_title.o(.text._Z21initTitle_ardubulletsv))
<BR><BR>[Calls]<UL><LI><a href="#[38]">&gt;&gt;</a>&nbsp;&nbsp;&nbsp;MyArduboy2::initAudio(unsigned char)
<LI><a href="#[e]">&gt;&gt;</a>&nbsp;&nbsp;&nbsp;_ZL5onTopv
<LI><a href="#[39]">&gt;&gt;</a>&nbsp;&nbsp;&nbsp;readRecord_ardubullets()
</UL>
<BR>[Address Reference Count : 1]<UL><LI> ardubullets.o(.rodata._ZL11moduleTable)
</UL>
<P><STRONG><a name="[39]"></a>readRecord_ardubullets()</STRONG> (Thumb, 40 bytes, Stack size 0 bytes, ardubullets_common.o(.text._Z22readRecord_ardubulletsv))
<BR><BR>[Calls]<UL><LI><a href="#[3a]">&gt;&gt;</a>&nbsp;&nbsp;&nbsp;MyArduboy2::isAudioEnabled()
<LI><a href="#[3b]">&gt;&gt;</a>&nbsp;&nbsp;&nbsp;setSound(bool)
</UL>
<BR>[Called By]<UL><LI><a href="#[1f]">&gt;&gt;</a>&nbsp;&nbsp;&nbsp;initTitle_ardubullets()
</UL>

<P><STRONG><a name="[23]"></a>updateGame_ardubullets()</STRONG> (Thumb, 80 bytes, Stack size 0 bytes, ardubullets_game.o(.text._Z22updateGame_ardubulletsv))
<BR><BR>[Calls]<UL><LI><a href="#[7]">&gt;&gt;</a>&nbsp;&nbsp;&nbsp;handleMenu()
<LI><a href="#[3c]">&gt;&gt;</a>&nbsp;&nbsp;&nbsp;handleDPad()
</UL>
<BR>[Address Reference Count : 1]<UL><LI> ardubullets.o(.rodata._ZL11moduleTable)
</UL>
<P><STRONG><a name="[20]"></a>updateTitle_ardubullets()</STRONG> (Thumb, 88 bytes, Stack size 0 bytes, ardubullets_title.o(.text._Z23updateTitle_ardubulletsv))
<BR><BR>[Calls]<UL><LI><a href="#[3d]">&gt;&gt;</a>&nbsp;&nbsp;&nbsp;rand
<LI><a href="#[3c]">&gt;&gt;</a>&nbsp;&nbsp;&nbsp;handleDPad()
</UL>
<BR>[Address Reference Count : 1]<UL><LI> ardubullets.o(.rodata._ZL11moduleTable)
</UL>
<P><STRONG><a name="[49]"></a>writeRecord_ardubullets()</STRONG> (Thumb, 2 bytes, Stack size 0 bytes, ardubullets_common.o(.text._Z23writeRecord_ardubulletsv))
<BR><BR>[Called By]<UL><LI><a href="#[11]">&gt;&gt;</a>&nbsp;&nbsp;&nbsp;_ZL6onQuitv
<LI><a href="#[5]">&gt;&gt;</a>&nbsp;&nbsp;&nbsp;_ZL13handlePlayingv
<LI><a href="#[4]">&gt;&gt;</a>&nbsp;&nbsp;&nbsp;_ZL11handleStartv
</UL>

<P><STRONG><a name="[1b]"></a>ardubullets_draw</STRONG> (Thumb, 10 bytes, Stack size 0 bytes, main.o(.text.ardubullets_draw))
<BR><BR>[Calls]<UL><LI><a href="#[5f]">&gt;&gt;</a>&nbsp;&nbsp;&nbsp;ardubullets_loop
</UL>
<BR>[Address Reference Count : 1]<UL><LI> main.o(.text.ardubullets_start)
</UL>
<P><STRONG><a name="[5f]"></a>ardubullets_loop</STRONG> (Thumb, 80 bytes, Stack size 0 bytes, ardubullets.o(.text.ardubullets_loop))
<BR><BR>[Calls]<UL><LI><a href="#[60]">&gt;&gt;</a>&nbsp;&nbsp;&nbsp;MyArduboy2::nextFrame()
<LI><a href="#[61]">&gt;&gt;</a>&nbsp;&nbsp;&nbsp;MyArduboy2::display()
</UL>
<BR>[Called By]<UL><LI><a href="#[1b]">&gt;&gt;</a>&nbsp;&nbsp;&nbsp;ardubullets_draw
</UL>

<P><STRONG><a name="[62]"></a>ardubullets_setup</STRONG> (Thumb, 60 bytes, Stack size 0 bytes, ardubullets.o(.text.ardubullets_setup))
<BR><BR>[Calls]<UL><LI><a href="#[65]">&gt;&gt;</a>&nbsp;&nbsp;&nbsp;MyArduboy2::setTextColors(unsigned char, unsigned char)
<LI><a href="#[64]">&gt;&gt;</a>&nbsp;&nbsp;&nbsp;MyArduboy2::setFrameRate(unsigned char)
<LI><a href="#[50]">&gt;&gt;</a>&nbsp;&nbsp;&nbsp;MyArduboy2::setTextSize(unsigned char)
<LI><a href="#[63]">&gt;&gt;</a>&nbsp;&nbsp;&nbsp;MyArduboy2::beginNoLogo()
<LI><a href="#[1c]">&gt;&gt;</a>&nbsp;&nbsp;&nbsp;initLogo()
</UL>
<BR>[Called By]<UL><LI><a href="#[26]">&gt;&gt;</a>&nbsp;&nbsp;&nbsp;ardubullets_start
</UL>

<P><STRONG><a name="[26]"></a>ardubullets_start</STRONG> (Thumb, 48 bytes, Stack size 0 bytes, main.o(.text.ardubullets_start))
<BR><BR>[Calls]<UL><LI><a href="#[68]">&gt;&gt;</a>&nbsp;&nbsp;&nbsp;getArduboyGames_openDir
<LI><a href="#[66]">&gt;&gt;</a>&nbsp;&nbsp;&nbsp;display_setDrawFunc
<LI><a href="#[67]">&gt;&gt;</a>&nbsp;&nbsp;&nbsp;buttons_setFuncs_onLongPress
<LI><a href="#[69]">&gt;&gt;</a>&nbsp;&nbsp;&nbsp;beginAnimation_OPEN
<LI><a href="#[62]">&gt;&gt;</a>&nbsp;&nbsp;&nbsp;ardubullets_setup
</UL>
<BR>[Called By]<UL><LI><a href="#[25]">&gt;&gt;</a>&nbsp;&nbsp;&nbsp;my_main
</UL>

<P><STRONG><a name="[6a]"></a>__ARM_fpclassifyf</STRONG> (Thumb, 38 bytes, Stack size 0 bytes, fpclassifyf.o(i.__ARM_fpclassifyf))
<BR><BR>[Called By]<UL><LI><a href="#[54]">&gt;&gt;</a>&nbsp;&nbsp;&nbsp;__hardfp_atan2f
</UL>

<P><STRONG><a name="[54]"></a>__hardfp_atan2f</STRONG> (Thumb, 594 bytes, Stack size 0 bytes, atan2f.o(i.__hardfp_atan2f))
<BR><BR>[Calls]<UL><LI><a href="#[6c]">&gt;&gt;</a>&nbsp;&nbsp;&nbsp;__set_errno
<LI><a href="#[6b]">&gt;&gt;</a>&nbsp;&nbsp;&nbsp;__mathlib_flt_underflow
<LI><a href="#[6d]">&gt;&gt;</a>&nbsp;&nbsp;&nbsp;__mathlib_flt_infnan2
<LI><a href="#[6a]">&gt;&gt;</a>&nbsp;&nbsp;&nbsp;__ARM_fpclassifyf
</UL>
<BR>[Called By]<UL><LI><a href="#[41]">&gt;&gt;</a>&nbsp;&nbsp;&nbsp;_ZL13updateEnemiesv
</UL>

<P><STRONG><a name="[53]"></a>__hardfp_sqrtf</STRONG> (Thumb, 58 bytes, Stack size 0 bytes, sqrtf.o(i.__hardfp_sqrtf))
<BR><BR>[Calls]<UL><LI><a href="#[6c]">&gt;&gt;</a>&nbsp;&nbsp;&nbsp;__set_errno
</UL>
<BR>[Called By]<UL><LI><a href="#[41]">&gt;&gt;</a>&nbsp;&nbsp;&nbsp;_ZL13updateEnemiesv
</UL>

<P><STRONG><a name="[6d]"></a>__mathlib_flt_infnan2</STRONG> (Thumb, 6 bytes, Stack size 0 bytes, funder.o(i.__mathlib_flt_infnan2))
<BR><BR>[Called By]<UL><LI><a href="#[54]">&gt;&gt;</a>&nbsp;&nbsp;&nbsp;__hardfp_atan2f
</UL>

<P><STRONG><a name="[6b]"></a>__mathlib_flt_underflow</STRONG> (Thumb, 10 bytes, Stack size 0 bytes, funder.o(i.__mathlib_flt_underflow))
<BR><BR>[Called By]<UL><LI><a href="#[54]">&gt;&gt;</a>&nbsp;&nbsp;&nbsp;__hardfp_atan2f
</UL>
<P>
<H3>
Local Symbols
</H3>
<P><STRONG><a name="[6]"></a>_ZL10handleOverv</STRONG> (Thumb, 120 bytes, Stack size 0 bytes, ardubullets_game.o(.text._ZL10handleOverv))
<BR><BR>[Calls]<UL><LI><a href="#[42]">&gt;&gt;</a>&nbsp;&nbsp;&nbsp;MyArduboy2::buttonDown(unsigned char)
<LI><a href="#[11]">&gt;&gt;</a>&nbsp;&nbsp;&nbsp;_ZL6onQuitv
<LI><a href="#[41]">&gt;&gt;</a>&nbsp;&nbsp;&nbsp;_ZL13updateEnemiesv
<LI><a href="#[40]">&gt;&gt;</a>&nbsp;&nbsp;&nbsp;_ZL13updateBulletsv
<LI><a href="#[43]">&gt;&gt;</a>&nbsp;&nbsp;&nbsp;_ZL12openGameMenuv
<LI><a href="#[3f]">&gt;&gt;</a>&nbsp;&nbsp;&nbsp;_ZL11updateShotsv
<LI><a href="#[22]">&gt;&gt;</a>&nbsp;&nbsp;&nbsp;initGame_ardubullets()
</UL>
<BR>[Address Reference Count : 1]<UL><LI> ardubullets_game.o(.text._Z22updateGame_ardubulletsv)
</UL>
<P><STRONG><a name="[10]"></a>_ZL10onContinuev</STRONG> (Thumb, 20 bytes, Stack size 0 bytes, ardubullets_game.o(.text._ZL10onContinuev))
<BR><BR>[Calls]<UL><LI><a href="#[44]">&gt;&gt;</a>&nbsp;&nbsp;&nbsp;playSoundClick()
</UL>
<BR>[Address Reference Count : 2]<UL><LI> ardubullets_game.o(.text._ZL12openGameMenuv)
<LI> ardubullets_game.o(.text._ZL13onConfirmQuitv)
</UL>
<P><STRONG><a name="[4]"></a>_ZL11handleStartv</STRONG> (Thumb, 92 bytes, Stack size 0 bytes, ardubullets_game.o(.text._ZL11handleStartv))
<BR><BR>[Calls]<UL><LI><a href="#[42]">&gt;&gt;</a>&nbsp;&nbsp;&nbsp;MyArduboy2::buttonDown(unsigned char)
<LI><a href="#[48]">&gt;&gt;</a>&nbsp;&nbsp;&nbsp;_ZL12updatePlayerv
<LI><a href="#[43]">&gt;&gt;</a>&nbsp;&nbsp;&nbsp;_ZL12openGameMenuv
<LI><a href="#[3f]">&gt;&gt;</a>&nbsp;&nbsp;&nbsp;_ZL11updateShotsv
<LI><a href="#[49]">&gt;&gt;</a>&nbsp;&nbsp;&nbsp;writeRecord_ardubullets()
</UL>
<BR>[Address Reference Count : 1]<UL><LI> ardubullets_game.o(.text._Z22updateGame_ardubulletsv)
</UL>
<P><STRONG><a name="[3f]"></a>_ZL11updateShotsv</STRONG> (Thumb, 32 bytes, Stack size 0 bytes, ardubullets_game.o(.text._ZL11updateShotsv))
<BR><BR>[Called By]<UL><LI><a href="#[5]">&gt;&gt;</a>&nbsp;&nbsp;&nbsp;_ZL13handlePlayingv
<LI><a href="#[4]">&gt;&gt;</a>&nbsp;&nbsp;&nbsp;_ZL11handleStartv
<LI><a href="#[6]">&gt;&gt;</a>&nbsp;&nbsp;&nbsp;_ZL10handleOverv
</UL>

<P><STRONG><a name="[43]"></a>_ZL12openGameMenuv</STRONG> (Thumb, 176 bytes, Stack size 0 bytes, ardubullets_game.o(.text._ZL12openGameMenuv))
<BR><BR>[Calls]<UL><LI><a href="#[4e]">&gt;&gt;</a>&nbsp;&nbsp;&nbsp;getMenuItemCount()
<LI><a href="#[46]">&gt;&gt;</a>&nbsp;&nbsp;&nbsp;setMenuItemPos(signed char)
<LI><a href="#[44]">&gt;&gt;</a>&nbsp;&nbsp;&nbsp;playSoundClick()
<LI><a href="#[45]">&gt;&gt;</a>&nbsp;&nbsp;&nbsp;clearMenuItems()
<LI><a href="#[47]">&gt;&gt;</a>&nbsp;&nbsp;&nbsp;setMenuCoords(signed char, signed char, signed char, signed char, bool, bool)
<LI><a href="#[c]">&gt;&gt;</a>&nbsp;&nbsp;&nbsp;addMenuItem(const char*, void(*)())
</UL>
<BR>[Called By]<UL><LI><a href="#[5]">&gt;&gt;</a>&nbsp;&nbsp;&nbsp;_ZL13handlePlayingv
<LI><a href="#[4]">&gt;&gt;</a>&nbsp;&nbsp;&nbsp;_ZL11handleStartv
<LI><a href="#[6]">&gt;&gt;</a>&nbsp;&nbsp;&nbsp;_ZL10handleOverv
</UL>

<P><STRONG><a name="[48]"></a>_ZL12updatePlayerv</STRONG> (Thumb, 220 bytes, Stack size 0 bytes, ardubullets_game.o(.text._ZL12updatePlayerv))
<BR><BR>[Called By]<UL><LI><a href="#[5]">&gt;&gt;</a>&nbsp;&nbsp;&nbsp;_ZL13handlePlayingv
<LI><a href="#[4]">&gt;&gt;</a>&nbsp;&nbsp;&nbsp;_ZL11handleStartv
</UL>

<P><STRONG><a name="[5]"></a>_ZL13handlePlayingv</STRONG> (Thumb, 172 bytes, Stack size 0 bytes, ardubullets_game.o(.text._ZL13handlePlayingv))
<BR><BR>[Calls]<UL><LI><a href="#[37]">&gt;&gt;</a>&nbsp;&nbsp;&nbsp;MyArduboy2::playScore(const unsigned char*, unsigned char, signed char)
<LI><a href="#[42]">&gt;&gt;</a>&nbsp;&nbsp;&nbsp;MyArduboy2::buttonDown(unsigned char)
<LI><a href="#[41]">&gt;&gt;</a>&nbsp;&nbsp;&nbsp;_ZL13updateEnemiesv
<LI><a href="#[40]">&gt;&gt;</a>&nbsp;&nbsp;&nbsp;_ZL13updateBulletsv
<LI><a href="#[48]">&gt;&gt;</a>&nbsp;&nbsp;&nbsp;_ZL12updatePlayerv
<LI><a href="#[43]">&gt;&gt;</a>&nbsp;&nbsp;&nbsp;_ZL12openGameMenuv
<LI><a href="#[3f]">&gt;&gt;</a>&nbsp;&nbsp;&nbsp;_ZL11updateShotsv
<LI><a href="#[49]">&gt;&gt;</a>&nbsp;&nbsp;&nbsp;writeRecord_ardubullets()
</UL>
<BR>[Address Reference Count : 1]<UL><LI> ardubullets_game.o(.text._Z22updateGame_ardubulletsv)
</UL>
<P><STRONG><a name="[13]"></a>_ZL13onConfirmQuitv</STRONG> (Thumb, 40 bytes, Stack size 0 bytes, ardubullets_game.o(.text._ZL13onConfirmQuitv))
<BR><BR>[Calls]<UL><LI><a href="#[51]">&gt;&gt;</a>&nbsp;&nbsp;&nbsp;setConfirmMenu(signed char, void(*)(), void(*)())
<LI><a href="#[4c]">&gt;&gt;</a>&nbsp;&nbsp;&nbsp;getMenuItemPos()
</UL>
<BR>[Address Reference Count : 1]<UL><LI> ardubullets_game.o(.text._ZL12openGameMenuv)
</UL>
<P><STRONG><a name="[40]"></a>_ZL13updateBulletsv</STRONG> (Thumb, 192 bytes, Stack size 0 bytes, ardubullets_game.o(.text._ZL13updateBulletsv))
<BR><BR>[Calls]<UL><LI><a href="#[52]">&gt;&gt;</a>&nbsp;&nbsp;&nbsp;MyArduboy2::collide(const Point&, const Rect&)
<LI><a href="#[31]">&gt;&gt;</a>&nbsp;&nbsp;&nbsp;_ZL15getBulletCoordsP8BULLET_T
</UL>
<BR>[Called By]<UL><LI><a href="#[5]">&gt;&gt;</a>&nbsp;&nbsp;&nbsp;_ZL13handlePlayingv
<LI><a href="#[6]">&gt;&gt;</a>&nbsp;&nbsp;&nbsp;_ZL10handleOverv
</UL>

<P><STRONG><a name="[41]"></a>_ZL13updateEnemiesv</STRONG> (Thumb, 1880 bytes, Stack size 0 bytes, ardubullets_game.o(.text._ZL13updateEnemiesv))
<BR><BR>[Calls]<UL><LI><a href="#[37]">&gt;&gt;</a>&nbsp;&nbsp;&nbsp;MyArduboy2::playScore(const unsigned char*, unsigned char, signed char)
<LI><a href="#[57]">&gt;&gt;</a>&nbsp;&nbsp;&nbsp;MyArduboy2::playTone(unsigned short, unsigned short, unsigned char, unsigned char)
<LI><a href="#[52]">&gt;&gt;</a>&nbsp;&nbsp;&nbsp;MyArduboy2::collide(const Point&, const Rect&)
<LI><a href="#[56]">&gt;&gt;</a>&nbsp;&nbsp;&nbsp;_ZL17newFanwiseBulletsssaaha
<LI><a href="#[55]">&gt;&gt;</a>&nbsp;&nbsp;&nbsp;_ZL16newNeedleBulletsssaah
<LI><a href="#[32]">&gt;&gt;</a>&nbsp;&nbsp;&nbsp;_ZL14getEnemyCoordsP7GROUP_TP7ENEMY_Tt
<LI><a href="#[53]">&gt;&gt;</a>&nbsp;&nbsp;&nbsp;__hardfp_sqrtf
<LI><a href="#[54]">&gt;&gt;</a>&nbsp;&nbsp;&nbsp;__hardfp_atan2f
</UL>
<BR>[Called By]<UL><LI><a href="#[5]">&gt;&gt;</a>&nbsp;&nbsp;&nbsp;_ZL13handlePlayingv
<LI><a href="#[6]">&gt;&gt;</a>&nbsp;&nbsp;&nbsp;_ZL10handleOverv
</UL>

<P><STRONG><a name="[15]"></a>_ZL14drawBackgroundv</STRONG> (Thumb, 228 bytes, Stack size 0 bytes, ardubullets_game.o(.text._ZL14drawBackgroundv))
<BR><BR>[Calls]<UL><LI><a href="#[58]">&gt;&gt;</a>&nbsp;&nbsp;&nbsp;MyArduboy2::drawPixel(short, short)
<LI><a href="#[59]">&gt;&gt;</a>&nbsp;&nbsp;&nbsp;MyArduboy2::drawFastVLine(short, short, signed char, unsigned char)
<LI><a href="#[30]">&gt;&gt;</a>&nbsp;&nbsp;&nbsp;MyArduboy2::drawFastHLine(short, short, unsigned char, unsigned char)
</UL>
<BR>[Called By]<UL><LI><a href="#[24]">&gt;&gt;</a>&nbsp;&nbsp;&nbsp;drawGame_ardubullets()
</UL>
<BR>[Address Reference Count : 1]<UL><LI> ardubullets_game.o(.text._ZL14drawBackgroundv)
</UL>
<P><STRONG><a name="[32]"></a>_ZL14getEnemyCoordsP7GROUP_TP7ENEMY_Tt</STRONG> (Thumb, 112 bytes, Stack size 0 bytes, ardubullets_game.o(.text._ZL14getEnemyCoordsP7GROUP_TP7ENEMY_Tt))
<BR><BR>[Calls]<UL><LI><a href="#[5a]">&gt;&gt;</a>&nbsp;&nbsp;&nbsp;_ZL5mySinas
</UL>
<BR>[Called By]<UL><LI><a href="#[41]">&gt;&gt;</a>&nbsp;&nbsp;&nbsp;_ZL13updateEnemiesv
<LI><a href="#[24]">&gt;&gt;</a>&nbsp;&nbsp;&nbsp;drawGame_ardubullets()
</UL>

<P><STRONG><a name="[31]"></a>_ZL15getBulletCoordsP8BULLET_T</STRONG> (Thumb, 78 bytes, Stack size 0 bytes, ardubullets_game.o(.text._ZL15getBulletCoordsP8BULLET_T))
<BR><BR>[Calls]<UL><LI><a href="#[5a]">&gt;&gt;</a>&nbsp;&nbsp;&nbsp;_ZL5mySinas
</UL>
<BR>[Called By]<UL><LI><a href="#[40]">&gt;&gt;</a>&nbsp;&nbsp;&nbsp;_ZL13updateBulletsv
<LI><a href="#[24]">&gt;&gt;</a>&nbsp;&nbsp;&nbsp;drawGame_ardubullets()
</UL>

<P><STRONG><a name="[55]"></a>_ZL16newNeedleBulletsssaah</STRONG> (Thumb, 52 bytes, Stack size 0 bytes, ardubullets_game.o(.text._ZL16newNeedleBulletsssaah))
<BR><BR>[Calls]<UL><LI><a href="#[5c]">&gt;&gt;</a>&nbsp;&nbsp;&nbsp;_ZL9newBulletssaa
</UL>
<BR>[Called By]<UL><LI><a href="#[41]">&gt;&gt;</a>&nbsp;&nbsp;&nbsp;_ZL13updateEnemiesv
</UL>

<P><STRONG><a name="[56]"></a>_ZL17newFanwiseBulletsssaaha</STRONG> (Thumb, 60 bytes, Stack size 0 bytes, ardubullets_game.o(.text._ZL17newFanwiseBulletsssaaha))
<BR><BR>[Calls]<UL><LI><a href="#[5c]">&gt;&gt;</a>&nbsp;&nbsp;&nbsp;_ZL9newBulletssaa
</UL>
<BR>[Called By]<UL><LI><a href="#[41]">&gt;&gt;</a>&nbsp;&nbsp;&nbsp;_ZL13updateEnemiesv
</UL>

<P><STRONG><a name="[34]"></a>_ZL19drawLettersBigLabelssPKhhh</STRONG> (Thumb, 116 bytes, Stack size 0 bytes, ardubullets_game.o(.text._ZL19drawLettersBigLabelssPKhhh))
<BR><BR>[Calls]<UL><LI><a href="#[2f]">&gt;&gt;</a>&nbsp;&nbsp;&nbsp;MyArduboy2::drawBitmap(unsigned char, unsigned char, const unsigned char*, unsigned char, unsigned char)
<LI><a href="#[2c]">&gt;&gt;</a>&nbsp;&nbsp;&nbsp;MyArduboy2::drawBitmap(unsigned char, unsigned char, const unsigned char*, unsigned char, unsigned char, char)
</UL>
<BR>[Called By]<UL><LI><a href="#[24]">&gt;&gt;</a>&nbsp;&nbsp;&nbsp;drawGame_ardubullets()
</UL>

<P><STRONG><a name="[36]"></a>_ZL19drawLettersGameSeedv</STRONG> (Thumb, 116 bytes, Stack size 0 bytes, ardubullets_game.o(.text._ZL19drawLettersGameSeedv))
<BR><BR>[Calls]<UL><LI><a href="#[33]">&gt;&gt;</a>&nbsp;&nbsp;&nbsp;MyArduboy2::fillRect(short, short, unsigned char, signed char, unsigned char)
<LI><a href="#[f]">&gt;&gt;</a>&nbsp;&nbsp;&nbsp;MyArduboy2::printEx(short, short, const char*)
<LI><a href="#[5d]">&gt;&gt;</a>&nbsp;&nbsp;&nbsp;MyArduboy2::print(unsigned char)
<LI><a href="#[29]">&gt;&gt;</a>&nbsp;&nbsp;&nbsp;MyArduboy2::print(char)
<LI><a href="#[27]">&gt;&gt;</a>&nbsp;&nbsp;&nbsp;printGameSeed(short, short, unsigned)
</UL>
<BR>[Called By]<UL><LI><a href="#[24]">&gt;&gt;</a>&nbsp;&nbsp;&nbsp;drawGame_ardubullets()
</UL>

<P><STRONG><a name="[5a]"></a>_ZL5mySinas</STRONG> (Thumb, 40 bytes, Stack size 0 bytes, ardubullets_game.o(.text._ZL5mySinas))
<BR><BR>[Called By]<UL><LI><a href="#[31]">&gt;&gt;</a>&nbsp;&nbsp;&nbsp;_ZL15getBulletCoordsP8BULLET_T
<LI><a href="#[32]">&gt;&gt;</a>&nbsp;&nbsp;&nbsp;_ZL14getEnemyCoordsP7GROUP_TP7ENEMY_Tt
</UL>

<P><STRONG><a name="[11]"></a>_ZL6onQuitv</STRONG> (Thumb, 24 bytes, Stack size 0 bytes, ardubullets_game.o(.text._ZL6onQuitv))
<BR><BR>[Calls]<UL><LI><a href="#[44]">&gt;&gt;</a>&nbsp;&nbsp;&nbsp;playSoundClick()
<LI><a href="#[49]">&gt;&gt;</a>&nbsp;&nbsp;&nbsp;writeRecord_ardubullets()
</UL>
<BR>[Called By]<UL><LI><a href="#[6]">&gt;&gt;</a>&nbsp;&nbsp;&nbsp;_ZL10handleOverv
</UL>
<BR>[Address Reference Count : 2]<UL><LI> ardubullets_game.o(.text._ZL12openGameMenuv)
<LI> ardubullets_game.o(.text._ZL13onConfirmQuitv)
</UL>
<P><STRONG><a name="[12]"></a>_ZL7onRetryv</STRONG> (Thumb, 4 bytes, Stack size 0 bytes, ardubullets_game.o(.text._ZL7onRetryv))
<BR><BR>[Calls]<UL><LI><a href="#[22]">&gt;&gt;</a>&nbsp;&nbsp;&nbsp;initGame_ardubullets()
</UL>
<BR>[Address Reference Count : 1]<UL><LI> ardubullets_game.o(.text._ZL12openGameMenuv)
</UL>
<P><STRONG><a name="[5c]"></a>_ZL9newBulletssaa</STRONG> (Thumb, 104 bytes, Stack size 0 bytes, ardubullets_game.o(.text._ZL9newBulletssaa))
<BR><BR>[Called By]<UL><LI><a href="#[56]">&gt;&gt;</a>&nbsp;&nbsp;&nbsp;_ZL17newFanwiseBulletsssaaha
<LI><a href="#[55]">&gt;&gt;</a>&nbsp;&nbsp;&nbsp;_ZL16newNeedleBulletsssaah
</UL>

<P><STRONG><a name="[2]"></a>_ZL10drawCreditv</STRONG> (Thumb, 76 bytes, Stack size 0 bytes, ardubullets_title.o(.text._ZL10drawCreditv))
<BR><BR>[Calls]<UL><LI><a href="#[3e]">&gt;&gt;</a>&nbsp;&nbsp;&nbsp;strlen
<LI><a href="#[f]">&gt;&gt;</a>&nbsp;&nbsp;&nbsp;MyArduboy2::printEx(short, short, const char*)
</UL>
<BR>[Address Reference Count : 1]<UL><LI> ardubullets_title.o(.text._Z21drawTitle_ardubulletsv)
</UL>
<P><STRONG><a name="[18]"></a>_ZL10onSettingsv</STRONG> (Thumb, 148 bytes, Stack size 0 bytes, ardubullets_title.o(.text._ZL10onSettingsv))
<BR><BR>[Calls]<UL><LI><a href="#[46]">&gt;&gt;</a>&nbsp;&nbsp;&nbsp;setMenuItemPos(signed char)
<LI><a href="#[44]">&gt;&gt;</a>&nbsp;&nbsp;&nbsp;playSoundClick()
<LI><a href="#[45]">&gt;&gt;</a>&nbsp;&nbsp;&nbsp;clearMenuItems()
<LI><a href="#[47]">&gt;&gt;</a>&nbsp;&nbsp;&nbsp;setMenuCoords(signed char, signed char, signed char, signed char, bool, bool)
</UL>
<BR>[Address Reference Count : 1]<UL><LI> ardubullets_title.o(.text._ZL5onTopv)
</UL>
<P><STRONG><a name="[17]"></a>_ZL11onNewBattlev</STRONG> (Thumb, 96 bytes, Stack size 0 bytes, ardubullets_title.o(.text._ZL11onNewBattlev))
<BR><BR>[Calls]<UL><LI><a href="#[4a]">&gt;&gt;</a>&nbsp;&nbsp;&nbsp;_ZL14randomGameSeedv
<LI><a href="#[44]">&gt;&gt;</a>&nbsp;&nbsp;&nbsp;playSoundClick()
</UL>
<BR>[Address Reference Count : 1]<UL><LI> ardubullets_title.o(.text._ZL5onTopv)
</UL>
<P><STRONG><a name="[1]"></a>_ZL12drawSettingsv</STRONG> (Thumb, 312 bytes, Stack size 0 bytes, ardubullets_title.o(.text._ZL12drawSettingsv))
<BR><BR>[Calls]<UL><LI><a href="#[4d]">&gt;&gt;</a>&nbsp;&nbsp;&nbsp;MyArduboy2::printEx(short, short, unsigned short)
<LI><a href="#[4b]">&gt;&gt;</a>&nbsp;&nbsp;&nbsp;MyArduboy2::print(unsigned short)
<LI><a href="#[f]">&gt;&gt;</a>&nbsp;&nbsp;&nbsp;MyArduboy2::printEx(short, short, const char*)
<LI><a href="#[30]">&gt;&gt;</a>&nbsp;&nbsp;&nbsp;MyArduboy2::drawFastHLine(short, short, unsigned char, unsigned char)
<LI><a href="#[35]">&gt;&gt;</a>&nbsp;&nbsp;&nbsp;drawTime(short, short, unsigned)
<LI><a href="#[4c]">&gt;&gt;</a>&nbsp;&nbsp;&nbsp;getMenuItemPos()
<LI><a href="#[2d]">&gt;&gt;</a>&nbsp;&nbsp;&nbsp;drawMenuItems(bool)
<LI><a href="#[29]">&gt;&gt;</a>&nbsp;&nbsp;&nbsp;MyArduboy2::print(char)
</UL>
<BR>[Address Reference Count : 1]<UL><LI> ardubullets_title.o(.text._Z21drawTitle_ardubulletsv)
</UL>
<P><STRONG><a name="[3]"></a>_ZL13drawCodeEntryv</STRONG> (Thumb, 236 bytes, Stack size 0 bytes, ardubullets_title.o(.text._ZL13drawCodeEntryv))
<BR><BR>[Calls]<UL><LI><a href="#[4f]">&gt;&gt;</a>&nbsp;&nbsp;&nbsp;_ZL13drawTitleLogov
<LI><a href="#[33]">&gt;&gt;</a>&nbsp;&nbsp;&nbsp;MyArduboy2::fillRect(short, short, unsigned char, signed char, unsigned char)
<LI><a href="#[f]">&gt;&gt;</a>&nbsp;&nbsp;&nbsp;MyArduboy2::printEx(short, short, const char*)
<LI><a href="#[2c]">&gt;&gt;</a>&nbsp;&nbsp;&nbsp;MyArduboy2::drawBitmap(unsigned char, unsigned char, const unsigned char*, unsigned char, unsigned char, char)
<LI><a href="#[2a]">&gt;&gt;</a>&nbsp;&nbsp;&nbsp;drawButtonIcon(short, short, bool)
<LI><a href="#[27]">&gt;&gt;</a>&nbsp;&nbsp;&nbsp;printGameSeed(short, short, unsigned)
<LI><a href="#[50]">&gt;&gt;</a>&nbsp;&nbsp;&nbsp;MyArduboy2::setTextSize(unsigned char)
</UL>
<BR>[Address Reference Count : 1]<UL><LI> ardubullets_title.o(.text._Z21drawTitle_ardubulletsv)
</UL>
<P><STRONG><a name="[4f]"></a>_ZL13drawTitleLogov</STRONG> (Thumb, 28 bytes, Stack size 0 bytes, ardubullets_title.o(.text._ZL13drawTitleLogov))
<BR><BR>[Calls]<UL><LI><a href="#[2f]">&gt;&gt;</a>&nbsp;&nbsp;&nbsp;MyArduboy2::drawBitmap(unsigned char, unsigned char, const unsigned char*, unsigned char, unsigned char)
</UL>
<BR>[Called By]<UL><LI><a href="#[0]">&gt;&gt;</a>&nbsp;&nbsp;&nbsp;_ZL7drawTopv
<LI><a href="#[3]">&gt;&gt;</a>&nbsp;&nbsp;&nbsp;_ZL13drawCodeEntryv
</UL>

<P><STRONG><a name="[8]"></a>_ZL14handleSettingsv</STRONG> (Thumb, 120 bytes, Stack size 0 bytes, ardubullets_title.o(.text._ZL14handleSettingsv))
<BR><BR>[Calls]<UL><LI><a href="#[5b]">&gt;&gt;</a>&nbsp;&nbsp;&nbsp;playSoundTick()
<LI><a href="#[d]">&gt;&gt;</a>&nbsp;&nbsp;&nbsp;_ZL16onMenuToggleItemv
<LI><a href="#[42]">&gt;&gt;</a>&nbsp;&nbsp;&nbsp;MyArduboy2::buttonDown(unsigned char)
<LI><a href="#[4c]">&gt;&gt;</a>&nbsp;&nbsp;&nbsp;getMenuItemPos()
<LI><a href="#[7]">&gt;&gt;</a>&nbsp;&nbsp;&nbsp;handleMenu()
</UL>
<BR>[Address Reference Count : 1]<UL><LI> ardubullets_title.o(.text._Z23updateTitle_ardubulletsv)
</UL>
<P><STRONG><a name="[4a]"></a>_ZL14randomGameSeedv</STRONG> (Thumb, 64 bytes, Stack size 0 bytes, ardubullets_title.o(.text._ZL14randomGameSeedv))
<BR><BR>[Called By]<UL><LI><a href="#[17]">&gt;&gt;</a>&nbsp;&nbsp;&nbsp;_ZL11onNewBattlev
</UL>

<P><STRONG><a name="[9]"></a>_ZL15handleAnyButtonv</STRONG> (Thumb, 28 bytes, Stack size 0 bytes, ardubullets_title.o(.text._ZL15handleAnyButtonv))
<BR><BR>[Calls]<UL><LI><a href="#[42]">&gt;&gt;</a>&nbsp;&nbsp;&nbsp;MyArduboy2::buttonDown(unsigned char)
<LI><a href="#[44]">&gt;&gt;</a>&nbsp;&nbsp;&nbsp;playSoundClick()
</UL>
<BR>[Address Reference Count : 1]<UL><LI> ardubullets_title.o(.text._Z23updateTitle_ardubulletsv)
</UL>
<P><STRONG><a name="[a]"></a>_ZL15handleCodeEntryv</STRONG> (Thumb, 192 bytes, Stack size 0 bytes, ardubullets_title.o(.text._ZL15handleCodeEntryv))
<BR><BR>[Calls]<UL><LI><a href="#[5b]">&gt;&gt;</a>&nbsp;&nbsp;&nbsp;playSoundTick()
<LI><a href="#[42]">&gt;&gt;</a>&nbsp;&nbsp;&nbsp;MyArduboy2::buttonDown(unsigned char)
<LI><a href="#[44]">&gt;&gt;</a>&nbsp;&nbsp;&nbsp;playSoundClick()
</UL>
<BR>[Address Reference Count : 1]<UL><LI> ardubullets_title.o(.text._Z23updateTitle_ardubulletsv)
</UL>
<P><STRONG><a name="[b]"></a>_ZL16onMenuDifficultyv</STRONG> (Thumb, 52 bytes, Stack size 0 bytes, ardubullets_title.o(.text._ZL16onMenuDifficultyv))
<BR><BR>[Calls]<UL><LI><a href="#[44]">&gt;&gt;</a>&nbsp;&nbsp;&nbsp;playSoundClick()
</UL>
<BR>[Address Reference Count : 1]<UL><LI> ardubullets_title.o(.text._ZL10onSettingsv)
</UL>
<P><STRONG><a name="[d]"></a>_ZL16onMenuToggleItemv</STRONG> (Thumb, 24 bytes, Stack size 0 bytes, ardubullets_title.o(.text._ZL16onMenuToggleItemv))
<BR><BR>[Calls]<UL><LI><a href="#[44]">&gt;&gt;</a>&nbsp;&nbsp;&nbsp;playSoundClick()
<LI><a href="#[4c]">&gt;&gt;</a>&nbsp;&nbsp;&nbsp;getMenuItemPos()
</UL>
<BR>[Called By]<UL><LI><a href="#[8]">&gt;&gt;</a>&nbsp;&nbsp;&nbsp;_ZL14handleSettingsv
</UL>
<BR>[Address Reference Count : 1]<UL><LI> ardubullets_title.o(.text._ZL10onSettingsv)
</UL>
<P><STRONG><a name="[e]"></a>_ZL5onTopv</STRONG> (Thumb, 204 bytes, Stack size 0 bytes, ardubullets_title.o(.text._ZL5onTopv))
<BR><BR>[Calls]<UL><LI><a href="#[4e]">&gt;&gt;</a>&nbsp;&nbsp;&nbsp;getMenuItemCount()
<LI><a href="#[46]">&gt;&gt;</a>&nbsp;&nbsp;&nbsp;setMenuItemPos(signed char)
<LI><a href="#[44]">&gt;&gt;</a>&nbsp;&nbsp;&nbsp;playSoundClick()
<LI><a href="#[45]">&gt;&gt;</a>&nbsp;&nbsp;&nbsp;clearMenuItems()
<LI><a href="#[47]">&gt;&gt;</a>&nbsp;&nbsp;&nbsp;setMenuCoords(signed char, signed char, signed char, signed char, bool, bool)
<LI><a href="#[c]">&gt;&gt;</a>&nbsp;&nbsp;&nbsp;addMenuItem(const char*, void(*)())
</UL>
<BR>[Called By]<UL><LI><a href="#[1f]">&gt;&gt;</a>&nbsp;&nbsp;&nbsp;initTitle_ardubullets()
</UL>
<BR>[Address Reference Count : 1]<UL><LI> ardubullets_title.o(.text._ZL10onSettingsv)
</UL>
<P><STRONG><a name="[0]"></a>_ZL7drawTopv</STRONG> (Thumb, 216 bytes, Stack size 0 bytes, ardubullets_title.o(.text._ZL7drawTopv))
<BR><BR>[Calls]<UL><LI><a href="#[5e]">&gt;&gt;</a>&nbsp;&nbsp;&nbsp;MyArduboy2::setTextColor(unsigned char)
<LI><a href="#[4f]">&gt;&gt;</a>&nbsp;&nbsp;&nbsp;_ZL13drawTitleLogov
<LI><a href="#[2f]">&gt;&gt;</a>&nbsp;&nbsp;&nbsp;MyArduboy2::drawBitmap(unsigned char, unsigned char, const unsigned char*, unsigned char, unsigned char)
<LI><a href="#[4c]">&gt;&gt;</a>&nbsp;&nbsp;&nbsp;getMenuItemPos()
<LI><a href="#[2d]">&gt;&gt;</a>&nbsp;&nbsp;&nbsp;drawMenuItems(bool)
<LI><a href="#[2c]">&gt;&gt;</a>&nbsp;&nbsp;&nbsp;MyArduboy2::drawBitmap(unsigned char, unsigned char, const unsigned char*, unsigned char, unsigned char, char)
<LI><a href="#[27]">&gt;&gt;</a>&nbsp;&nbsp;&nbsp;printGameSeed(short, short, unsigned)
</UL>
<BR>[Address Reference Count : 1]<UL><LI> ardubullets_title.o(.text._Z21drawTitle_ardubulletsv)
</UL>
<P><STRONG><a name="[16]"></a>_ZL7onStartv</STRONG> (Thumb, 12 bytes, Stack size 0 bytes, ardubullets_title.o(.text._ZL7onStartv))
<BR>[Address Reference Count : 1]<UL><LI> ardubullets_title.o(.text._ZL5onTopv)
</UL>
<P><STRONG><a name="[19]"></a>_ZL8onCreditv</STRONG> (Thumb, 28 bytes, Stack size 0 bytes, ardubullets_title.o(.text._ZL8onCreditv))
<BR><BR>[Calls]<UL><LI><a href="#[44]">&gt;&gt;</a>&nbsp;&nbsp;&nbsp;playSoundClick()
</UL>
<BR>[Address Reference Count : 1]<UL><LI> ardubullets_title.o(.text._ZL5onTopv)
</UL><P>
<H3>
Undefined Global Symbols
</H3><HR></body></html>
