Component: ARM Compiler 6.13.1 Tool: armlink [5d895400]

==============================================================================

Section Cross References

    main.o(.text.my_main) refers to watchface_api.o(.text.systemVariableInit) for systemVariableInit
    main.o(.text.my_main) refers to api_table.o(.text) for display_setDrawFunc
    main.o(.text.my_main) refers to main.o(.text.draw) for draw
    main.o(.ARM.exidx.text.my_main) refers to main.o(.text.my_main) for [Anonymous Symbol]
    main.o(.text.draw) refers to api_table.o(.text) for watchFace_switchUpdate
    main.o(.text.draw) refers to f2d.o(x$fpl$f2d) for __aeabi_f2d
    main.o(.text.draw) refers to dmul.o(x$fpl$dmul) for __aeabi_dmul
    main.o(.text.draw) refers to daddsub_clz.o(x$fpl$dadd) for __aeabi_dadd
    main.o(.text.draw) refers to d2f.o(x$fpl$d2f) for __aeabi_d2f
    main.o(.text.draw) refers to daddsub_clz.o(x$fpl$dsub) for __aeabi_dsub
    main.o(.text.draw) refers to fcmp.o(x$fpl$fcmp) for __aeabi_fcmpgt
    main.o(.text.draw) refers to main.o(.text.neno_draw) for neno_draw
    main.o(.text.draw) refers to ffix.o(x$fpl$ffix) for __aeabi_f2iz
    main.o(.text.draw) refers to watchface_api.o(.bss..L_MergedGlobals) for LSM6DSM
    main.o(.text.draw) refers to main.o(.bss..L_MergedGlobals) for .L_MergedGlobals
    main.o(.ARM.exidx.text.draw) refers to main.o(.text.draw) for [Anonymous Symbol]
    main.o(.text.neno_init) refers to rt_memclr_w.o(.text) for __aeabi_memclr4
    main.o(.text.neno_init) refers to main.o(.bss..L_MergedGlobals) for .L_MergedGlobals
    main.o(.ARM.exidx.text.neno_init) refers to main.o(.text.neno_init) for [Anonymous Symbol]
    main.o(.text.neno_draw) refers to ffix.o(x$fpl$ffix) for __aeabi_f2iz
    main.o(.text.neno_draw) refers to main.o(.text.myOLED_DrawLine_) for myOLED_DrawLine_
    main.o(.text.neno_draw) refers to main.o(.bss..L_MergedGlobals) for .L_MergedGlobals
    main.o(.ARM.exidx.text.neno_draw) refers to main.o(.text.neno_draw) for [Anonymous Symbol]
    main.o(.text.myOLED_DrawLine_) refers to api_table.o(.text) for draw_point
    main.o(.ARM.exidx.text.myOLED_DrawLine_) refers to main.o(.text.myOLED_DrawLine_) for [Anonymous Symbol]
    watchface_api.o(.text.systemVariableInit) refers to api_table.o(.text) for blueToothIcon_sysVar
    watchface_api.o(.text.systemVariableInit) refers to watchface_api.o(.bss..L_MergedGlobals) for .L_MergedGlobals
    watchface_api.o(.ARM.exidx.text.systemVariableInit) refers to watchface_api.o(.text.systemVariableInit) for [Anonymous Symbol]
    d2f.o(x$fpl$d2f) refers (Special) to usenofp.o(x$fpl$usenofp) for __I$use$fp
    d2f.o(x$fpl$d2f) refers to fretinf.o(x$fpl$fretinf) for __fpl_fretinf
    d2f.o(x$fpl$d2f) refers to dnaninf.o(x$fpl$dnaninf) for __fpl_dnaninf
    daddsub_clz.o(x$fpl$dadd) refers (Special) to usenofp.o(x$fpl$usenofp) for __I$use$fp
    daddsub_clz.o(x$fpl$dadd) refers to daddsub_clz.o(x$fpl$dsub) for _dsub1
    daddsub_clz.o(x$fpl$dadd) refers to dretinf.o(x$fpl$dretinf) for __fpl_dretinf
    daddsub_clz.o(x$fpl$dadd) refers to dnaninf.o(x$fpl$dnaninf) for __fpl_dnaninf
    daddsub_clz.o(x$fpl$drsb) refers (Special) to usenofp.o(x$fpl$usenofp) for __I$use$fp
    daddsub_clz.o(x$fpl$drsb) refers to daddsub_clz.o(x$fpl$dadd) for _dadd1
    daddsub_clz.o(x$fpl$drsb) refers to daddsub_clz.o(x$fpl$dsub) for _dsub1
    daddsub_clz.o(x$fpl$dsub) refers (Special) to usenofp.o(x$fpl$usenofp) for __I$use$fp
    daddsub_clz.o(x$fpl$dsub) refers to daddsub_clz.o(x$fpl$dadd) for _dadd1
    daddsub_clz.o(x$fpl$dsub) refers to dnaninf.o(x$fpl$dnaninf) for __fpl_dnaninf
    dmul.o(x$fpl$dmul) refers (Special) to usenofp.o(x$fpl$usenofp) for __I$use$fp
    dmul.o(x$fpl$dmul) refers to dretinf.o(x$fpl$dretinf) for __fpl_dretinf
    dmul.o(x$fpl$dmul) refers to dnaninf.o(x$fpl$dnaninf) for __fpl_dnaninf
    f2d.o(x$fpl$f2d) refers (Special) to usenofp.o(x$fpl$usenofp) for __I$use$fp
    f2d.o(x$fpl$f2d) refers to fnaninf.o(x$fpl$fnaninf) for __fpl_fnaninf
    f2d.o(x$fpl$f2d) refers to dretinf.o(x$fpl$dretinf) for __fpl_dretinf
    fcmp.o(x$fpl$fcmp) refers (Special) to usenofp.o(x$fpl$usenofp) for __I$use$fp
    fcmp.o(x$fpl$fcmp) refers to feqf.o(x$fpl$feqf) for _fcmpeq
    fcmp.o(x$fpl$fcmp) refers to fgeqf.o(x$fpl$fgeqf) for _fcmpge
    fcmp.o(x$fpl$fcmp) refers to fleqf.o(x$fpl$fleqf) for _fcmple
    ffix.o(x$fpl$ffix) refers (Special) to usenofp.o(x$fpl$usenofp) for __I$use$fp
    ffix.o(x$fpl$ffix) refers to fnaninf.o(x$fpl$fnaninf) for __fpl_fnaninf
    ffix.o(x$fpl$ffixr) refers (Special) to usenofp.o(x$fpl$usenofp) for __I$use$fp
    ffix.o(x$fpl$ffixr) refers to fnaninf.o(x$fpl$fnaninf) for __fpl_fnaninf
    dnaninf.o(x$fpl$dnaninf) refers (Special) to usenofp.o(x$fpl$usenofp) for __I$use$fp
    dretinf.o(x$fpl$dretinf) refers (Special) to usenofp.o(x$fpl$usenofp) for __I$use$fp
    feqf.o(x$fpl$feqf) refers (Special) to usenofp.o(x$fpl$usenofp) for __I$use$fp
    feqf.o(x$fpl$feqf) refers to fnaninf.o(x$fpl$fnaninf) for __fpl_fnaninf
    feqf.o(x$fpl$feqf) refers to fcmpi.o(x$fpl$fcmpinf) for __fpl_fcmp_Inf
    fgeqf.o(x$fpl$fgeqf) refers (Special) to usenofp.o(x$fpl$usenofp) for __I$use$fp
    fgeqf.o(x$fpl$fgeqf) refers to fnaninf.o(x$fpl$fnaninf) for __fpl_fnaninf
    fgeqf.o(x$fpl$fgeqf) refers to fcmpi.o(x$fpl$fcmpinf) for __fpl_fcmp_Inf
    fleqf.o(x$fpl$fleqf) refers (Special) to usenofp.o(x$fpl$usenofp) for __I$use$fp
    fleqf.o(x$fpl$fleqf) refers to fnaninf.o(x$fpl$fnaninf) for __fpl_fnaninf
    fleqf.o(x$fpl$fleqf) refers to fcmpi.o(x$fpl$fcmpinf) for __fpl_fcmp_Inf
    fnaninf.o(x$fpl$fnaninf) refers (Special) to usenofp.o(x$fpl$usenofp) for __I$use$fp
    fretinf.o(x$fpl$fretinf) refers (Special) to usenofp.o(x$fpl$usenofp) for __I$use$fp
    fcmpi.o(x$fpl$fcmpinf) refers (Special) to usenofp.o(x$fpl$usenofp) for __I$use$fp


==============================================================================

Removing Unused input sections from the image.

    Removing main.o(.text), (0 bytes).
    Removing main.o(.ARM.exidx.text.my_main), (8 bytes).
    Removing main.o(.ARM.exidx.text.draw), (8 bytes).
    Removing main.o(.text.neno_init), (20 bytes).
    Removing main.o(.ARM.exidx.text.neno_init), (8 bytes).
    Removing main.o(.ARM.exidx.text.neno_draw), (8 bytes).
    Removing main.o(.ARM.exidx.text.myOLED_DrawLine_), (8 bytes).
    Removing watchface_api.o(.text), (0 bytes).
    Removing watchface_api.o(.ARM.exidx.text.systemVariableInit), (8 bytes).

9 unused section(s) (total 68 bytes) removed from the image.

==============================================================================

Image Symbol Table

    Local Symbols

    Symbol Name                              Value     Ov Type        Size  Object(Section)

    ../clib/memcpset.s                       0x00000000   Number         0  rt_memclr_w.o ABSOLUTE
    ../fplib/d2f.s                           0x00000000   Number         0  d2f.o ABSOLUTE
    ../fplib/daddsub.s                       0x00000000   Number         0  daddsub_clz.o ABSOLUTE
    ../fplib/dmul.s                          0x00000000   Number         0  dmul.o ABSOLUTE
    ../fplib/dnaninf.s                       0x00000000   Number         0  dnaninf.o ABSOLUTE
    ../fplib/dretinf.s                       0x00000000   Number         0  dretinf.o ABSOLUTE
    ../fplib/f2d.s                           0x00000000   Number         0  f2d.o ABSOLUTE
    ../fplib/fcmp.s                          0x00000000   Number         0  fcmp.o ABSOLUTE
    ../fplib/fcmpi.s                         0x00000000   Number         0  fcmpi.o ABSOLUTE
    ../fplib/feqf.s                          0x00000000   Number         0  feqf.o ABSOLUTE
    ../fplib/ffix.s                          0x00000000   Number         0  ffix.o ABSOLUTE
    ../fplib/fgeqf.s                         0x00000000   Number         0  fgeqf.o ABSOLUTE
    ../fplib/fleqf.s                         0x00000000   Number         0  fleqf.o ABSOLUTE
    ../fplib/fnaninf.s                       0x00000000   Number         0  fnaninf.o ABSOLUTE
    ../fplib/fretinf.s                       0x00000000   Number         0  fretinf.o ABSOLUTE
    ../fplib/usenofp.s                       0x00000000   Number         0  usenofp.o ABSOLUTE
    api_table.s                              0x00000000   Number         0  api_table.o ABSOLUTE
    dc.s                                     0x00000000   Number         0  dc.o ABSOLUTE
    main.c                                   0x00000000   Number         0  main.o ABSOLUTE
    watchface_api.c                          0x00000000   Number         0  watchface_api.o ABSOLUTE
    [Anonymous Symbol]                       0x00000000   Section        0  main.o(.text.my_main)
    .L_MergedGlobals                         0x00000004   Data          72  main.o(.bss..L_MergedGlobals)
    x_gyro                                   0x00000004   Data           4  main.o(.bss..L_MergedGlobals)
    y_gyro                                   0x00000008   Data           4  main.o(.bss..L_MergedGlobals)
    .text                                    0x00000020   Section      524  api_table.o(.text)
    .L_MergedGlobals                         0x0000004c   Data          44  watchface_api.o(.bss..L_MergedGlobals)
    draw                                     0x0000022d   Thumb Code   240  main.o(.text.draw)
    [Anonymous Symbol]                       0x0000022c   Section        0  main.o(.text.draw)
    myOLED_DrawLine_                         0x0000031d   Thumb Code   160  main.o(.text.myOLED_DrawLine_)
    [Anonymous Symbol]                       0x0000031c   Section        0  main.o(.text.myOLED_DrawLine_)
    [Anonymous Symbol]                       0x000003c4   Section        0  main.o(.text.neno_draw)
    [Anonymous Symbol]                       0x000004ec   Section        0  watchface_api.o(.text.systemVariableInit)
    x$fpl$d2f                                0x00000540   Section       98  d2f.o(x$fpl$d2f)
    x$fpl$dadd                               0x000005a4   Section      336  daddsub_clz.o(x$fpl$dadd)
    _dadd1                                   0x000005b5   Thumb Code     0  daddsub_clz.o(x$fpl$dadd)
    x$fpl$dmul                               0x000006f4   Section      340  dmul.o(x$fpl$dmul)
    x$fpl$dnaninf                            0x00000848   Section      156  dnaninf.o(x$fpl$dnaninf)
    x$fpl$dretinf                            0x000008e4   Section       12  dretinf.o(x$fpl$dretinf)
    x$fpl$dsub                               0x000008f0   Section      468  daddsub_clz.o(x$fpl$dsub)
    _dsub1                                   0x00000901   Thumb Code     0  daddsub_clz.o(x$fpl$dsub)
    x$fpl$f2d                                0x00000ac4   Section       86  f2d.o(x$fpl$f2d)
    x$fpl$fcmp                               0x00000b1a   Section       84  fcmp.o(x$fpl$fcmp)
    x$fpl$fcmpinf                            0x00000b6e   Section       24  fcmpi.o(x$fpl$fcmpinf)
    x$fpl$feqf                               0x00000b88   Section      104  feqf.o(x$fpl$feqf)
    x$fpl$ffix                               0x00000bf0   Section       54  ffix.o(x$fpl$ffix)
    x$fpl$fgeqf                              0x00000c28   Section      104  fgeqf.o(x$fpl$fgeqf)
    x$fpl$fleqf                              0x00000c90   Section      104  fleqf.o(x$fpl$fleqf)
    x$fpl$fnaninf                            0x00000cf8   Section      140  fnaninf.o(x$fpl$fnaninf)
    x$fpl$fretinf                            0x00000d84   Section       10  fretinf.o(x$fpl$fretinf)
    x$fpl$usenofp                            0x00000d8e   Section        0  usenofp.o(x$fpl$usenofp)

    Global Symbols

    Symbol Name                              Value     Ov Type        Size  Object(Section)

    BuildAttributes$$THM_ISAv4$E$P$D$K$B$S$7EM$PE$A:L22UL41UL21$X:L11$S22US41US21$IEEE1$IW$~IW$RWPI$USESV6$~STKCKD$USESV7$~SHL$OSPACE$ROPI$EBA8$STANDARDLIB$REQ8$PRES8$EABIv2 0x00000000   Number         0  anon$$obj.o ABSOLUTE
    my_main                                  0x00000001   Thumb Code    32  main.o(.text.my_main)
    neno                                     0x0000000c   Data          64  main.o(.bss..L_MergedGlobals)
    alarm_getNext                            0x00000021   Thumb Code    14  api_table.o(.text)
    alarm_getNextDay                         0x0000002f   Thumb Code    14  api_table.o(.text)
    appConfig_sysVar                         0x0000003d   Thumb Code    14  api_table.o(.text)
    colon_sysVar                             0x0000004b   Thumb Code    14  api_table.o(.text)
    blueToothIcon                            0x0000004c   Data           4  watchface_api.o(.bss..L_MergedGlobals)
    chargeIcon                               0x00000050   Data           4  watchface_api.o(.bss..L_MergedGlobals)
    stopwatch                                0x00000054   Data           4  watchface_api.o(.bss..L_MergedGlobals)
    display_setDrawFunc                      0x00000059   Thumb Code    14  api_table.o(.text)
    dowImg                                   0x00000058   Data           4  watchface_api.o(.bss..L_MergedGlobals)
    colon                                    0x0000005c   Data           4  watchface_api.o(.bss..L_MergedGlobals)
    timeDate                                 0x00000060   Data           4  watchface_api.o(.bss..L_MergedGlobals)
    appConfig                                0x00000064   Data           4  watchface_api.o(.bss..L_MergedGlobals)
    div10                                    0x00000067   Thumb Code    14  api_table.o(.text)
    smallFont                                0x00000068   Data           4  watchface_api.o(.bss..L_MergedGlobals)
    oledBuffer                               0x0000006c   Data           4  watchface_api.o(.bss..L_MergedGlobals)
    LSM6DSM                                  0x00000070   Data           4  watchface_api.o(.bss..L_MergedGlobals)
    LIS3MDL                                  0x00000074   Data           4  watchface_api.o(.bss..L_MergedGlobals)
    dowImg_sysVar                            0x00000075   Thumb Code    14  api_table.o(.text)
    drawBattery                              0x00000083   Thumb Code    14  api_table.o(.text)
    drawDate                                 0x00000091   Thumb Code    14  api_table.o(.text)
    drawTemperature                          0x0000009f   Thumb Code    14  api_table.o(.text)
    draw_bitmap                              0x000000ad   Thumb Code    14  api_table.o(.text)
    draw_string                              0x000000bb   Thumb Code    14  api_table.o(.text)
    millis_get                               0x000000c9   Thumb Code    14  api_table.o(.text)
    mod10                                    0x000000d7   Thumb Code    14  api_table.o(.text)
    openLSM6DSM                              0x000000e5   Thumb Code    14  api_table.o(.text)
    open_watchface_general                   0x000000f3   Thumb Code    14  api_table.o(.text)
    stopwatch_sysVar                         0x00000101   Thumb Code    14  api_table.o(.text)
    stopwatch_active                         0x0000010f   Thumb Code    14  api_table.o(.text)
    timeDate_sysVar                          0x0000011d   Thumb Code    14  api_table.o(.text)
    time_timeMode                            0x0000012b   Thumb Code    14  api_table.o(.text)
    watchFace_switchUpdate                   0x00000139   Thumb Code    14  api_table.o(.text)
    console_log                              0x00000147   Thumb Code    14  api_table.o(.text)
    drawVectorChar                           0x00000155   Thumb Code    14  api_table.o(.text)
    setVectorDrawClipWin                     0x00000163   Thumb Code    14  api_table.o(.text)
    getBtLinkState                           0x00000171   Thumb Code    14  api_table.o(.text)
    getCharingState                          0x0000017f   Thumb Code    14  api_table.o(.text)
    blueToothIcon_sysVar                     0x0000018d   Thumb Code    14  api_table.o(.text)
    chargeIcon_sysVar                        0x0000019b   Thumb Code    14  api_table.o(.text)
    myOLED_DrawLine                          0x000001a9   Thumb Code    14  api_table.o(.text)
    smallFont_sysVar                         0x000001b7   Thumb Code    14  api_table.o(.text)
    ticker                                   0x000001c5   Thumb Code    14  api_table.o(.text)
    draw_point                               0x000001d3   Thumb Code    14  api_table.o(.text)
    drawCude3D                               0x000001e1   Thumb Code    14  api_table.o(.text)
    oledBuffer_sysVar                        0x000001ef   Thumb Code    14  api_table.o(.text)
    LSM6DSM_sysVar                           0x000001fd   Thumb Code    14  api_table.o(.text)
    LIS3MDL_sysVar                           0x0000020b   Thumb Code    14  api_table.o(.text)
    openLIS3MDL                              0x00000219   Thumb Code    14  api_table.o(.text)
    neno_draw                                0x000003c5   Thumb Code   296  main.o(.text.neno_draw)
    systemVariableInit                       0x000004ed   Thumb Code    84  watchface_api.o(.text.systemVariableInit)
    __aeabi_d2f                              0x00000541   Thumb Code     0  d2f.o(x$fpl$d2f)
    _d2f                                     0x00000541   Thumb Code    98  d2f.o(x$fpl$d2f)
    __aeabi_dadd                             0x000005a5   Thumb Code     0  daddsub_clz.o(x$fpl$dadd)
    _dadd                                    0x000005a5   Thumb Code   332  daddsub_clz.o(x$fpl$dadd)
    __aeabi_dmul                             0x000006f5   Thumb Code     0  dmul.o(x$fpl$dmul)
    _dmul                                    0x000006f5   Thumb Code   332  dmul.o(x$fpl$dmul)
    __fpl_dnaninf                            0x00000849   Thumb Code   156  dnaninf.o(x$fpl$dnaninf)
    __fpl_dretinf                            0x000008e5   Thumb Code    12  dretinf.o(x$fpl$dretinf)
    __aeabi_dsub                             0x000008f1   Thumb Code     0  daddsub_clz.o(x$fpl$dsub)
    _dsub                                    0x000008f1   Thumb Code   464  daddsub_clz.o(x$fpl$dsub)
    __aeabi_f2d                              0x00000ac5   Thumb Code     0  f2d.o(x$fpl$f2d)
    _f2d                                     0x00000ac5   Thumb Code    86  f2d.o(x$fpl$f2d)
    __aeabi_fcmpeq                           0x00000b1b   Thumb Code     0  fcmp.o(x$fpl$fcmp)
    _feq                                     0x00000b1b   Thumb Code    14  fcmp.o(x$fpl$fcmp)
    _fneq                                    0x00000b29   Thumb Code    14  fcmp.o(x$fpl$fcmp)
    __aeabi_fcmpgt                           0x00000b37   Thumb Code     0  fcmp.o(x$fpl$fcmp)
    _fgr                                     0x00000b37   Thumb Code    14  fcmp.o(x$fpl$fcmp)
    __aeabi_fcmpge                           0x00000b45   Thumb Code     0  fcmp.o(x$fpl$fcmp)
    _fgeq                                    0x00000b45   Thumb Code    14  fcmp.o(x$fpl$fcmp)
    __aeabi_fcmple                           0x00000b53   Thumb Code     0  fcmp.o(x$fpl$fcmp)
    _fleq                                    0x00000b53   Thumb Code    14  fcmp.o(x$fpl$fcmp)
    __aeabi_fcmplt                           0x00000b61   Thumb Code     0  fcmp.o(x$fpl$fcmp)
    _fls                                     0x00000b61   Thumb Code    14  fcmp.o(x$fpl$fcmp)
    __fpl_fcmp_Inf                           0x00000b6f   Thumb Code    24  fcmpi.o(x$fpl$fcmpinf)
    __aeabi_cfcmpeq                          0x00000b89   Thumb Code     0  feqf.o(x$fpl$feqf)
    _fcmpeq                                  0x00000b89   Thumb Code   104  feqf.o(x$fpl$feqf)
    __aeabi_f2iz                             0x00000bf1   Thumb Code     0  ffix.o(x$fpl$ffix)
    _ffix                                    0x00000bf1   Thumb Code    54  ffix.o(x$fpl$ffix)
    _fcmpge                                  0x00000c29   Thumb Code   104  fgeqf.o(x$fpl$fgeqf)
    __aeabi_cfcmple                          0x00000c91   Thumb Code     0  fleqf.o(x$fpl$fleqf)
    _fcmple                                  0x00000c91   Thumb Code   104  fleqf.o(x$fpl$fleqf)
    __fpl_fcmple_InfNaN                      0x00000ce3   Thumb Code     0  fleqf.o(x$fpl$fleqf)
    __fpl_fnaninf                            0x00000cf9   Thumb Code   140  fnaninf.o(x$fpl$fnaninf)
    __fpl_fretinf                            0x00000d85   Thumb Code    10  fretinf.o(x$fpl$fretinf)
    __I$use$fp                               0x00000d8e   Number         0  usenofp.o(x$fpl$usenofp)



==============================================================================

Memory Map of the image

  Image Entry point : 0x00000001

  Load Region LR_1 (Base: 0x00000000, Size: 0x00000d94, Max: 0xffffffff, PI)

    Execution Region ER_RO (Exec base: 0x00000000, Load base: 0x00000000, Size: 0x00000d90, Max: 0xffffffff, PI)

    Exec Addr    Load Addr    Size         Type   Attr      Idx    E Section Name        Object

    0x00000000   0x00000000   0x00000020   Code   RO            2  * .text.my_main       main.o
    0x00000020   0x00000020   0x0000020c   Code   RO           13    .text               api_table.o
    0x0000022c   0x0000022c   0x000000f0   Code   RO            4    .text.draw          main.o
    0x0000031c   0x0000031c   0x000000a6   Code   RO           10    .text.myOLED_DrawLine_  main.o
    0x000003c2   0x000003c2   0x00000002   PAD
    0x000003c4   0x000003c4   0x00000128   Code   RO            8    .text.neno_draw     main.o
    0x000004ec   0x000004ec   0x00000054   Code   RO           15    .text.systemVariableInit  watchface_api.o
    0x00000540   0x00000540   0x00000062   Code   RO           21    x$fpl$d2f           fz_ws.l(d2f.o)
    0x000005a2   0x000005a2   0x00000002   PAD
    0x000005a4   0x000005a4   0x00000150   Code   RO           22    x$fpl$dadd          fz_ws.l(daddsub_clz.o)
    0x000006f4   0x000006f4   0x00000154   Code   RO           25    x$fpl$dmul          fz_ws.l(dmul.o)
    0x00000848   0x00000848   0x0000009c   Code   RO           30    x$fpl$dnaninf       fz_ws.l(dnaninf.o)
    0x000008e4   0x000008e4   0x0000000c   Code   RO           31    x$fpl$dretinf       fz_ws.l(dretinf.o)
    0x000008f0   0x000008f0   0x000001d4   Code   RO           24    x$fpl$dsub          fz_ws.l(daddsub_clz.o)
    0x00000ac4   0x00000ac4   0x00000056   Code   RO           26    x$fpl$f2d           fz_ws.l(f2d.o)
    0x00000b1a   0x00000b1a   0x00000054   Code   RO           27    x$fpl$fcmp          fz_ws.l(fcmp.o)
    0x00000b6e   0x00000b6e   0x00000018   Code   RO           38    x$fpl$fcmpinf       fz_ws.l(fcmpi.o)
    0x00000b86   0x00000b86   0x00000002   PAD
    0x00000b88   0x00000b88   0x00000068   Code   RO           32    x$fpl$feqf          fz_ws.l(feqf.o)
    0x00000bf0   0x00000bf0   0x00000036   Code   RO           28    x$fpl$ffix          fz_ws.l(ffix.o)
    0x00000c26   0x00000c26   0x00000002   PAD
    0x00000c28   0x00000c28   0x00000068   Code   RO           33    x$fpl$fgeqf         fz_ws.l(fgeqf.o)
    0x00000c90   0x00000c90   0x00000068   Code   RO           34    x$fpl$fleqf         fz_ws.l(fleqf.o)
    0x00000cf8   0x00000cf8   0x0000008c   Code   RO           35    x$fpl$fnaninf       fz_ws.l(fnaninf.o)
    0x00000d84   0x00000d84   0x0000000a   Code   RO           36    x$fpl$fretinf       fz_ws.l(fretinf.o)
    0x00000d8e   0x00000d8e   0x00000000   Code   RO           37    x$fpl$usenofp       fz_ws.l(usenofp.o)


    Execution Region ER_RW (Exec base: 0x00000000, Load base: 0x00000d90, Size: 0x00000004, Max: 0xffffffff, PI)

    Exec Addr    Load Addr    Size         Type   Attr      Idx    E Section Name        Object

    0x00000000   0x00000d90   0x00000004   Data   RW           40    PDT$$ptr            anon$$obj.o


    Execution Region ER_ZI (Exec base: 0x00000004, Load base: 0x00000d94, Size: 0x00000074, Max: 0xffffffff, PI)

    Exec Addr    Load Addr    Size         Type   Attr      Idx    E Section Name        Object

    0x00000004        -       0x00000048   Zero   RW           12    .bss..L_MergedGlobals  main.o
    0x0000004c        -       0x0000002c   Zero   RW           17    .bss..L_MergedGlobals  watchface_api.o


==============================================================================

Image component sizes


      Code (inc. data)   RO Data    RW Data    ZI Data      Debug   Object Name

       524          6          0          0          0          0   api_table.o
       734         32          0          0         72          0   main.o
        84          4          0          0         44          0   watchface_api.o

    ----------------------------------------------------------------------
      1344         42          0          4        116          0   Object Totals
         0          0          0          4          0          0   (incl. Generated)
         2          0          0          0          0          0   (incl. Padding)

    ----------------------------------------------------------------------

      Code (inc. data)   RO Data    RW Data    ZI Data      Debug   Library Member Name

        98          4          0          0          0          0   d2f.o
       804         16          0          0          0          0   daddsub_clz.o
       340         12          0          0          0          0   dmul.o
       156          4          0          0          0          0   dnaninf.o
        12          0          0          0          0          0   dretinf.o
        86          4          0          0          0          0   f2d.o
        84          0          0          0          0          0   fcmp.o
        24          0          0          0          0          0   fcmpi.o
       104          4          0          0          0          0   feqf.o
        54          4          0          0          0          0   ffix.o
       104          4          0          0          0          0   fgeqf.o
       104          4          0          0          0          0   fleqf.o
       140          4          0          0          0          0   fnaninf.o
        10          0          0          0          0          0   fretinf.o
         0          0          0          0          0          0   usenofp.o

    ----------------------------------------------------------------------
      2128         60          0          0          0          0   Library Totals
         8          0          0          0          0          0   (incl. Padding)

    ----------------------------------------------------------------------

      Code (inc. data)   RO Data    RW Data    ZI Data      Debug   Library Name

      2120         60          0          0          0          0   fz_ws.l

    ----------------------------------------------------------------------
      2128         60          0          0          0          0   Library Totals

    ----------------------------------------------------------------------

==============================================================================


      Code (inc. data)   RO Data    RW Data    ZI Data      Debug   

      3472        102          0          4        116          0   Grand Totals
      3472        102          0          4        116          0   ELF Image Totals
      3472        102          0          4          0          0   ROM Totals

==============================================================================

    Total RO  Size (Code + RO Data)                 3472 (   3.39kB)
    Total RW  Size (RW Data + ZI Data)               120 (   0.12kB)
    Total ROM Size (Code + RO Data + RW Data)       3476 (   3.39kB)

==============================================================================

