Component: ARM Compiler 6.13.1 Tool: armlink [5d895400]

==============================================================================

Section Cross References

    main.o(.text.my_main) refers to watchface_api.o(.text.systemVariableInit) for systemVariableInit
    main.o(.text.my_main) refers to api_table.o(.text) for display_setDrawFunc
    main.o(.text.my_main) refers to main.o(.text.terminalSim_setup) for terminalSim_setup
    main.o(.text.my_main) refers to main.o(.text.draw) for draw
    main.o(.ARM.exidx.text.my_main) refers to main.o(.text.my_main) for [Anonymous Symbol]
    main.o(.text.draw) refers to api_table.o(.text) for watchFace_switchUpdate
    main.o(.text.draw) refers to main.o(.text.terminalSim_draw) for terminalSim_draw
    main.o(.ARM.exidx.text.draw) refers to main.o(.text.draw) for [Anonymous Symbol]
    main.o(.text.terminalSim_setup) refers to api_table.o(.text) for millis_get
    main.o(.text.terminalSim_setup) refers to main.o(.bss.m) for m
    main.o(.ARM.exidx.text.terminalSim_setup) refers to main.o(.text.terminalSim_setup) for [Anonymous Symbol]
    main.o(.text.terminalSim_draw) refers to api_table.o(.text) for millis_get
    main.o(.text.terminalSim_draw) refers to main.o(.bss.m) for m
    main.o(.ARM.exidx.text.terminalSim_draw) refers to main.o(.text.terminalSim_draw) for [Anonymous Symbol]
    watchface_api.o(.text.systemVariableInit) refers to api_table.o(.text) for blueToothIcon_sysVar
    watchface_api.o(.text.systemVariableInit) refers to watchface_api.o(.bss..L_MergedGlobals) for .L_MergedGlobals
    watchface_api.o(.ARM.exidx.text.systemVariableInit) refers to watchface_api.o(.text.systemVariableInit) for [Anonymous Symbol]


==============================================================================

Removing Unused input sections from the image.

    Removing main.o(.text), (0 bytes).
    Removing main.o(.ARM.exidx.text.my_main), (8 bytes).
    Removing main.o(.ARM.exidx.text.draw), (8 bytes).
    Removing main.o(.ARM.exidx.text.terminalSim_setup), (8 bytes).
    Removing main.o(.ARM.exidx.text.terminalSim_draw), (8 bytes).
    Removing watchface_api.o(.text), (0 bytes).
    Removing watchface_api.o(.ARM.exidx.text.systemVariableInit), (8 bytes).

7 unused section(s) (total 40 bytes) removed from the image.

==============================================================================

Image Symbol Table

    Local Symbols

    Symbol Name                              Value     Ov Type        Size  Object(Section)

    api_table.s                              0x00000000   Number         0  api_table.o ABSOLUTE
    main.c                                   0x00000000   Number         0  main.o ABSOLUTE
    watchface_api.c                          0x00000000   Number         0  watchface_api.o ABSOLUTE
    [Anonymous Symbol]                       0x00000000   Section        0  main.o(.text.my_main)
    .L_MergedGlobals                         0x00000004   Data          32  watchface_api.o(.bss..L_MergedGlobals)
    $v0                                      0x00000020   Number         0  api_table.o(.text)
    .text                                    0x00000020   Section      452  api_table.o(.text)
    m                                        0x00000024   Data          32  main.o(.bss.m)
    draw                                     0x000001e5   Thumb Code    24  main.o(.text.draw)
    [Anonymous Symbol]                       0x000001e4   Section        0  main.o(.text.draw)
    [Anonymous Symbol]                       0x000001fc   Section        0  watchface_api.o(.text.systemVariableInit)
    [Anonymous Symbol]                       0x0000023c   Section        0  main.o(.text.terminalSim_draw)
    [Anonymous Symbol]                       0x00000288   Section        0  main.o(.text.terminalSim_setup)

    Global Symbols

    Symbol Name                              Value     Ov Type        Size  Object(Section)

    BuildAttributes$$THM_ISAv4$E$P$D$K$B$S$7EM$VFPi3$EXTD16$VFPS$VFMA$PE$A:L22UL41UL21$X:L11$S22US41US21$IEEE1$IW$~IW$RWPI$USESV6$~STKCKD$USESV7$~SHL$OSPACE$ROPI$EBA8$STANDARDLIB$REQ8$PRES8$EABIv2 0x00000000   Number         0  anon$$obj.o ABSOLUTE
    my_main                                  0x00000001   Thumb Code    32  main.o(.text.my_main)
    blueToothIcon                            0x00000004   Data           4  watchface_api.o(.bss..L_MergedGlobals)
    chargeIcon                               0x00000008   Data           4  watchface_api.o(.bss..L_MergedGlobals)
    stopwatch                                0x0000000c   Data           4  watchface_api.o(.bss..L_MergedGlobals)
    dowImg                                   0x00000010   Data           4  watchface_api.o(.bss..L_MergedGlobals)
    colon                                    0x00000014   Data           4  watchface_api.o(.bss..L_MergedGlobals)
    timeDate                                 0x00000018   Data           4  watchface_api.o(.bss..L_MergedGlobals)
    appConfig                                0x0000001c   Data           4  watchface_api.o(.bss..L_MergedGlobals)
    alarm_getNext                            0x00000021   Thumb Code    14  api_table.o(.text)
    smallFont                                0x00000020   Data           4  watchface_api.o(.bss..L_MergedGlobals)
    alarm_getNextDay                         0x0000002f   Thumb Code    14  api_table.o(.text)
    appConfig_sysVar                         0x0000003d   Thumb Code    14  api_table.o(.text)
    colon_sysVar                             0x0000004b   Thumb Code    14  api_table.o(.text)
    display_setDrawFunc                      0x00000059   Thumb Code    14  api_table.o(.text)
    div10                                    0x00000067   Thumb Code    14  api_table.o(.text)
    dowImg_sysVar                            0x00000075   Thumb Code    14  api_table.o(.text)
    drawBattery                              0x00000083   Thumb Code    14  api_table.o(.text)
    drawDate                                 0x00000091   Thumb Code    14  api_table.o(.text)
    drawTemperature                          0x0000009f   Thumb Code    14  api_table.o(.text)
    draw_bitmap                              0x000000ad   Thumb Code    14  api_table.o(.text)
    draw_string                              0x000000bb   Thumb Code    14  api_table.o(.text)
    millis_get                               0x000000c9   Thumb Code    14  api_table.o(.text)
    mod10                                    0x000000d7   Thumb Code    14  api_table.o(.text)
    openLSM6DSM                              0x000000e5   Thumb Code    14  api_table.o(.text)
    open_watchface_general                   0x000000f3   Thumb Code    14  api_table.o(.text)
    stopwatch_sysVar                         0x00000101   Thumb Code    14  api_table.o(.text)
    stopwatch_active                         0x0000010f   Thumb Code    14  api_table.o(.text)
    timeDate_sysVar                          0x0000011d   Thumb Code    14  api_table.o(.text)
    time_timeMode                            0x0000012b   Thumb Code    14  api_table.o(.text)
    watchFace_switchUpdate                   0x00000139   Thumb Code    14  api_table.o(.text)
    console_log                              0x00000147   Thumb Code    14  api_table.o(.text)
    drawVectorChar                           0x00000155   Thumb Code    14  api_table.o(.text)
    setVectorDrawClipWin                     0x00000163   Thumb Code    14  api_table.o(.text)
    getBtLinkState                           0x00000171   Thumb Code    14  api_table.o(.text)
    getCharingState                          0x0000017f   Thumb Code    14  api_table.o(.text)
    blueToothIcon_sysVar                     0x0000018d   Thumb Code    14  api_table.o(.text)
    chargeIcon_sysVar                        0x0000019b   Thumb Code    14  api_table.o(.text)
    myOLED_DrawLine                          0x000001a9   Thumb Code    14  api_table.o(.text)
    smallFont_sysVar                         0x000001b7   Thumb Code    14  api_table.o(.text)
    ticker                                   0x000001c5   Thumb Code    14  api_table.o(.text)
    draw_point                               0x000001d3   Thumb Code    14  api_table.o(.text)
    systemVariableInit                       0x000001fd   Thumb Code    64  watchface_api.o(.text.systemVariableInit)
    terminalSim_draw                         0x0000023d   Thumb Code    76  main.o(.text.terminalSim_draw)
    terminalSim_setup                        0x00000289   Thumb Code    72  main.o(.text.terminalSim_setup)



==============================================================================

Memory Map of the image

  Image Entry point : 0x00000001

  Load Region LR_1 (Base: 0x00000000, Size: 0x000002d4, Max: 0xffffffff, PI)

    Execution Region ER_RO (Exec base: 0x00000000, Load base: 0x00000000, Size: 0x000002d0, Max: 0xffffffff, PI)

    Exec Addr    Load Addr    Size         Type   Attr      Idx    E Section Name        Object

    0x00000000   0x00000000   0x00000020   Code   RO            2  * .text.my_main       main.o
    0x00000020   0x00000020   0x000001c4   Code   RO           11    .text               api_table.o
    0x000001e4   0x000001e4   0x00000018   Code   RO            4    .text.draw          main.o
    0x000001fc   0x000001fc   0x00000040   Code   RO           13    .text.systemVariableInit  watchface_api.o
    0x0000023c   0x0000023c   0x0000004c   Code   RO            8    .text.terminalSim_draw  main.o
    0x00000288   0x00000288   0x00000048   Code   RO            6    .text.terminalSim_setup  main.o


    Execution Region ER_RW (Exec base: 0x00000000, Load base: 0x000002d0, Size: 0x00000004, Max: 0xffffffff, PI)

    Exec Addr    Load Addr    Size         Type   Attr      Idx    E Section Name        Object

    0x00000000   0x000002d0   0x00000004   Data   RW           17    PDT$$ptr            anon$$obj.o


    Execution Region ER_ZI (Exec base: 0x00000004, Load base: 0x000002d4, Size: 0x00000040, Max: 0xffffffff, PI)

    Exec Addr    Load Addr    Size         Type   Attr      Idx    E Section Name        Object

    0x00000004        -       0x00000020   Zero   RW           15    .bss..L_MergedGlobals  watchface_api.o
    0x00000024        -       0x00000020   Zero   RW           10    .bss.m              main.o


==============================================================================

Image component sizes


      Code (inc. data)   RO Data    RW Data    ZI Data      Debug   Object Name

       452          4          0          0          0          0   api_table.o
       204         16          0          0         32          0   main.o
        64          4          0          0         32          0   watchface_api.o

    ----------------------------------------------------------------------
       720         24          0          4         64          0   Object Totals
         0          0          0          4          0          0   (incl. Generated)
         0          0          0          0          0          0   (incl. Padding)

    ----------------------------------------------------------------------
         0          0          0          0          0          0   Library Totals
         0          0          0          0          0          0   (incl. Padding)

    ----------------------------------------------------------------------

==============================================================================


      Code (inc. data)   RO Data    RW Data    ZI Data      Debug   

       720         24          0          4         64          0   Grand Totals
       720         24          0          4         64          0   ELF Image Totals
       720         24          0          4          0          0   ROM Totals

==============================================================================

    Total RO  Size (Code + RO Data)                  720 (   0.70kB)
    Total RW  Size (RW Data + ZI Data)                68 (   0.07kB)
    Total ROM Size (Code + RO Data + RW Data)        724 (   0.71kB)

==============================================================================

