Component: ARM Compiler 6.13.1 Tool: armlink [5d895400]

==============================================================================

Section Cross References

    main.o(.text.my_main) refers to api_table.o(.text) for display_setDrawFunc
    main.o(.text.my_main) refers to rt_memclr_w.o(.text) for __aeabi_memclr4
    main.o(.text.my_main) refers to main.o(.text.draw) for draw
    main.o(.text.my_main) refers to main.o(.bss.solver_snow) for solver_snow
    main.o(.ARM.exidx.text.my_main) refers to main.o(.text.my_main) for [Anonymous Symbol]
    main.o(.text.draw) refers to api_table.o(.text) for watchFace_switchUpdate
    main.o(.text.draw) refers to main.o(.text.getPixel) for getPixel
    main.o(.text.draw) refers to f2d.o(x$fpl$f2d) for __aeabi_f2d
    main.o(.text.draw) refers to dcmp.o(x$fpl$fcmp) for __aeabi_dcmpgt
    main.o(.text.draw) refers to main.o(.bss.solver_snow) for solver_snow
    main.o(.text.draw) refers to main.o(.bss..L_MergedGlobals) for [Anonymous Symbol]
    main.o(.text.draw) refers to watchface_api.o(.bss..L_MergedGlobals) for LSM6DSM
    main.o(.ARM.exidx.text.draw) refers to main.o(.text.draw) for [Anonymous Symbol]
    main.o(.text.getPixel) refers to watchface_api.o(.bss..L_MergedGlobals) for oledBuffer
    main.o(.ARM.exidx.text.getPixel) refers to main.o(.text.getPixel) for [Anonymous Symbol]
    watchface_api.o(.text.systemVariableInit) refers to api_table.o(.text) for blueToothIcon_sysVar
    watchface_api.o(.text.systemVariableInit) refers to watchface_api.o(.bss..L_MergedGlobals) for [Anonymous Symbol]
    watchface_api.o(.ARM.exidx.text.systemVariableInit) refers to watchface_api.o(.text.systemVariableInit) for [Anonymous Symbol]
    dcmp.o(x$fpl$fcmp) refers (Special) to usenofp.o(x$fpl$usenofp) for __I$use$fp
    dcmp.o(x$fpl$fcmp) refers to deqf.o(x$fpl$deqf) for _dcmpeq
    dcmp.o(x$fpl$fcmp) refers to dgeqf.o(x$fpl$dgeqf) for _dcmpge
    dcmp.o(x$fpl$fcmp) refers to dleqf.o(x$fpl$dleqf) for _dcmple
    f2d.o(x$fpl$f2d) refers (Special) to usenofp.o(x$fpl$usenofp) for __I$use$fp
    f2d.o(x$fpl$f2d) refers to fnaninf.o(x$fpl$fnaninf) for __fpl_fnaninf
    f2d.o(x$fpl$f2d) refers to dretinf.o(x$fpl$dretinf) for __fpl_dretinf
    deqf.o(x$fpl$deqf) refers (Special) to usenofp.o(x$fpl$usenofp) for __I$use$fp
    deqf.o(x$fpl$deqf) refers to dnaninf.o(x$fpl$dnaninf) for __fpl_dnaninf
    deqf.o(x$fpl$deqf) refers to dcmpi.o(x$fpl$dcmpinf) for __fpl_dcmp_Inf
    dgeqf.o(x$fpl$dgeqf) refers (Special) to usenofp.o(x$fpl$usenofp) for __I$use$fp
    dgeqf.o(x$fpl$dgeqf) refers to dnaninf.o(x$fpl$dnaninf) for __fpl_dnaninf
    dgeqf.o(x$fpl$dgeqf) refers to dcmpi.o(x$fpl$dcmpinf) for __fpl_dcmp_Inf
    dleqf.o(x$fpl$dleqf) refers (Special) to usenofp.o(x$fpl$usenofp) for __I$use$fp
    dleqf.o(x$fpl$dleqf) refers to dnaninf.o(x$fpl$dnaninf) for __fpl_dnaninf
    dleqf.o(x$fpl$dleqf) refers to dcmpi.o(x$fpl$dcmpinf) for __fpl_dcmp_Inf
    dretinf.o(x$fpl$dretinf) refers (Special) to usenofp.o(x$fpl$usenofp) for __I$use$fp
    fnaninf.o(x$fpl$fnaninf) refers (Special) to usenofp.o(x$fpl$usenofp) for __I$use$fp
    dcmpi.o(x$fpl$dcmpinf) refers (Special) to usenofp.o(x$fpl$usenofp) for __I$use$fp
    dnaninf.o(x$fpl$dnaninf) refers (Special) to usenofp.o(x$fpl$usenofp) for __I$use$fp


==============================================================================

Removing Unused input sections from the image.

    Removing main.o(.text), (0 bytes).
    Removing main.o(.ARM.exidx.text.my_main), (8 bytes).
    Removing main.o(.ARM.exidx.text.draw), (8 bytes).
    Removing main.o(.ARM.exidx.text.getPixel), (8 bytes).
    Removing watchface_api.o(.text), (0 bytes).
    Removing watchface_api.o(.text.systemVariableInit), (76 bytes).
    Removing watchface_api.o(.ARM.exidx.text.systemVariableInit), (8 bytes).

7 unused section(s) (total 108 bytes) removed from the image.

==============================================================================

Image Symbol Table

    Local Symbols

    Symbol Name                              Value     Ov Type        Size  Object(Section)

    ../clib/memcpset.s                       0x00000000   Number         0  rt_memclr_w.o ABSOLUTE
    ../fplib/dcmp.s                          0x00000000   Number         0  dcmp.o ABSOLUTE
    ../fplib/dcmpi.s                         0x00000000   Number         0  dcmpi.o ABSOLUTE
    ../fplib/deqf.s                          0x00000000   Number         0  deqf.o ABSOLUTE
    ../fplib/dgeqf.s                         0x00000000   Number         0  dgeqf.o ABSOLUTE
    ../fplib/dleqf.s                         0x00000000   Number         0  dleqf.o ABSOLUTE
    ../fplib/dnaninf.s                       0x00000000   Number         0  dnaninf.o ABSOLUTE
    ../fplib/dretinf.s                       0x00000000   Number         0  dretinf.o ABSOLUTE
    ../fplib/f2d.s                           0x00000000   Number         0  f2d.o ABSOLUTE
    ../fplib/fnaninf.s                       0x00000000   Number         0  fnaninf.o ABSOLUTE
    ../fplib/usenofp.s                       0x00000000   Number         0  usenofp.o ABSOLUTE
    api_table.s                              0x00000000   Number         0  api_table.o ABSOLUTE
    dc.s                                     0x00000000   Number         0  dc.o ABSOLUTE
    main.c                                   0x00000000   Number         0  main.o ABSOLUTE
    watchface_api.c                          0x00000000   Number         0  watchface_api.o ABSOLUTE
    [Anonymous Symbol]                       0x20007800   Section        0  main.o(.text.my_main)
    __arm_cp.0_0                             0x20007828   Number         4  main.o(.text.my_main)
    __arm_cp.0_1                             0x2000782c   Number         4  main.o(.text.my_main)
    .text                                    0x20007830   Section      524  api_table.o(.text)
    .text                                    0x20007a3c   Section       78  rt_memclr_w.o(.text)
    draw                                     0x20007a8d   Thumb Code   620  main.o(.text.draw)
    [Anonymous Symbol]                       0x20007a8c   Section        0  main.o(.text.draw)
    __arm_cp.1_0                             0x20007cdc   Number         4  main.o(.text.draw)
    __arm_cp.1_1                             0x20007ce0   Number         4  main.o(.text.draw)
    __arm_cp.1_2                             0x20007ce4   Number         4  main.o(.text.draw)
    __arm_cp.1_3                             0x20007ce8   Number         4  main.o(.text.draw)
    __arm_cp.1_4                             0x20007cec   Number         4  main.o(.text.draw)
    __arm_cp.1_5                             0x20007cf0   Number         4  main.o(.text.draw)
    __arm_cp.1_6                             0x20007cf4   Number         4  main.o(.text.draw)
    getPixel                                 0x20007d01   Thumb Code    48  main.o(.text.getPixel)
    [Anonymous Symbol]                       0x20007d00   Section        0  main.o(.text.getPixel)
    __arm_cp.2_0                             0x20007d2c   Number         4  main.o(.text.getPixel)
    x$fpl$dcmpinf                            0x20007d30   Section       24  dcmpi.o(x$fpl$dcmpinf)
    x$fpl$deqf                               0x20007d48   Section      120  deqf.o(x$fpl$deqf)
    x$fpl$dgeqf                              0x20007dc0   Section      120  dgeqf.o(x$fpl$dgeqf)
    x$fpl$dleqf                              0x20007e38   Section      120  dleqf.o(x$fpl$dleqf)
    x$fpl$dnaninf                            0x20007eb0   Section      156  dnaninf.o(x$fpl$dnaninf)
    x$fpl$dretinf                            0x20007f4c   Section       12  dretinf.o(x$fpl$dretinf)
    x$fpl$f2d                                0x20007f58   Section       86  f2d.o(x$fpl$f2d)
    x$fpl$fcmp                               0x20007fae   Section       84  dcmp.o(x$fpl$fcmp)
    x$fpl$fnaninf                            0x20008002   Section      140  fnaninf.o(x$fpl$fnaninf)
    x$fpl$usenofp                            0x2000808e   Section        0  usenofp.o(x$fpl$usenofp)
    solver_update.start_seed_flag            0x20008090   Data           1  main.o(.bss..L_MergedGlobals)
    [Anonymous Symbol]                       0x20008090   Section        0  main.o(.bss..L_MergedGlobals)
    gen_snows.last_x                         0x20008091   Data           1  main.o(.bss..L_MergedGlobals)
    gen_snows.last_y                         0x20008092   Data           1  main.o(.bss..L_MergedGlobals)
    gen_snows.now_seed_count                 0x20008093   Data           1  main.o(.bss..L_MergedGlobals)
    [Anonymous Symbol]                       0x20008094   Section        0  watchface_api.o(.bss..L_MergedGlobals)

    Global Symbols

    Symbol Name                              Value     Ov Type        Size  Object(Section)

    BuildAttributes$$THM_ISAv4$E$P$D$K$B$S$7EM$PE$A:L22UL41UL21$X:L11$S22US41US21$IEEE1$IW$~IW$USESV6$~STKCKD$USESV7$~SHL$OSPACE$ROPI$EBA8$STANDARDLIB$REQ8$PRES8$EABIv2 0x00000000   Number         0  anon$$obj.o ABSOLUTE
    my_main                                  0x20007801   Thumb Code    48  main.o(.text.my_main)
    alarm_getNext                            0x20007831   Thumb Code    14  api_table.o(.text)
    alarm_getNextDay                         0x2000783f   Thumb Code    14  api_table.o(.text)
    appConfig_sysVar                         0x2000784d   Thumb Code    14  api_table.o(.text)
    colon_sysVar                             0x2000785b   Thumb Code    14  api_table.o(.text)
    display_setDrawFunc                      0x20007869   Thumb Code    14  api_table.o(.text)
    div10                                    0x20007877   Thumb Code    14  api_table.o(.text)
    dowImg_sysVar                            0x20007885   Thumb Code    14  api_table.o(.text)
    drawBattery                              0x20007893   Thumb Code    14  api_table.o(.text)
    drawDate                                 0x200078a1   Thumb Code    14  api_table.o(.text)
    drawTemperature                          0x200078af   Thumb Code    14  api_table.o(.text)
    draw_bitmap                              0x200078bd   Thumb Code    14  api_table.o(.text)
    draw_string                              0x200078cb   Thumb Code    14  api_table.o(.text)
    millis_get                               0x200078d9   Thumb Code    14  api_table.o(.text)
    mod10                                    0x200078e7   Thumb Code    14  api_table.o(.text)
    openLSM6DSM                              0x200078f5   Thumb Code    14  api_table.o(.text)
    open_watchface_general                   0x20007903   Thumb Code    14  api_table.o(.text)
    stopwatch_sysVar                         0x20007911   Thumb Code    14  api_table.o(.text)
    stopwatch_active                         0x2000791f   Thumb Code    14  api_table.o(.text)
    timeDate_sysVar                          0x2000792d   Thumb Code    14  api_table.o(.text)
    time_timeMode                            0x2000793b   Thumb Code    14  api_table.o(.text)
    watchFace_switchUpdate                   0x20007949   Thumb Code    14  api_table.o(.text)
    console_log                              0x20007957   Thumb Code    14  api_table.o(.text)
    drawVectorChar                           0x20007965   Thumb Code    14  api_table.o(.text)
    setVectorDrawClipWin                     0x20007973   Thumb Code    14  api_table.o(.text)
    getBtLinkState                           0x20007981   Thumb Code    14  api_table.o(.text)
    getCharingState                          0x2000798f   Thumb Code    14  api_table.o(.text)
    blueToothIcon_sysVar                     0x2000799d   Thumb Code    14  api_table.o(.text)
    chargeIcon_sysVar                        0x200079ab   Thumb Code    14  api_table.o(.text)
    myOLED_DrawLine                          0x200079b9   Thumb Code    14  api_table.o(.text)
    smallFont_sysVar                         0x200079c7   Thumb Code    14  api_table.o(.text)
    ticker                                   0x200079d5   Thumb Code    14  api_table.o(.text)
    draw_point                               0x200079e3   Thumb Code    14  api_table.o(.text)
    drawCude3D                               0x200079f1   Thumb Code    14  api_table.o(.text)
    oledBuffer_sysVar                        0x200079ff   Thumb Code    14  api_table.o(.text)
    LSM6DSM_sysVar                           0x20007a0d   Thumb Code    14  api_table.o(.text)
    LIS3MDL_sysVar                           0x20007a1b   Thumb Code    14  api_table.o(.text)
    openLIS3MDL                              0x20007a29   Thumb Code    14  api_table.o(.text)
    __aeabi_memclr4                          0x20007a3d   Thumb Code     0  rt_memclr_w.o(.text)
    __aeabi_memclr8                          0x20007a3d   Thumb Code     0  rt_memclr_w.o(.text)
    __rt_memclr_w                            0x20007a3d   Thumb Code    78  rt_memclr_w.o(.text)
    _memset_w                                0x20007a41   Thumb Code     0  rt_memclr_w.o(.text)
    __fpl_dcmp_Inf                           0x20007d31   Thumb Code    24  dcmpi.o(x$fpl$dcmpinf)
    __aeabi_cdcmpeq                          0x20007d49   Thumb Code     0  deqf.o(x$fpl$deqf)
    _dcmpeq                                  0x20007d49   Thumb Code   120  deqf.o(x$fpl$deqf)
    __aeabi_cdcmpge                          0x20007dc1   Thumb Code     0  dgeqf.o(x$fpl$dgeqf)
    _dcmpge                                  0x20007dc1   Thumb Code   120  dgeqf.o(x$fpl$dgeqf)
    __aeabi_cdcmple                          0x20007e39   Thumb Code     0  dleqf.o(x$fpl$dleqf)
    _dcmple                                  0x20007e39   Thumb Code   120  dleqf.o(x$fpl$dleqf)
    __fpl_dcmple_InfNaN                      0x20007e9b   Thumb Code     0  dleqf.o(x$fpl$dleqf)
    __fpl_dnaninf                            0x20007eb1   Thumb Code   156  dnaninf.o(x$fpl$dnaninf)
    __fpl_dretinf                            0x20007f4d   Thumb Code    12  dretinf.o(x$fpl$dretinf)
    __aeabi_f2d                              0x20007f59   Thumb Code     0  f2d.o(x$fpl$f2d)
    _f2d                                     0x20007f59   Thumb Code    86  f2d.o(x$fpl$f2d)
    __aeabi_dcmpeq                           0x20007faf   Thumb Code     0  dcmp.o(x$fpl$fcmp)
    _deq                                     0x20007faf   Thumb Code    14  dcmp.o(x$fpl$fcmp)
    _dneq                                    0x20007fbd   Thumb Code    14  dcmp.o(x$fpl$fcmp)
    __aeabi_dcmpgt                           0x20007fcb   Thumb Code     0  dcmp.o(x$fpl$fcmp)
    _dgr                                     0x20007fcb   Thumb Code    14  dcmp.o(x$fpl$fcmp)
    __aeabi_dcmpge                           0x20007fd9   Thumb Code     0  dcmp.o(x$fpl$fcmp)
    _dgeq                                    0x20007fd9   Thumb Code    14  dcmp.o(x$fpl$fcmp)
    __aeabi_dcmple                           0x20007fe7   Thumb Code     0  dcmp.o(x$fpl$fcmp)
    _dleq                                    0x20007fe7   Thumb Code    14  dcmp.o(x$fpl$fcmp)
    __aeabi_dcmplt                           0x20007ff5   Thumb Code     0  dcmp.o(x$fpl$fcmp)
    _dls                                     0x20007ff5   Thumb Code    14  dcmp.o(x$fpl$fcmp)
    __fpl_fnaninf                            0x20008003   Thumb Code   140  fnaninf.o(x$fpl$fnaninf)
    __I$use$fp                               0x2000808e   Number         0  usenofp.o(x$fpl$usenofp)
    blueToothIcon                            0x20008094   Data           4  watchface_api.o(.bss..L_MergedGlobals)
    chargeIcon                               0x20008098   Data           4  watchface_api.o(.bss..L_MergedGlobals)
    stopwatch                                0x2000809c   Data           4  watchface_api.o(.bss..L_MergedGlobals)
    dowImg                                   0x200080a0   Data           4  watchface_api.o(.bss..L_MergedGlobals)
    colon                                    0x200080a4   Data           4  watchface_api.o(.bss..L_MergedGlobals)
    timeDate                                 0x200080a8   Data           4  watchface_api.o(.bss..L_MergedGlobals)
    appConfig                                0x200080ac   Data           4  watchface_api.o(.bss..L_MergedGlobals)
    smallFont                                0x200080b0   Data           4  watchface_api.o(.bss..L_MergedGlobals)
    oledBuffer                               0x200080b4   Data           4  watchface_api.o(.bss..L_MergedGlobals)
    LSM6DSM                                  0x200080b8   Data           4  watchface_api.o(.bss..L_MergedGlobals)
    LIS3MDL                                  0x200080bc   Data           4  watchface_api.o(.bss..L_MergedGlobals)
    solver_snow                              0x200080c0   Data         608  main.o(.bss.solver_snow)



==============================================================================

Memory Map of the image

  Image Entry point : 0x20007801

  Load Region LR_IROM1 (Base: 0x20007800, Size: 0x00000890, Max: 0x00010800, ABSOLUTE)

    Execution Region RW_IRAM2 (Exec base: 0x10000000, Load base: 0x20008090, Size: 0x00000000, Max: 0x00004000, ABSOLUTE)

    **** No section assigned to this execution region ****


    Execution Region ER_IROM1 (Exec base: 0x20007800, Load base: 0x20007800, Size: 0x00000b20, Max: 0x00010800, ABSOLUTE)

    Exec Addr    Load Addr    Size         Type   Attr      Idx    E Section Name        Object

    0x20007800   0x20007800   0x00000030   Code   RO            2  * .text.my_main       main.o
    0x20007830   0x20007830   0x0000020c   Code   RO           10    .text               api_table.o
    0x20007a3c   0x20007a3c   0x0000004e   Code   RO           17    .text               c_w.l(rt_memclr_w.o)
    0x20007a8a   0x20007a8a   0x00000002   PAD
    0x20007a8c   0x20007a8c   0x00000272   Code   RO            4    .text.draw          main.o
    0x20007cfe   0x20007cfe   0x00000002   PAD
    0x20007d00   0x20007d00   0x00000030   Code   RO            6    .text.getPixel      main.o
    0x20007d30   0x20007d30   0x00000018   Code   RO           26    x$fpl$dcmpinf       fz_ws.l(dcmpi.o)
    0x20007d48   0x20007d48   0x00000078   Code   RO           20    x$fpl$deqf          fz_ws.l(deqf.o)
    0x20007dc0   0x20007dc0   0x00000078   Code   RO           21    x$fpl$dgeqf         fz_ws.l(dgeqf.o)
    0x20007e38   0x20007e38   0x00000078   Code   RO           22    x$fpl$dleqf         fz_ws.l(dleqf.o)
    0x20007eb0   0x20007eb0   0x0000009c   Code   RO           27    x$fpl$dnaninf       fz_ws.l(dnaninf.o)
    0x20007f4c   0x20007f4c   0x0000000c   Code   RO           23    x$fpl$dretinf       fz_ws.l(dretinf.o)
    0x20007f58   0x20007f58   0x00000056   Code   RO           19    x$fpl$f2d           fz_ws.l(f2d.o)
    0x20007fae   0x20007fae   0x00000054   Code   RO           18    x$fpl$fcmp          fz_ws.l(dcmp.o)
    0x20008002   0x20008002   0x0000008c   Code   RO           24    x$fpl$fnaninf       fz_ws.l(fnaninf.o)
    0x2000808e   0x2000808e   0x00000000   Code   RO           25    x$fpl$usenofp       fz_ws.l(usenofp.o)
    0x2000808e   0x2000808e   0x00000002   PAD
    0x20008090        -       0x00000004   Zero   RW            9    .bss..L_MergedGlobals  main.o
    0x20008094        -       0x0000002c   Zero   RW           14    .bss..L_MergedGlobals  watchface_api.o
    0x200080c0        -       0x00000260   Zero   RW            8    .bss.solver_snow    main.o


==============================================================================

Image component sizes


      Code (inc. data)   RO Data    RW Data    ZI Data      Debug   Object Name

       524          6          0          0          0          0   api_table.o
       722         40          0          0        612          0   main.o
         0          0          0          0         44          0   watchface_api.o

    ----------------------------------------------------------------------
      1248         46          0          0        656          0   Object Totals
         0          0          0          0          0          0   (incl. Generated)
         2          0          0          0          0          0   (incl. Padding)

    ----------------------------------------------------------------------

      Code (inc. data)   RO Data    RW Data    ZI Data      Debug   Library Member Name

        78          0          0          0          0          0   rt_memclr_w.o
        84          0          0          0          0          0   dcmp.o
        24          0          0          0          0          0   dcmpi.o
       120          4          0          0          0          0   deqf.o
       120          4          0          0          0          0   dgeqf.o
       120          4          0          0          0          0   dleqf.o
       156          4          0          0          0          0   dnaninf.o
        12          0          0          0          0          0   dretinf.o
        86          4          0          0          0          0   f2d.o
       140          4          0          0          0          0   fnaninf.o
         0          0          0          0          0          0   usenofp.o

    ----------------------------------------------------------------------
       944         24          0          0          0          0   Library Totals
         4          0          0          0          0          0   (incl. Padding)

    ----------------------------------------------------------------------

      Code (inc. data)   RO Data    RW Data    ZI Data      Debug   Library Name

        78          0          0          0          0          0   c_w.l
       862         24          0          0          0          0   fz_ws.l

    ----------------------------------------------------------------------
       944         24          0          0          0          0   Library Totals

    ----------------------------------------------------------------------

==============================================================================


      Code (inc. data)   RO Data    RW Data    ZI Data      Debug   

      2192         70          0          0        656          0   Grand Totals
      2192         70          0          0        656          0   ELF Image Totals
      2192         70          0          0          0          0   ROM Totals

==============================================================================

    Total RO  Size (Code + RO Data)                 2192 (   2.14kB)
    Total RW  Size (RW Data + ZI Data)               656 (   0.64kB)
    Total ROM Size (Code + RO Data + RW Data)       2192 (   2.14kB)

==============================================================================

