Component: ARM Compiler 6.13.1 Tool: armlink [5d895400]

==============================================================================

Section Cross References

    main.o(.text.my_main) refers to watchface_api.o(.text.systemVariableInit) for systemVariableInit
    main.o(.text.my_main) refers to api_table.o(.text) for display_setDrawFunc
    main.o(.text.my_main) refers to memseta.o(.text) for __aeabi_memclr4
    main.o(.text.my_main) refers to main.o(.bss.balls_arry) for balls_arry
    main.o(.text.my_main) refers to main.o(.bss..L_MergedGlobals) for .L_MergedGlobals
    main.o(.text.my_main) refers to main.o(.text.draw) for draw
    main.o(.ARM.exidx.text.my_main) refers to main.o(.text.my_main) for [Anonymous Symbol]
    main.o(.text.draw) refers to api_table.o(.text) for watchFace_switchUpdate
    main.o(.text.draw) refers to main.o(.text.ball_balls) for ball_balls
    main.o(.ARM.exidx.text.draw) refers to main.o(.text.draw) for [Anonymous Symbol]
    main.o(.text.balls_init) refers to memseta.o(.text) for __aeabi_memclr4
    main.o(.text.balls_init) refers to main.o(.bss.balls_arry) for balls_arry
    main.o(.text.balls_init) refers to main.o(.bss..L_MergedGlobals) for .L_MergedGlobals
    main.o(.ARM.exidx.text.balls_init) refers to main.o(.text.balls_init) for [Anonymous Symbol]
    main.o(.text.collide) refers to main.o(.text.getPixel) for getPixel
    main.o(.ARM.exidx.text.collide) refers to main.o(.text.collide) for [Anonymous Symbol]
    main.o(.text.getPixel) refers to watchface_api.o(.bss..L_MergedGlobals) for oledBuffer
    main.o(.ARM.exidx.text.getPixel) refers to main.o(.text.getPixel) for [Anonymous Symbol]
    main.o(.text.ball_balls) refers to api_table.o(.text) for millis_get
    main.o(.text.ball_balls) refers to main.o(.text.collide) for collide
    main.o(.text.ball_balls) refers to main.o(.bss..L_MergedGlobals) for .L_MergedGlobals
    main.o(.text.ball_balls) refers to main.o(.bss.balls_arry) for balls_arry
    main.o(.ARM.exidx.text.ball_balls) refers to main.o(.text.ball_balls) for [Anonymous Symbol]
    watchface_api.o(.text.systemVariableInit) refers to api_table.o(.text) for blueToothIcon_sysVar
    watchface_api.o(.text.systemVariableInit) refers to watchface_api.o(.bss..L_MergedGlobals) for .L_MergedGlobals
    watchface_api.o(.ARM.exidx.text.systemVariableInit) refers to watchface_api.o(.text.systemVariableInit) for [Anonymous Symbol]


==============================================================================

Removing Unused input sections from the image.

    Removing main.o(.text), (0 bytes).
    Removing main.o(.ARM.exidx.text.my_main), (8 bytes).
    Removing main.o(.ARM.exidx.text.draw), (8 bytes).
    Removing main.o(.text.balls_init), (32 bytes).
    Removing main.o(.ARM.exidx.text.balls_init), (8 bytes).
    Removing main.o(.ARM.exidx.text.collide), (8 bytes).
    Removing main.o(.ARM.exidx.text.getPixel), (8 bytes).
    Removing main.o(.ARM.exidx.text.ball_balls), (8 bytes).
    Removing watchface_api.o(.text), (0 bytes).
    Removing watchface_api.o(.ARM.exidx.text.systemVariableInit), (8 bytes).

10 unused section(s) (total 88 bytes) removed from the image.

==============================================================================

Image Symbol Table

    Local Symbols

    Symbol Name                              Value     Ov Type        Size  Object(Section)

    ../clib/microlib/string/memset.c         0x00000000   Number         0  memseta.o ABSOLUTE
    api_table.s                              0x00000000   Number         0  api_table.o ABSOLUTE
    dc.s                                     0x00000000   Number         0  dc.o ABSOLUTE
    main.c                                   0x00000000   Number         0  main.o ABSOLUTE
    watchface_api.c                          0x00000000   Number         0  watchface_api.o ABSOLUTE
    [Anonymous Symbol]                       0x00000000   Section        0  main.o(.text.my_main)
    .L_MergedGlobals                         0x00000004   Data          12  main.o(.bss..L_MergedGlobals)
    ball_balls.start_seed_flag               0x00000004   Data           1  main.o(.bss..L_MergedGlobals)
    ball_balls.x                             0x00000005   Data           1  main.o(.bss..L_MergedGlobals)
    ball_balls.y                             0x00000006   Data           1  main.o(.bss..L_MergedGlobals)
    ball_balls.speed_x                       0x00000007   Data           1  main.o(.bss..L_MergedGlobals)
    ball_balls.speed_y                       0x00000008   Data           1  main.o(.bss..L_MergedGlobals)
    activedCount                             0x00000009   Data           1  main.o(.bss..L_MergedGlobals)
    seed_ball.now_seed_count                 0x0000000a   Data           1  main.o(.bss..L_MergedGlobals)
    time_counter                             0x0000000c   Data           4  main.o(.bss..L_MergedGlobals)
    .L_MergedGlobals                         0x00000010   Data          36  watchface_api.o(.bss..L_MergedGlobals)
    .text                                    0x00000034   Section      496  api_table.o(.text)
    .text                                    0x00000224   Section        0  memseta.o(.text)
    [Anonymous Symbol]                       0x00000248   Section        0  main.o(.text.ball_balls)
    [Anonymous Symbol]                       0x00000458   Section        0  main.o(.text.collide)
    draw                                     0x000004bd   Thumb Code    24  main.o(.text.draw)
    [Anonymous Symbol]                       0x000004bc   Section        0  main.o(.text.draw)
    getPixel                                 0x000004d5   Thumb Code    52  main.o(.text.getPixel)
    [Anonymous Symbol]                       0x000004d4   Section        0  main.o(.text.getPixel)
    [Anonymous Symbol]                       0x00000508   Section        0  watchface_api.o(.text.systemVariableInit)

    Global Symbols

    Symbol Name                              Value     Ov Type        Size  Object(Section)

    BuildAttributes$$THM_ISAv4$E$P$D$K$B$S$7EM$PE$A:L22UL41UL21$X:L11$S22US41US21$IEEE1$IW$~IW$RWPI$USESV6$~STKCKD$USESV7$~SHL$OSPACE$ROPI$EBA8$MICROLIB$REQ8$PRES8$EABIv2 0x00000000   Number         0  anon$$obj.o ABSOLUTE
    my_main                                  0x00000001   Thumb Code    52  main.o(.text.my_main)
    blueToothIcon                            0x00000010   Data           4  watchface_api.o(.bss..L_MergedGlobals)
    chargeIcon                               0x00000014   Data           4  watchface_api.o(.bss..L_MergedGlobals)
    stopwatch                                0x00000018   Data           4  watchface_api.o(.bss..L_MergedGlobals)
    dowImg                                   0x0000001c   Data           4  watchface_api.o(.bss..L_MergedGlobals)
    colon                                    0x00000020   Data           4  watchface_api.o(.bss..L_MergedGlobals)
    timeDate                                 0x00000024   Data           4  watchface_api.o(.bss..L_MergedGlobals)
    appConfig                                0x00000028   Data           4  watchface_api.o(.bss..L_MergedGlobals)
    smallFont                                0x0000002c   Data           4  watchface_api.o(.bss..L_MergedGlobals)
    oledBuffer                               0x00000030   Data           4  watchface_api.o(.bss..L_MergedGlobals)
    alarm_getNext                            0x00000035   Thumb Code    14  api_table.o(.text)
    balls_arry                               0x00000034   Data         500  main.o(.bss.balls_arry)
    alarm_getNextDay                         0x00000043   Thumb Code    14  api_table.o(.text)
    appConfig_sysVar                         0x00000051   Thumb Code    14  api_table.o(.text)
    colon_sysVar                             0x0000005f   Thumb Code    14  api_table.o(.text)
    display_setDrawFunc                      0x0000006d   Thumb Code    14  api_table.o(.text)
    div10                                    0x0000007b   Thumb Code    14  api_table.o(.text)
    dowImg_sysVar                            0x00000089   Thumb Code    14  api_table.o(.text)
    drawBattery                              0x00000097   Thumb Code    14  api_table.o(.text)
    drawDate                                 0x000000a5   Thumb Code    14  api_table.o(.text)
    drawTemperature                          0x000000b3   Thumb Code    14  api_table.o(.text)
    draw_bitmap                              0x000000c1   Thumb Code    14  api_table.o(.text)
    draw_string                              0x000000cf   Thumb Code    14  api_table.o(.text)
    millis_get                               0x000000dd   Thumb Code    14  api_table.o(.text)
    mod10                                    0x000000eb   Thumb Code    14  api_table.o(.text)
    openLSM6DSM                              0x000000f9   Thumb Code    14  api_table.o(.text)
    open_watchface_general                   0x00000107   Thumb Code    14  api_table.o(.text)
    stopwatch_sysVar                         0x00000115   Thumb Code    14  api_table.o(.text)
    stopwatch_active                         0x00000123   Thumb Code    14  api_table.o(.text)
    timeDate_sysVar                          0x00000131   Thumb Code    14  api_table.o(.text)
    time_timeMode                            0x0000013f   Thumb Code    14  api_table.o(.text)
    watchFace_switchUpdate                   0x0000014d   Thumb Code    14  api_table.o(.text)
    console_log                              0x0000015b   Thumb Code    14  api_table.o(.text)
    drawVectorChar                           0x00000169   Thumb Code    14  api_table.o(.text)
    setVectorDrawClipWin                     0x00000177   Thumb Code    14  api_table.o(.text)
    getBtLinkState                           0x00000185   Thumb Code    14  api_table.o(.text)
    getCharingState                          0x00000193   Thumb Code    14  api_table.o(.text)
    blueToothIcon_sysVar                     0x000001a1   Thumb Code    14  api_table.o(.text)
    chargeIcon_sysVar                        0x000001af   Thumb Code    14  api_table.o(.text)
    myOLED_DrawLine                          0x000001bd   Thumb Code    14  api_table.o(.text)
    smallFont_sysVar                         0x000001cb   Thumb Code    14  api_table.o(.text)
    ticker                                   0x000001d9   Thumb Code    14  api_table.o(.text)
    draw_point                               0x000001e7   Thumb Code    14  api_table.o(.text)
    drawCude3D                               0x000001f5   Thumb Code    14  api_table.o(.text)
    oledBuffer_sysVar                        0x00000203   Thumb Code    14  api_table.o(.text)
    oled_flush                               0x00000211   Thumb Code    14  api_table.o(.text)
    __aeabi_memset                           0x00000225   Thumb Code    14  memseta.o(.text)
    __aeabi_memset4                          0x00000225   Thumb Code     0  memseta.o(.text)
    __aeabi_memset8                          0x00000225   Thumb Code     0  memseta.o(.text)
    __aeabi_memclr                           0x00000233   Thumb Code     4  memseta.o(.text)
    __aeabi_memclr4                          0x00000233   Thumb Code     0  memseta.o(.text)
    __aeabi_memclr8                          0x00000233   Thumb Code     0  memseta.o(.text)
    _memset$wrapper                          0x00000237   Thumb Code    18  memseta.o(.text)
    ball_balls                               0x00000249   Thumb Code   528  main.o(.text.ball_balls)
    collide                                  0x00000459   Thumb Code   100  main.o(.text.collide)
    systemVariableInit                       0x00000509   Thumb Code    72  watchface_api.o(.text.systemVariableInit)



==============================================================================

Memory Map of the image

  Image Entry point : 0x00000001

  Load Region LR_1 (Base: 0x00000000, Size: 0x00000554, Max: 0xffffffff, PI)

    Execution Region ER_RO (Exec base: 0x00000000, Load base: 0x00000000, Size: 0x00000550, Max: 0xffffffff, PI)

    Exec Addr    Load Addr    Size         Type   Attr      Idx    E Section Name        Object

    0x00000000   0x00000000   0x00000034   Code   RO            2  * .text.my_main       main.o
    0x00000034   0x00000034   0x000001f0   Code   RO           16    .text               api_table.o
    0x00000224   0x00000224   0x00000024   Code   RO           23    .text               mc_w.l(memseta.o)
    0x00000248   0x00000248   0x00000210   Code   RO           12    .text.ball_balls    main.o
    0x00000458   0x00000458   0x00000064   Code   RO            8    .text.collide       main.o
    0x000004bc   0x000004bc   0x00000018   Code   RO            4    .text.draw          main.o
    0x000004d4   0x000004d4   0x00000034   Code   RO           10    .text.getPixel      main.o
    0x00000508   0x00000508   0x00000048   Code   RO           18    .text.systemVariableInit  watchface_api.o


    Execution Region ER_RW (Exec base: 0x00000000, Load base: 0x00000550, Size: 0x00000004, Max: 0xffffffff, PI)

    Exec Addr    Load Addr    Size         Type   Attr      Idx    E Section Name        Object

    0x00000000   0x00000550   0x00000004   Data   RW           25    PDT$$ptr            anon$$obj.o


    Execution Region ER_ZI (Exec base: 0x00000004, Load base: 0x00000554, Size: 0x00000224, Max: 0xffffffff, PI)

    Exec Addr    Load Addr    Size         Type   Attr      Idx    E Section Name        Object

    0x00000004        -       0x0000000c   Zero   RW           15    .bss..L_MergedGlobals  main.o
    0x00000010        -       0x00000024   Zero   RW           20    .bss..L_MergedGlobals  watchface_api.o
    0x00000034        -       0x000001f4   Zero   RW           14    .bss.balls_arry     main.o


==============================================================================

Image component sizes


      Code (inc. data)   RO Data    RW Data    ZI Data      Debug   Object Name

       496          6          0          0          0          0   api_table.o
       756         32          0          0        512          0   main.o
        72          4          0          0         36          0   watchface_api.o

    ----------------------------------------------------------------------
      1324         42          0          4        548          0   Object Totals
         0          0          0          4          0          0   (incl. Generated)
         0          0          0          0          0          0   (incl. Padding)

    ----------------------------------------------------------------------

      Code (inc. data)   RO Data    RW Data    ZI Data      Debug   Library Member Name

        36          0          0          0          0          0   memseta.o

    ----------------------------------------------------------------------
        36          0          0          0          0          0   Library Totals
         0          0          0          0          0          0   (incl. Padding)

    ----------------------------------------------------------------------

      Code (inc. data)   RO Data    RW Data    ZI Data      Debug   Library Name

        36          0          0          0          0          0   mc_w.l

    ----------------------------------------------------------------------
        36          0          0          0          0          0   Library Totals

    ----------------------------------------------------------------------

==============================================================================


      Code (inc. data)   RO Data    RW Data    ZI Data      Debug   

      1360         42          0          4        548          0   Grand Totals
      1360         42          0          4        548          0   ELF Image Totals
      1360         42          0          4          0          0   ROM Totals

==============================================================================

    Total RO  Size (Code + RO Data)                 1360 (   1.33kB)
    Total RW  Size (RW Data + ZI Data)               552 (   0.54kB)
    Total ROM Size (Code + RO Data + RW Data)       1364 (   1.33kB)

==============================================================================

