Component: ARM Compiler 6.13.1 Tool: armlink [5d895400]

==============================================================================

Section Cross References

    main.o(.text) refers (Special) to _printf_d.o(.ARM.Collect$$_printf_percent$$00000009) for _printf_d
    main.o(.text) refers (Special) to _printf_dec.o(.text) for _printf_int_dec
    main.o(.text) refers (Special) to _printf_percent.o(.ARM.Collect$$_printf_percent$$00000000) for _printf_percent
    main.o(.text.my_main) refers (Special) to _printf_d.o(.ARM.Collect$$_printf_percent$$00000009) for _printf_d
    main.o(.text.my_main) refers (Special) to _printf_dec.o(.text) for _printf_int_dec
    main.o(.text.my_main) refers (Special) to _printf_percent.o(.ARM.Collect$$_printf_percent$$00000000) for _printf_percent
    main.o(.text.my_main) refers to watchface_api.o(.text.systemVariableInit) for systemVariableInit
    main.o(.text.my_main) refers to api_table.o(.text) for display_setDrawFunc
    main.o(.text.my_main) refers to main.o(.text.draw) for draw
    main.o(.ARM.exidx.text.my_main) refers (Special) to _printf_d.o(.ARM.Collect$$_printf_percent$$00000009) for _printf_d
    main.o(.ARM.exidx.text.my_main) refers (Special) to _printf_dec.o(.text) for _printf_int_dec
    main.o(.ARM.exidx.text.my_main) refers (Special) to _printf_percent.o(.ARM.Collect$$_printf_percent$$00000000) for _printf_percent
    main.o(.ARM.exidx.text.my_main) refers to main.o(.text.my_main) for [Anonymous Symbol]
    main.o(.text.draw) refers (Special) to _printf_d.o(.ARM.Collect$$_printf_percent$$00000009) for _printf_d
    main.o(.text.draw) refers (Special) to _printf_dec.o(.text) for _printf_int_dec
    main.o(.text.draw) refers (Special) to _printf_percent.o(.ARM.Collect$$_printf_percent$$00000000) for _printf_percent
    main.o(.text.draw) refers to api_table.o(.text) for watchFace_switchUpdate
    main.o(.text.draw) refers to main.o(.text.drawSimClock) for drawSimClock
    main.o(.ARM.exidx.text.draw) refers (Special) to _printf_d.o(.ARM.Collect$$_printf_percent$$00000009) for _printf_d
    main.o(.ARM.exidx.text.draw) refers (Special) to _printf_dec.o(.text) for _printf_int_dec
    main.o(.ARM.exidx.text.draw) refers (Special) to _printf_percent.o(.ARM.Collect$$_printf_percent$$00000000) for _printf_percent
    main.o(.ARM.exidx.text.draw) refers to main.o(.text.draw) for [Anonymous Symbol]
    main.o(.text.drawSimClock) refers (Special) to _printf_d.o(.ARM.Collect$$_printf_percent$$00000009) for _printf_d
    main.o(.text.drawSimClock) refers (Special) to _printf_dec.o(.text) for _printf_int_dec
    main.o(.text.drawSimClock) refers (Special) to _printf_percent.o(.ARM.Collect$$_printf_percent$$00000000) for _printf_percent
    main.o(.text.drawSimClock) refers to fflt_clz.o(x$fpl$fflt) for __aeabi_i2f
    main.o(.text.drawSimClock) refers to main.o(.text.radians) for radians
    main.o(.text.drawSimClock) refers to f2d.o(x$fpl$f2d) for __aeabi_f2d
    main.o(.text.drawSimClock) refers to sin.o(i.sin) for sin
    main.o(.text.drawSimClock) refers to dmul.o(x$fpl$dmul) for __aeabi_dmul
    main.o(.text.drawSimClock) refers to daddsub_clz.o(x$fpl$dadd) for __aeabi_dadd
    main.o(.text.drawSimClock) refers to round.o(i.round) for round
    main.o(.text.drawSimClock) refers to dfix.o(x$fpl$dfix) for __aeabi_d2iz
    main.o(.text.drawSimClock) refers to cos.o(i.cos) for cos
    main.o(.text.drawSimClock) refers to daddsub_clz.o(x$fpl$dsub) for __aeabi_dsub
    main.o(.text.drawSimClock) refers to api_table.o(.text) for draw_point
    main.o(.text.drawSimClock) refers to noretval__2sprintf.o(.text) for __2sprintf
    main.o(.text.drawSimClock) refers to watchface_api.o(.bss..L_MergedGlobals) for timeDate
    main.o(.text.drawSimClock) refers to main.o(.bss..L_MergedGlobals) for .L_MergedGlobals
    main.o(.ARM.exidx.text.drawSimClock) refers (Special) to _printf_d.o(.ARM.Collect$$_printf_percent$$00000009) for _printf_d
    main.o(.ARM.exidx.text.drawSimClock) refers (Special) to _printf_dec.o(.text) for _printf_int_dec
    main.o(.ARM.exidx.text.drawSimClock) refers (Special) to _printf_percent.o(.ARM.Collect$$_printf_percent$$00000000) for _printf_percent
    main.o(.ARM.exidx.text.drawSimClock) refers to main.o(.text.drawSimClock) for [Anonymous Symbol]
    main.o(.text.radians) refers (Special) to _printf_d.o(.ARM.Collect$$_printf_percent$$00000009) for _printf_d
    main.o(.text.radians) refers (Special) to _printf_dec.o(.text) for _printf_int_dec
    main.o(.text.radians) refers (Special) to _printf_percent.o(.ARM.Collect$$_printf_percent$$00000000) for _printf_percent
    main.o(.text.radians) refers to f2d.o(x$fpl$f2d) for __aeabi_f2d
    main.o(.text.radians) refers to dmul.o(x$fpl$dmul) for __aeabi_dmul
    main.o(.text.radians) refers to d2f.o(x$fpl$d2f) for __aeabi_d2f
    main.o(.ARM.exidx.text.radians) refers (Special) to _printf_d.o(.ARM.Collect$$_printf_percent$$00000009) for _printf_d
    main.o(.ARM.exidx.text.radians) refers (Special) to _printf_dec.o(.text) for _printf_int_dec
    main.o(.ARM.exidx.text.radians) refers (Special) to _printf_percent.o(.ARM.Collect$$_printf_percent$$00000000) for _printf_percent
    main.o(.ARM.exidx.text.radians) refers to main.o(.text.radians) for [Anonymous Symbol]
    main.o(.bss..L_MergedGlobals) refers (Special) to _printf_d.o(.ARM.Collect$$_printf_percent$$00000009) for _printf_d
    main.o(.bss..L_MergedGlobals) refers (Special) to _printf_dec.o(.text) for _printf_int_dec
    main.o(.bss..L_MergedGlobals) refers (Special) to _printf_percent.o(.ARM.Collect$$_printf_percent$$00000000) for _printf_percent
    watchface_api.o(.text.systemVariableInit) refers to api_table.o(.text) for blueToothIcon_sysVar
    watchface_api.o(.text.systemVariableInit) refers to watchface_api.o(.bss..L_MergedGlobals) for .L_MergedGlobals
    watchface_api.o(.ARM.exidx.text.systemVariableInit) refers to watchface_api.o(.text.systemVariableInit) for [Anonymous Symbol]
    __2sprintf.o(.text) refers to _printf_char_common.o(.text) for _printf_char_common
    __2sprintf.o(.text) refers to _sputc.o(.text) for _sputc
    noretval__2sprintf.o(.text) refers to _printf_char_common.o(.text) for _printf_char_common
    noretval__2sprintf.o(.text) refers to _sputc.o(.text) for _sputc
    __printf.o(.text) refers to _printf_percent.o(.ARM.Collect$$_printf_percent$$00000000) for _printf_percent
    _printf_dec.o(.text) refers to _printf_intcommon.o(.text) for _printf_int_common
    __printf_flags.o(.text) refers to _printf_percent.o(.ARM.Collect$$_printf_percent$$00000000) for _printf_percent
    __printf_flags.o(.text) refers to __printf_flags.o(.constdata) for .constdata
    __printf_ss.o(.text) refers to _printf_percent.o(.ARM.Collect$$_printf_percent$$00000000) for _printf_percent
    __printf_flags_ss.o(.text) refers to _printf_percent.o(.ARM.Collect$$_printf_percent$$00000000) for _printf_percent
    __printf_flags_ss.o(.text) refers to __printf_flags_ss.o(.constdata) for .constdata
    __printf_wp.o(.text) refers to __printf_wp.o(i._is_digit) for _is_digit
    __printf_wp.o(.text) refers to _printf_percent.o(.ARM.Collect$$_printf_percent$$00000000) for _printf_percent
    __printf_flags_wp.o(.text) refers to __printf_wp.o(i._is_digit) for _is_digit
    __printf_flags_wp.o(.text) refers to _printf_percent.o(.ARM.Collect$$_printf_percent$$00000000) for _printf_percent
    __printf_flags_wp.o(.text) refers to __printf_flags_wp.o(.constdata) for .constdata
    __printf_ss_wp.o(.text) refers to __printf_wp.o(i._is_digit) for _is_digit
    __printf_ss_wp.o(.text) refers to _printf_percent.o(.ARM.Collect$$_printf_percent$$00000000) for _printf_percent
    __printf_flags_ss_wp.o(.text) refers to __printf_wp.o(i._is_digit) for _is_digit
    __printf_flags_ss_wp.o(.text) refers to _printf_percent.o(.ARM.Collect$$_printf_percent$$00000000) for _printf_percent
    __printf_flags_ss_wp.o(.text) refers to __printf_flags_ss_wp.o(.constdata) for .constdata
    _printf_d.o(.ARM.Collect$$_printf_percent$$00000009) refers (Weak) to _printf_dec.o(.text) for _printf_int_dec
    _printf_percent.o(.ARM.Collect$$_printf_percent$$00000000) refers (Special) to _printf_percent_end.o(.ARM.Collect$$_printf_percent$$00000017) for _printf_percent_end
    d2f.o(x$fpl$d2f) refers (Special) to usenofp.o(x$fpl$usenofp) for __I$use$fp
    d2f.o(x$fpl$d2f) refers to fretinf.o(x$fpl$fretinf) for __fpl_fretinf
    d2f.o(x$fpl$d2f) refers to dnaninf.o(x$fpl$dnaninf) for __fpl_dnaninf
    daddsub_clz.o(x$fpl$dadd) refers (Special) to usenofp.o(x$fpl$usenofp) for __I$use$fp
    daddsub_clz.o(x$fpl$dadd) refers to daddsub_clz.o(x$fpl$dsub) for _dsub1
    daddsub_clz.o(x$fpl$dadd) refers to dretinf.o(x$fpl$dretinf) for __fpl_dretinf
    daddsub_clz.o(x$fpl$dadd) refers to dnaninf.o(x$fpl$dnaninf) for __fpl_dnaninf
    daddsub_clz.o(x$fpl$drsb) refers (Special) to usenofp.o(x$fpl$usenofp) for __I$use$fp
    daddsub_clz.o(x$fpl$drsb) refers to daddsub_clz.o(x$fpl$dadd) for _dadd1
    daddsub_clz.o(x$fpl$drsb) refers to daddsub_clz.o(x$fpl$dsub) for _dsub1
    daddsub_clz.o(x$fpl$dsub) refers (Special) to usenofp.o(x$fpl$usenofp) for __I$use$fp
    daddsub_clz.o(x$fpl$dsub) refers to daddsub_clz.o(x$fpl$dadd) for _dadd1
    daddsub_clz.o(x$fpl$dsub) refers to dnaninf.o(x$fpl$dnaninf) for __fpl_dnaninf
    dfix.o(x$fpl$dfix) refers (Special) to usenofp.o(x$fpl$usenofp) for __I$use$fp
    dfix.o(x$fpl$dfix) refers to dnaninf.o(x$fpl$dnaninf) for __fpl_dnaninf
    dfix.o(x$fpl$dfixr) refers (Special) to usenofp.o(x$fpl$usenofp) for __I$use$fp
    dfix.o(x$fpl$dfixr) refers to dnaninf.o(x$fpl$dnaninf) for __fpl_dnaninf
    dmul.o(x$fpl$dmul) refers (Special) to usenofp.o(x$fpl$usenofp) for __I$use$fp
    dmul.o(x$fpl$dmul) refers to dretinf.o(x$fpl$dretinf) for __fpl_dretinf
    dmul.o(x$fpl$dmul) refers to dnaninf.o(x$fpl$dnaninf) for __fpl_dnaninf
    f2d.o(x$fpl$f2d) refers (Special) to usenofp.o(x$fpl$usenofp) for __I$use$fp
    f2d.o(x$fpl$f2d) refers to fnaninf.o(x$fpl$fnaninf) for __fpl_fnaninf
    f2d.o(x$fpl$f2d) refers to dretinf.o(x$fpl$dretinf) for __fpl_dretinf
    fflt_clz.o(x$fpl$ffltu) refers (Special) to usenofp.o(x$fpl$usenofp) for __I$use$fp
    fflt_clz.o(x$fpl$fflt) refers (Special) to usenofp.o(x$fpl$usenofp) for __I$use$fp
    fflt_clz.o(x$fpl$ffltn) refers (Special) to usenofp.o(x$fpl$usenofp) for __I$use$fp
    cos.o(i.__softfp_cos) refers (Special) to usenofp.o(x$fpl$usenofp) for __I$use$fp
    cos.o(i.__softfp_cos) refers to cos.o(i.cos) for cos
    cos.o(i.cos) refers (Special) to usenofp.o(x$fpl$usenofp) for __I$use$fp
    cos.o(i.cos) refers to _rserrno.o(.text) for __set_errno
    cos.o(i.cos) refers to dunder.o(i.__mathlib_dbl_invalid) for __mathlib_dbl_invalid
    cos.o(i.cos) refers to dunder.o(i.__mathlib_dbl_infnan) for __mathlib_dbl_infnan
    cos.o(i.cos) refers to rred.o(i.__ieee754_rem_pio2) for __ieee754_rem_pio2
    cos.o(i.cos) refers to sin_i.o(i.__kernel_sin) for __kernel_sin
    cos.o(i.cos) refers to cos_i.o(i.__kernel_cos) for __kernel_cos
    cos_x.o(i.____softfp_cos$lsc) refers (Special) to usenofp.o(x$fpl$usenofp) for __I$use$fp
    cos_x.o(i.____softfp_cos$lsc) refers to cos_x.o(i.__cos$lsc) for __cos$lsc
    cos_x.o(i.__cos$lsc) refers (Special) to usenofp.o(x$fpl$usenofp) for __I$use$fp
    cos_x.o(i.__cos$lsc) refers to _rserrno.o(.text) for __set_errno
    cos_x.o(i.__cos$lsc) refers to dunder.o(i.__mathlib_dbl_infnan) for __mathlib_dbl_infnan
    cos_x.o(i.__cos$lsc) refers to rred.o(i.__ieee754_rem_pio2) for __ieee754_rem_pio2
    cos_x.o(i.__cos$lsc) refers to sin_i.o(i.__kernel_sin) for __kernel_sin
    cos_x.o(i.__cos$lsc) refers to cos_i.o(i.__kernel_cos) for __kernel_cos
    round.o(i.round) refers (Special) to usenofp.o(x$fpl$usenofp) for __I$use$fp
    round.o(i.round) refers to drnd.o(x$fpl$drnd) for _drnd
    round.o(i.round) refers to daddsub_clz.o(x$fpl$drsb) for __aeabi_drsub
    round.o(i.round) refers to dleqf.o(x$fpl$dleqf) for __aeabi_cdcmple
    round.o(i.round) refers to drleqf.o(x$fpl$drleqf) for __aeabi_cdrcmple
    round.o(i.round) refers to daddsub_clz.o(x$fpl$dsub) for __aeabi_dsub
    round.o(i.round) refers to daddsub_clz.o(x$fpl$dadd) for __aeabi_dadd
    sin.o(i.__softfp_sin) refers (Special) to usenofp.o(x$fpl$usenofp) for __I$use$fp
    sin.o(i.__softfp_sin) refers to sin.o(i.sin) for sin
    sin.o(i.sin) refers (Special) to usenofp.o(x$fpl$usenofp) for __I$use$fp
    sin.o(i.sin) refers to _rserrno.o(.text) for __set_errno
    sin.o(i.sin) refers to dunder.o(i.__mathlib_dbl_invalid) for __mathlib_dbl_invalid
    sin.o(i.sin) refers to dunder.o(i.__mathlib_dbl_infnan) for __mathlib_dbl_infnan
    sin.o(i.sin) refers to rred.o(i.__ieee754_rem_pio2) for __ieee754_rem_pio2
    sin.o(i.sin) refers to cos_i.o(i.__kernel_cos) for __kernel_cos
    sin.o(i.sin) refers to sin_i.o(i.__kernel_sin) for __kernel_sin
    sin_x.o(i.____softfp_sin$lsc) refers (Special) to usenofp.o(x$fpl$usenofp) for __I$use$fp
    sin_x.o(i.____softfp_sin$lsc) refers to sin_x.o(i.__sin$lsc) for __sin$lsc
    sin_x.o(i.__sin$lsc) refers (Special) to usenofp.o(x$fpl$usenofp) for __I$use$fp
    sin_x.o(i.__sin$lsc) refers to _rserrno.o(.text) for __set_errno
    sin_x.o(i.__sin$lsc) refers to dunder.o(i.__mathlib_dbl_infnan) for __mathlib_dbl_infnan
    sin_x.o(i.__sin$lsc) refers to rred.o(i.__ieee754_rem_pio2) for __ieee754_rem_pio2
    sin_x.o(i.__sin$lsc) refers to cos_i.o(i.__kernel_cos) for __kernel_cos
    sin_x.o(i.__sin$lsc) refers to sin_i.o(i.__kernel_sin) for __kernel_sin
    _rserrno.o(.text) refers to rt_errno_addr.o(.text) for __aeabi_errno_addr
    _printf_char_common.o(.text) refers to __printf.o(.text) for __printf
    dleqf.o(x$fpl$dleqf) refers (Special) to usenofp.o(x$fpl$usenofp) for __I$use$fp
    dleqf.o(x$fpl$dleqf) refers to dnaninf.o(x$fpl$dnaninf) for __fpl_dnaninf
    dleqf.o(x$fpl$dleqf) refers to dcmpi.o(x$fpl$dcmpinf) for __fpl_dcmp_Inf
    dnaninf.o(x$fpl$dnaninf) refers (Special) to usenofp.o(x$fpl$usenofp) for __I$use$fp
    dretinf.o(x$fpl$dretinf) refers (Special) to usenofp.o(x$fpl$usenofp) for __I$use$fp
    drleqf.o(x$fpl$drleqf) refers (Special) to usenofp.o(x$fpl$usenofp) for __I$use$fp
    drleqf.o(x$fpl$drleqf) refers to dleqf.o(x$fpl$dleqf) for __fpl_dcmple_InfNaN
    drnd.o(x$fpl$drnd) refers (Special) to usenofp.o(x$fpl$usenofp) for __I$use$fp
    drnd.o(x$fpl$drnd) refers to dnaninf.o(x$fpl$dnaninf) for __fpl_dnaninf
    fnaninf.o(x$fpl$fnaninf) refers (Special) to usenofp.o(x$fpl$usenofp) for __I$use$fp
    fretinf.o(x$fpl$fretinf) refers (Special) to usenofp.o(x$fpl$usenofp) for __I$use$fp
    cos_i.o(i.__kernel_cos) refers (Special) to usenofp.o(x$fpl$usenofp) for __I$use$fp
    cos_i.o(i.__kernel_cos) refers to dfix.o(x$fpl$dfix) for __aeabi_d2iz
    cos_i.o(i.__kernel_cos) refers to dmul.o(x$fpl$dmul) for __aeabi_dmul
    cos_i.o(i.__kernel_cos) refers to poly.o(i.__kernel_poly) for __kernel_poly
    cos_i.o(i.__kernel_cos) refers to daddsub_clz.o(x$fpl$dsub) for __aeabi_dsub
    cos_i.o(i.__kernel_cos) refers to scalbn.o(x$fpl$scalbn) for __ARM_scalbn
    cos_i.o(i.__kernel_cos) refers to daddsub_clz.o(x$fpl$drsb) for __aeabi_drsub
    cos_i.o(i.__kernel_cos) refers to cos_i.o(.constdata) for .constdata
    cos_i.o(.constdata) refers (Special) to usenofp.o(x$fpl$usenofp) for __I$use$fp
    dunder.o(i.__mathlib_dbl_divzero) refers to ddiv.o(x$fpl$ddiv) for __aeabi_ddiv
    dunder.o(i.__mathlib_dbl_infnan) refers to scalbn.o(x$fpl$scalbn) for __ARM_scalbn
    dunder.o(i.__mathlib_dbl_infnan2) refers to daddsub_clz.o(x$fpl$dadd) for __aeabi_dadd
    dunder.o(i.__mathlib_dbl_invalid) refers to ddiv.o(x$fpl$ddiv) for __aeabi_ddiv
    dunder.o(i.__mathlib_dbl_overflow) refers to scalbn.o(x$fpl$scalbn) for __ARM_scalbn
    dunder.o(i.__mathlib_dbl_posinfnan) refers to dmul.o(x$fpl$dmul) for __aeabi_dmul
    dunder.o(i.__mathlib_dbl_underflow) refers to scalbn.o(x$fpl$scalbn) for __ARM_scalbn
    rred.o(i.__ieee754_rem_pio2) refers (Special) to usenofp.o(x$fpl$usenofp) for __I$use$fp
    rred.o(i.__ieee754_rem_pio2) refers to daddsub_clz.o(x$fpl$dsub) for __aeabi_dsub
    rred.o(i.__ieee754_rem_pio2) refers to daddsub_clz.o(x$fpl$dadd) for __aeabi_dadd
    rred.o(i.__ieee754_rem_pio2) refers to dmul.o(x$fpl$dmul) for __aeabi_dmul
    rred.o(i.__ieee754_rem_pio2) refers to dfix.o(x$fpl$dfix) for __aeabi_d2iz
    rred.o(i.__ieee754_rem_pio2) refers to dflt_clz.o(x$fpl$dflt) for __aeabi_i2d
    rred.o(i.__ieee754_rem_pio2) refers to daddsub_clz.o(x$fpl$drsb) for __aeabi_drsub
    rred.o(i.__ieee754_rem_pio2) refers to dflt_clz.o(x$fpl$dfltu) for __aeabi_ui2d
    rred.o(i.__ieee754_rem_pio2) refers to scalbn.o(x$fpl$scalbn) for __ARM_scalbn
    rred.o(i.__ieee754_rem_pio2) refers to rred.o(.constdata) for .constdata
    rred.o(i.__use_accurate_range_reduction) refers (Special) to usenofp.o(x$fpl$usenofp) for __I$use$fp
    rred.o(.constdata) refers (Special) to usenofp.o(x$fpl$usenofp) for __I$use$fp
    sin_i.o(i.__kernel_sin) refers (Special) to usenofp.o(x$fpl$usenofp) for __I$use$fp
    sin_i.o(i.__kernel_sin) refers to fpclassify.o(i.__ARM_fpclassify) for __ARM_fpclassify
    sin_i.o(i.__kernel_sin) refers to dunder.o(i.__mathlib_dbl_underflow) for __mathlib_dbl_underflow
    sin_i.o(i.__kernel_sin) refers to dmul.o(x$fpl$dmul) for __aeabi_dmul
    sin_i.o(i.__kernel_sin) refers to poly.o(i.__kernel_poly) for __kernel_poly
    sin_i.o(i.__kernel_sin) refers to scalbn.o(x$fpl$scalbn) for __ARM_scalbn
    sin_i.o(i.__kernel_sin) refers to daddsub_clz.o(x$fpl$dsub) for __aeabi_dsub
    sin_i.o(i.__kernel_sin) refers to daddsub_clz.o(x$fpl$drsb) for __aeabi_drsub
    sin_i.o(i.__kernel_sin) refers to daddsub_clz.o(x$fpl$dadd) for __aeabi_dadd
    sin_i.o(i.__kernel_sin) refers to sin_i.o(.constdata) for .constdata
    sin_i.o(.constdata) refers (Special) to usenofp.o(x$fpl$usenofp) for __I$use$fp
    sin_i_x.o(i.____kernel_sin$lsc) refers (Special) to usenofp.o(x$fpl$usenofp) for __I$use$fp
    sin_i_x.o(i.____kernel_sin$lsc) refers to dmul.o(x$fpl$dmul) for __aeabi_dmul
    sin_i_x.o(i.____kernel_sin$lsc) refers to poly.o(i.__kernel_poly) for __kernel_poly
    sin_i_x.o(i.____kernel_sin$lsc) refers to scalbn.o(x$fpl$scalbn) for __ARM_scalbn
    sin_i_x.o(i.____kernel_sin$lsc) refers to daddsub_clz.o(x$fpl$dsub) for __aeabi_dsub
    sin_i_x.o(i.____kernel_sin$lsc) refers to daddsub_clz.o(x$fpl$drsb) for __aeabi_drsub
    sin_i_x.o(i.____kernel_sin$lsc) refers to daddsub_clz.o(x$fpl$dadd) for __aeabi_dadd
    sin_i_x.o(i.____kernel_sin$lsc) refers to sin_i_x.o(.constdata) for .constdata
    sin_i_x.o(.constdata) refers (Special) to usenofp.o(x$fpl$usenofp) for __I$use$fp
    rt_errno_addr.o(.text) refers to rt_errno_addr.o(.bss) for __aeabi_errno_addr_data
    rt_errno_addr_intlibspace.o(.text) refers to libspace.o(.bss) for __libspace_start
    dcmpi.o(x$fpl$dcmpinf) refers (Special) to usenofp.o(x$fpl$usenofp) for __I$use$fp
    ddiv.o(x$fpl$drdiv) refers (Special) to usenofp.o(x$fpl$usenofp) for __I$use$fp
    ddiv.o(x$fpl$drdiv) refers to ddiv.o(x$fpl$ddiv) for ddiv_entry
    ddiv.o(x$fpl$ddiv) refers (Special) to usenofp.o(x$fpl$usenofp) for __I$use$fp
    ddiv.o(x$fpl$ddiv) refers to dretinf.o(x$fpl$dretinf) for __fpl_dretinf
    ddiv.o(x$fpl$ddiv) refers to dnaninf.o(x$fpl$dnaninf) for __fpl_dnaninf
    dflt_clz.o(x$fpl$dfltu) refers (Special) to usenofp.o(x$fpl$usenofp) for __I$use$fp
    dflt_clz.o(x$fpl$dflt) refers (Special) to usenofp.o(x$fpl$usenofp) for __I$use$fp
    dflt_clz.o(x$fpl$dfltn) refers (Special) to usenofp.o(x$fpl$usenofp) for __I$use$fp
    scalbn.o(x$fpl$scalbn) refers (Special) to usenofp.o(x$fpl$usenofp) for __I$use$fp
    scalbn.o(x$fpl$scalbn) refers to dcheck1.o(x$fpl$dcheck1) for __fpl_dcheck_NaN1
    fpclassify.o(i.__ARM_fpclassify) refers (Special) to usenofp.o(x$fpl$usenofp) for __I$use$fp
    poly.o(i.__kernel_poly) refers (Special) to usenofp.o(x$fpl$usenofp) for __I$use$fp
    poly.o(i.__kernel_poly) refers to dmul.o(x$fpl$dmul) for __aeabi_dmul
    poly.o(i.__kernel_poly) refers to daddsub_clz.o(x$fpl$dadd) for __aeabi_dadd
    libspace.o(.text) refers to libspace.o(.bss) for __libspace_start
    dcheck1.o(x$fpl$dcheck1) refers (Special) to usenofp.o(x$fpl$usenofp) for __I$use$fp
    dcheck1.o(x$fpl$dcheck1) refers to retnan.o(x$fpl$retnan) for __fpl_return_NaN
    retnan.o(x$fpl$retnan) refers (Special) to usenofp.o(x$fpl$usenofp) for __I$use$fp
    retnan.o(x$fpl$retnan) refers to trapv.o(x$fpl$trapveneer) for __fpl_cmpreturn
    trapv.o(x$fpl$trapveneer) refers (Special) to usenofp.o(x$fpl$usenofp) for __I$use$fp


==============================================================================

Removing Unused input sections from the image.

    Removing main.o(.text), (0 bytes).
    Removing main.o(.ARM.exidx.text.my_main), (8 bytes).
    Removing main.o(.ARM.exidx.text.draw), (8 bytes).
    Removing main.o(.ARM.exidx.text.drawSimClock), (8 bytes).
    Removing main.o(.ARM.exidx.text.radians), (8 bytes).
    Removing watchface_api.o(.text), (0 bytes).
    Removing watchface_api.o(.ARM.exidx.text.systemVariableInit), (8 bytes).

7 unused section(s) (total 40 bytes) removed from the image.

==============================================================================

Image Symbol Table

    Local Symbols

    Symbol Name                              Value     Ov Type        Size  Object(Section)

    ../clib/angel/rt.s                       0x00000000   Number         0  rt_errno_addr.o ABSOLUTE
    ../clib/angel/rt.s                       0x00000000   Number         0  rt_errno_addr_intlibspace.o ABSOLUTE
    ../clib/angel/sys.s                      0x00000000   Number         0  libspace.o ABSOLUTE
    ../clib/fenv.c                           0x00000000   Number         0  _rserrno.o ABSOLUTE
    ../clib/printf.c                         0x00000000   Number         0  __2sprintf.o ABSOLUTE
    ../clib/printf.c                         0x00000000   Number         0  noretval__2sprintf.o ABSOLUTE
    ../clib/printf.c                         0x00000000   Number         0  __printf.o ABSOLUTE
    ../clib/printf.c                         0x00000000   Number         0  _printf_dec.o ABSOLUTE
    ../clib/printf.c                         0x00000000   Number         0  __printf_flags.o ABSOLUTE
    ../clib/printf.c                         0x00000000   Number         0  __printf_ss.o ABSOLUTE
    ../clib/printf.c                         0x00000000   Number         0  __printf_flags_ss.o ABSOLUTE
    ../clib/printf.c                         0x00000000   Number         0  __printf_wp.o ABSOLUTE
    ../clib/printf.c                         0x00000000   Number         0  __printf_flags_wp.o ABSOLUTE
    ../clib/printf.c                         0x00000000   Number         0  __printf_ss_wp.o ABSOLUTE
    ../clib/printf.c                         0x00000000   Number         0  __printf_flags_ss_wp.o ABSOLUTE
    ../clib/printf.c                         0x00000000   Number         0  _printf_intcommon.o ABSOLUTE
    ../clib/printf.c                         0x00000000   Number         0  _printf_char_common.o ABSOLUTE
    ../clib/printf.c                         0x00000000   Number         0  _sputc.o ABSOLUTE
    ../clib/printf.c                         0x00000000   Number         0  __printf_nopercent.o ABSOLUTE
    ../clib/printf_percent.s                 0x00000000   Number         0  _printf_d.o ABSOLUTE
    ../clib/printf_percent.s                 0x00000000   Number         0  _printf_percent.o ABSOLUTE
    ../clib/printf_percent.s                 0x00000000   Number         0  _printf_percent_end.o ABSOLUTE
    ../fplib/d2f.s                           0x00000000   Number         0  d2f.o ABSOLUTE
    ../fplib/daddsub.s                       0x00000000   Number         0  daddsub_clz.o ABSOLUTE
    ../fplib/dcheck1.s                       0x00000000   Number         0  dcheck1.o ABSOLUTE
    ../fplib/dcmpi.s                         0x00000000   Number         0  dcmpi.o ABSOLUTE
    ../fplib/ddiv.s                          0x00000000   Number         0  ddiv.o ABSOLUTE
    ../fplib/dfix.s                          0x00000000   Number         0  dfix.o ABSOLUTE
    ../fplib/dflt.s                          0x00000000   Number         0  dflt_clz.o ABSOLUTE
    ../fplib/dleqf.s                         0x00000000   Number         0  dleqf.o ABSOLUTE
    ../fplib/dmul.s                          0x00000000   Number         0  dmul.o ABSOLUTE
    ../fplib/dnaninf.s                       0x00000000   Number         0  dnaninf.o ABSOLUTE
    ../fplib/dretinf.s                       0x00000000   Number         0  dretinf.o ABSOLUTE
    ../fplib/drleqf.s                        0x00000000   Number         0  drleqf.o ABSOLUTE
    ../fplib/drnd.s                          0x00000000   Number         0  drnd.o ABSOLUTE
    ../fplib/f2d.s                           0x00000000   Number         0  f2d.o ABSOLUTE
    ../fplib/fflt.s                          0x00000000   Number         0  fflt_clz.o ABSOLUTE
    ../fplib/fnaninf.s                       0x00000000   Number         0  fnaninf.o ABSOLUTE
    ../fplib/fretinf.s                       0x00000000   Number         0  fretinf.o ABSOLUTE
    ../fplib/retnan.s                        0x00000000   Number         0  retnan.o ABSOLUTE
    ../fplib/scalbn.s                        0x00000000   Number         0  scalbn.o ABSOLUTE
    ../fplib/trapv.s                         0x00000000   Number         0  trapv.o ABSOLUTE
    ../fplib/usenofp.s                       0x00000000   Number         0  usenofp.o ABSOLUTE
    ../mathlib/cos.c                         0x00000000   Number         0  cos.o ABSOLUTE
    ../mathlib/cos.c                         0x00000000   Number         0  cos_x.o ABSOLUTE
    ../mathlib/cos_i.c                       0x00000000   Number         0  cos_i.o ABSOLUTE
    ../mathlib/dunder.c                      0x00000000   Number         0  dunder.o ABSOLUTE
    ../mathlib/fpclassify.c                  0x00000000   Number         0  fpclassify.o ABSOLUTE
    ../mathlib/poly.c                        0x00000000   Number         0  poly.o ABSOLUTE
    ../mathlib/round.c                       0x00000000   Number         0  round.o ABSOLUTE
    ../mathlib/rred.c                        0x00000000   Number         0  rred.o ABSOLUTE
    ../mathlib/sin.c                         0x00000000   Number         0  sin.o ABSOLUTE
    ../mathlib/sin.c                         0x00000000   Number         0  sin_x.o ABSOLUTE
    ../mathlib/sin_i.c                       0x00000000   Number         0  sin_i.o ABSOLUTE
    ../mathlib/sin_i.c                       0x00000000   Number         0  sin_i_x.o ABSOLUTE
    api_table.s                              0x00000000   Number         0  api_table.o ABSOLUTE
    dc.s                                     0x00000000   Number         0  dc.o ABSOLUTE
    main.c                                   0x00000000   Number         0  main.o ABSOLUTE
    watchface_api.c                          0x00000000   Number         0  watchface_api.o ABSOLUTE
    [Anonymous Symbol]                       0x00000000   Section        0  main.o(.text.my_main)
    __aeabi_errno_addr_data                  0x00000004   Data           4  rt_errno_addr.o(.bss)
    .bss                                     0x00000004   Section        4  rt_errno_addr.o(.bss)
    .L_MergedGlobals                         0x00000008   Data           8  main.o(.bss..L_MergedGlobals)
    drawSimClock.is_skip_60_to_0             0x00000008   Data           1  main.o(.bss..L_MergedGlobals)
    drawSimClock.now_secs_angle              0x0000000c   Data           4  main.o(.bss..L_MergedGlobals)
    .L_MergedGlobals                         0x00000010   Data          32  watchface_api.o(.bss..L_MergedGlobals)
    .ARM.Collect$$_printf_percent$$00000000  0x0000001c   Section        0  _printf_percent.o(.ARM.Collect$$_printf_percent$$00000000)
    .ARM.Collect$$_printf_percent$$00000009  0x0000001c   Section        6  _printf_d.o(.ARM.Collect$$_printf_percent$$00000009)
    .ARM.Collect$$_printf_percent$$00000017  0x00000022   Section        4  _printf_percent_end.o(.ARM.Collect$$_printf_percent$$00000017)
    .text                                    0x00000028   Section      452  api_table.o(.text)
    .text                                    0x000001ec   Section        0  noretval__2sprintf.o(.text)
    .text                                    0x00000214   Section        0  __printf.o(.text)
    .text                                    0x0000027c   Section        0  _printf_dec.o(.text)
    .text                                    0x000002f4   Section        0  _rserrno.o(.text)
    .text                                    0x0000030a   Section        0  _printf_intcommon.o(.text)
    _printf_input_char                       0x000003bd   Thumb Code    10  _printf_char_common.o(.text)
    .text                                    0x000003bc   Section        0  _printf_char_common.o(.text)
    .text                                    0x000003ec   Section        0  _sputc.o(.text)
    .text                                    0x000003f8   Section       12  rt_errno_addr.o(.text)
    draw                                     0x00000405   Thumb Code    14  main.o(.text.draw)
    [Anonymous Symbol]                       0x00000404   Section        0  main.o(.text.draw)
    [Anonymous Symbol]                       0x00000414   Section        0  main.o(.text.drawSimClock)
    radians                                  0x000009c9   Thumb Code    28  main.o(.text.radians)
    [Anonymous Symbol]                       0x000009c8   Section        0  main.o(.text.radians)
    [Anonymous Symbol]                       0x000009e4   Section        0  watchface_api.o(.text.systemVariableInit)
    i.__ARM_fpclassify                       0x00000a24   Section        0  fpclassify.o(i.__ARM_fpclassify)
    i.__ieee754_rem_pio2                     0x00000a4c   Section        0  rred.o(i.__ieee754_rem_pio2)
    i.__kernel_cos                           0x00000ddc   Section        0  cos_i.o(i.__kernel_cos)
    i.__kernel_poly                          0x00000ed8   Section        0  poly.o(i.__kernel_poly)
    i.__kernel_sin                           0x00000f84   Section        0  sin_i.o(i.__kernel_sin)
    i.__mathlib_dbl_infnan                   0x00001070   Section        0  dunder.o(i.__mathlib_dbl_infnan)
    i.__mathlib_dbl_invalid                  0x00001076   Section        0  dunder.o(i.__mathlib_dbl_invalid)
    i.__mathlib_dbl_underflow                0x00001084   Section        0  dunder.o(i.__mathlib_dbl_underflow)
    i.cos                                    0x00001094   Section        0  cos.o(i.cos)
    i.round                                  0x00001130   Section        0  round.o(i.round)
    i.sin                                    0x000011c4   Section        0  sin.o(i.sin)
    x$fpl$d2f                                0x00001264   Section       98  d2f.o(x$fpl$d2f)
    x$fpl$dadd                               0x000012c8   Section      336  daddsub_clz.o(x$fpl$dadd)
    _dadd1                                   0x000012d9   Thumb Code     0  daddsub_clz.o(x$fpl$dadd)
    x$fpl$dcheck1                            0x00001418   Section       16  dcheck1.o(x$fpl$dcheck1)
    x$fpl$dcmpinf                            0x00001428   Section       24  dcmpi.o(x$fpl$dcmpinf)
    x$fpl$ddiv                               0x00001440   Section      688  ddiv.o(x$fpl$ddiv)
    ddiv_entry                               0x00001447   Thumb Code     0  ddiv.o(x$fpl$ddiv)
    x$fpl$dfix                               0x000016f0   Section       94  dfix.o(x$fpl$dfix)
    x$fpl$dflt                               0x0000174e   Section       46  dflt_clz.o(x$fpl$dflt)
    x$fpl$dfltu                              0x0000177c   Section       38  dflt_clz.o(x$fpl$dfltu)
    x$fpl$dleqf                              0x000017a4   Section      120  dleqf.o(x$fpl$dleqf)
    x$fpl$dmul                               0x0000181c   Section      340  dmul.o(x$fpl$dmul)
    x$fpl$dnaninf                            0x00001970   Section      156  dnaninf.o(x$fpl$dnaninf)
    x$fpl$dretinf                            0x00001a0c   Section       12  dretinf.o(x$fpl$dretinf)
    x$fpl$drleqf                             0x00001a18   Section      108  drleqf.o(x$fpl$drleqf)
    x$fpl$drnd                               0x00001a84   Section      180  drnd.o(x$fpl$drnd)
    x$fpl$drsb                               0x00001b38   Section       22  daddsub_clz.o(x$fpl$drsb)
    x$fpl$dsub                               0x00001b50   Section      468  daddsub_clz.o(x$fpl$dsub)
    _dsub1                                   0x00001b61   Thumb Code     0  daddsub_clz.o(x$fpl$dsub)
    x$fpl$f2d                                0x00001d24   Section       86  f2d.o(x$fpl$f2d)
    x$fpl$fflt                               0x00001d7c   Section       48  fflt_clz.o(x$fpl$fflt)
    x$fpl$fnaninf                            0x00001dac   Section      140  fnaninf.o(x$fpl$fnaninf)
    x$fpl$fretinf                            0x00001e38   Section       10  fretinf.o(x$fpl$fretinf)
    x$fpl$retnan                             0x00001e42   Section      100  retnan.o(x$fpl$retnan)
    x$fpl$scalbn                             0x00001ea6   Section       92  scalbn.o(x$fpl$scalbn)
    x$fpl$trapveneer                         0x00001f02   Section       48  trapv.o(x$fpl$trapveneer)
    x$fpl$usenofp                            0x00001f32   Section        0  usenofp.o(x$fpl$usenofp)
    C                                        0x00001f38   Data          48  cos_i.o(.constdata)
    .constdata                               0x00001f38   Section       48  cos_i.o(.constdata)
    pio2s                                    0x00001f68   Data          48  rred.o(.constdata)
    .constdata                               0x00001f68   Section      204  rred.o(.constdata)
    twooverpi                                0x00001f98   Data         156  rred.o(.constdata)
    S                                        0x00002038   Data          40  sin_i.o(.constdata)
    .constdata                               0x00002038   Section       40  sin_i.o(.constdata)

    Global Symbols

    Symbol Name                              Value     Ov Type        Size  Object(Section)

    BuildAttributes$$THM_ISAv4$E$P$D$K$B$S$7EM$PE$A:L22UL41UL21$X:L11$S22US41US21$IEEE1$IW$~IW$RWPI$USESV6$~STKCKD$USESV7$~SHL$OTIME$ROPI$IEEEX$EBA8$STANDARDLIB$REQ8$PRES8$EABIv2 0x00000000   Number         0  anon$$obj.o ABSOLUTE
    my_main                                  0x00000001   Thumb Code    28  main.o(.text.my_main)
    _printf_post_padding                      - Undefined Weak Reference
    _printf_pre_padding                       - Undefined Weak Reference
    _printf_truncate_signed                   - Undefined Weak Reference
    _printf_truncate_unsigned                 - Undefined Weak Reference
    blueToothIcon                            0x00000010   Data           4  watchface_api.o(.bss..L_MergedGlobals)
    chargeIcon                               0x00000014   Data           4  watchface_api.o(.bss..L_MergedGlobals)
    stopwatch                                0x00000018   Data           4  watchface_api.o(.bss..L_MergedGlobals)
    _printf_d                                0x0000001d   Thumb Code     0  _printf_d.o(.ARM.Collect$$_printf_percent$$00000009)
    _printf_percent                          0x0000001d   Thumb Code     0  _printf_percent.o(.ARM.Collect$$_printf_percent$$00000000)
    dowImg                                   0x0000001c   Data           4  watchface_api.o(.bss..L_MergedGlobals)
    colon                                    0x00000020   Data           4  watchface_api.o(.bss..L_MergedGlobals)
    _printf_percent_end                      0x00000023   Thumb Code     0  _printf_percent_end.o(.ARM.Collect$$_printf_percent$$00000017)
    timeDate                                 0x00000024   Data           4  watchface_api.o(.bss..L_MergedGlobals)
    alarm_getNext                            0x00000029   Thumb Code    14  api_table.o(.text)
    appConfig                                0x00000028   Data           4  watchface_api.o(.bss..L_MergedGlobals)
    smallFont                                0x0000002c   Data           4  watchface_api.o(.bss..L_MergedGlobals)
    alarm_getNextDay                         0x00000037   Thumb Code    14  api_table.o(.text)
    appConfig_sysVar                         0x00000045   Thumb Code    14  api_table.o(.text)
    colon_sysVar                             0x00000053   Thumb Code    14  api_table.o(.text)
    display_setDrawFunc                      0x00000061   Thumb Code    14  api_table.o(.text)
    div10                                    0x0000006f   Thumb Code    14  api_table.o(.text)
    dowImg_sysVar                            0x0000007d   Thumb Code    14  api_table.o(.text)
    drawBattery                              0x0000008b   Thumb Code    14  api_table.o(.text)
    drawDate                                 0x00000099   Thumb Code    14  api_table.o(.text)
    drawTemperature                          0x000000a7   Thumb Code    14  api_table.o(.text)
    draw_bitmap                              0x000000b5   Thumb Code    14  api_table.o(.text)
    draw_string                              0x000000c3   Thumb Code    14  api_table.o(.text)
    millis_get                               0x000000d1   Thumb Code    14  api_table.o(.text)
    mod10                                    0x000000df   Thumb Code    14  api_table.o(.text)
    openLSM6DSM                              0x000000ed   Thumb Code    14  api_table.o(.text)
    open_watchface_general                   0x000000fb   Thumb Code    14  api_table.o(.text)
    stopwatch_sysVar                         0x00000109   Thumb Code    14  api_table.o(.text)
    stopwatch_active                         0x00000117   Thumb Code    14  api_table.o(.text)
    timeDate_sysVar                          0x00000125   Thumb Code    14  api_table.o(.text)
    time_timeMode                            0x00000133   Thumb Code    14  api_table.o(.text)
    watchFace_switchUpdate                   0x00000141   Thumb Code    14  api_table.o(.text)
    console_log                              0x0000014f   Thumb Code    14  api_table.o(.text)
    drawVectorChar                           0x0000015d   Thumb Code    14  api_table.o(.text)
    setVectorDrawClipWin                     0x0000016b   Thumb Code    14  api_table.o(.text)
    getBtLinkState                           0x00000179   Thumb Code    14  api_table.o(.text)
    getCharingState                          0x00000187   Thumb Code    14  api_table.o(.text)
    blueToothIcon_sysVar                     0x00000195   Thumb Code    14  api_table.o(.text)
    chargeIcon_sysVar                        0x000001a3   Thumb Code    14  api_table.o(.text)
    myOLED_DrawLine                          0x000001b1   Thumb Code    14  api_table.o(.text)
    smallFont_sysVar                         0x000001bf   Thumb Code    14  api_table.o(.text)
    ticker                                   0x000001cd   Thumb Code    14  api_table.o(.text)
    draw_point                               0x000001db   Thumb Code    14  api_table.o(.text)
    __2sprintf                               0x000001ed   Thumb Code    34  noretval__2sprintf.o(.text)
    __printf                                 0x00000215   Thumb Code   104  __printf.o(.text)
    _printf_int_dec                          0x0000027d   Thumb Code   104  _printf_dec.o(.text)
    __read_errno                             0x000002f5   Thumb Code    10  _rserrno.o(.text)
    __set_errno                              0x000002ff   Thumb Code    12  _rserrno.o(.text)
    _printf_int_common                       0x0000030b   Thumb Code   178  _printf_intcommon.o(.text)
    _printf_char_common                      0x000003c7   Thumb Code    32  _printf_char_common.o(.text)
    _sputc                                   0x000003ed   Thumb Code    10  _sputc.o(.text)
    __aeabi_errno_addr                       0x000003f9   Thumb Code    12  rt_errno_addr.o(.text)
    __errno                                  0x000003f9   Thumb Code     0  rt_errno_addr.o(.text)
    __rt_errno_addr                          0x000003f9   Thumb Code     0  rt_errno_addr.o(.text)
    drawSimClock                             0x00000415   Thumb Code  1460  main.o(.text.drawSimClock)
    systemVariableInit                       0x000009e5   Thumb Code    64  watchface_api.o(.text.systemVariableInit)
    __ARM_fpclassify                         0x00000a25   Thumb Code    40  fpclassify.o(i.__ARM_fpclassify)
    __ieee754_rem_pio2                       0x00000a4d   Thumb Code   828  rred.o(i.__ieee754_rem_pio2)
    __kernel_cos                             0x00000ddd   Thumb Code   230  cos_i.o(i.__kernel_cos)
    __kernel_poly                            0x00000ed9   Thumb Code   170  poly.o(i.__kernel_poly)
    __kernel_sin                             0x00000f85   Thumb Code   224  sin_i.o(i.__kernel_sin)
    __mathlib_dbl_infnan                     0x00001071   Thumb Code     6  dunder.o(i.__mathlib_dbl_infnan)
    __mathlib_dbl_invalid                    0x00001077   Thumb Code    12  dunder.o(i.__mathlib_dbl_invalid)
    __mathlib_dbl_underflow                  0x00001085   Thumb Code    10  dunder.o(i.__mathlib_dbl_underflow)
    cos                                      0x00001095   Thumb Code   148  cos.o(i.cos)
    round                                    0x00001131   Thumb Code   136  round.o(i.round)
    sin                                      0x000011c5   Thumb Code   150  sin.o(i.sin)
    __aeabi_d2f                              0x00001265   Thumb Code     0  d2f.o(x$fpl$d2f)
    _d2f                                     0x00001265   Thumb Code    98  d2f.o(x$fpl$d2f)
    __aeabi_dadd                             0x000012c9   Thumb Code     0  daddsub_clz.o(x$fpl$dadd)
    _dadd                                    0x000012c9   Thumb Code   332  daddsub_clz.o(x$fpl$dadd)
    __fpl_dcheck_NaN1                        0x00001419   Thumb Code    10  dcheck1.o(x$fpl$dcheck1)
    __fpl_dcmp_Inf                           0x00001429   Thumb Code    24  dcmpi.o(x$fpl$dcmpinf)
    __aeabi_ddiv                             0x00001441   Thumb Code     0  ddiv.o(x$fpl$ddiv)
    _ddiv                                    0x00001441   Thumb Code   552  ddiv.o(x$fpl$ddiv)
    __aeabi_d2iz                             0x000016f1   Thumb Code     0  dfix.o(x$fpl$dfix)
    _dfix                                    0x000016f1   Thumb Code    94  dfix.o(x$fpl$dfix)
    __aeabi_i2d                              0x0000174f   Thumb Code     0  dflt_clz.o(x$fpl$dflt)
    _dflt                                    0x0000174f   Thumb Code    46  dflt_clz.o(x$fpl$dflt)
    __aeabi_ui2d                             0x0000177d   Thumb Code     0  dflt_clz.o(x$fpl$dfltu)
    _dfltu                                   0x0000177d   Thumb Code    38  dflt_clz.o(x$fpl$dfltu)
    __aeabi_cdcmple                          0x000017a5   Thumb Code     0  dleqf.o(x$fpl$dleqf)
    _dcmple                                  0x000017a5   Thumb Code   120  dleqf.o(x$fpl$dleqf)
    __fpl_dcmple_InfNaN                      0x00001807   Thumb Code     0  dleqf.o(x$fpl$dleqf)
    __aeabi_dmul                             0x0000181d   Thumb Code     0  dmul.o(x$fpl$dmul)
    _dmul                                    0x0000181d   Thumb Code   332  dmul.o(x$fpl$dmul)
    __fpl_dnaninf                            0x00001971   Thumb Code   156  dnaninf.o(x$fpl$dnaninf)
    __fpl_dretinf                            0x00001a0d   Thumb Code    12  dretinf.o(x$fpl$dretinf)
    __aeabi_cdrcmple                         0x00001a19   Thumb Code     0  drleqf.o(x$fpl$drleqf)
    _drcmple                                 0x00001a19   Thumb Code   108  drleqf.o(x$fpl$drleqf)
    _drnd                                    0x00001a85   Thumb Code   180  drnd.o(x$fpl$drnd)
    __aeabi_drsub                            0x00001b39   Thumb Code     0  daddsub_clz.o(x$fpl$drsb)
    _drsb                                    0x00001b39   Thumb Code    22  daddsub_clz.o(x$fpl$drsb)
    __aeabi_dsub                             0x00001b51   Thumb Code     0  daddsub_clz.o(x$fpl$dsub)
    _dsub                                    0x00001b51   Thumb Code   464  daddsub_clz.o(x$fpl$dsub)
    __aeabi_f2d                              0x00001d25   Thumb Code     0  f2d.o(x$fpl$f2d)
    _f2d                                     0x00001d25   Thumb Code    86  f2d.o(x$fpl$f2d)
    __aeabi_i2f                              0x00001d7d   Thumb Code     0  fflt_clz.o(x$fpl$fflt)
    _fflt                                    0x00001d7d   Thumb Code    48  fflt_clz.o(x$fpl$fflt)
    __fpl_fnaninf                            0x00001dad   Thumb Code   140  fnaninf.o(x$fpl$fnaninf)
    __fpl_fretinf                            0x00001e39   Thumb Code    10  fretinf.o(x$fpl$fretinf)
    __fpl_return_NaN                         0x00001e43   Thumb Code   100  retnan.o(x$fpl$retnan)
    __ARM_scalbn                             0x00001ea7   Thumb Code    92  scalbn.o(x$fpl$scalbn)
    __fpl_cmpreturn                          0x00001f03   Thumb Code    48  trapv.o(x$fpl$trapveneer)
    __I$use$fp                               0x00001f32   Number         0  usenofp.o(x$fpl$usenofp)



==============================================================================

Memory Map of the image

  Image Entry point : 0x00000001

  Load Region LR_1 (Base: 0x00000000, Size: 0x00002064, Max: 0xffffffff, PI)

    Execution Region ER_RO (Exec base: 0x00000000, Load base: 0x00000000, Size: 0x00002060, Max: 0xffffffff, PI)

    Exec Addr    Load Addr    Size         Type   Attr      Idx    E Section Name        Object

    0x00000000   0x00000000   0x0000001c   Code   RO            2  * .text.my_main       main.o
    0x0000001c   0x0000001c   0x00000000   Code   RO           36    .ARM.Collect$$_printf_percent$$00000000  c_we.l(_printf_percent.o)
    0x0000001c   0x0000001c   0x00000006   Code   RO           35    .ARM.Collect$$_printf_percent$$00000009  c_we.l(_printf_d.o)
    0x00000022   0x00000022   0x00000004   Code   RO           61    .ARM.Collect$$_printf_percent$$00000017  c_we.l(_printf_percent_end.o)
    0x00000026   0x00000026   0x00000002   PAD
    0x00000028   0x00000028   0x000001c4   Code   RO           11    .text               api_table.o
    0x000001ec   0x000001ec   0x00000028   Code   RO           19    .text               c_we.l(noretval__2sprintf.o)
    0x00000214   0x00000214   0x00000068   Code   RO           20    .text               c_we.l(__printf.o)
    0x0000027c   0x0000027c   0x00000078   Code   RO           21    .text               c_we.l(_printf_dec.o)
    0x000002f4   0x000002f4   0x00000016   Code   RO           57    .text               c_we.l(_rserrno.o)
    0x0000030a   0x0000030a   0x000000b2   Code   RO           58    .text               c_we.l(_printf_intcommon.o)
    0x000003bc   0x000003bc   0x00000030   Code   RO           59    .text               c_we.l(_printf_char_common.o)
    0x000003ec   0x000003ec   0x0000000a   Code   RO           60    .text               c_we.l(_sputc.o)
    0x000003f6   0x000003f6   0x00000002   PAD
    0x000003f8   0x000003f8   0x0000000c   Code   RO           86    .text               c_we.l(rt_errno_addr.o)
    0x00000404   0x00000404   0x0000000e   Code   RO            4    .text.draw          main.o
    0x00000412   0x00000412   0x00000002   PAD
    0x00000414   0x00000414   0x000005b4   Code   RO            6    .text.drawSimClock  main.o
    0x000009c8   0x000009c8   0x0000001c   Code   RO            8    .text.radians       main.o
    0x000009e4   0x000009e4   0x00000040   Code   RO           13    .text.systemVariableInit  watchface_api.o
    0x00000a24   0x00000a24   0x00000028   Code   RO           97    i.__ARM_fpclassify  m_ws.l(fpclassify.o)
    0x00000a4c   0x00000a4c   0x0000038e   Code   RO           79    i.__ieee754_rem_pio2  m_ws.l(rred.o)
    0x00000dda   0x00000dda   0x00000002   PAD
    0x00000ddc   0x00000ddc   0x000000fc   Code   RO           70    i.__kernel_cos      m_ws.l(cos_i.o)
    0x00000ed8   0x00000ed8   0x000000aa   Code   RO           98    i.__kernel_poly     m_ws.l(poly.o)
    0x00000f82   0x00000f82   0x00000002   PAD
    0x00000f84   0x00000f84   0x000000ec   Code   RO           82    i.__kernel_sin      m_ws.l(sin_i.o)
    0x00001070   0x00001070   0x00000006   Code   RO           73    i.__mathlib_dbl_infnan  m_ws.l(dunder.o)
    0x00001076   0x00001076   0x0000000c   Code   RO           75    i.__mathlib_dbl_invalid  m_ws.l(dunder.o)
    0x00001082   0x00001082   0x00000002   PAD
    0x00001084   0x00001084   0x00000010   Code   RO           78    i.__mathlib_dbl_underflow  m_ws.l(dunder.o)
    0x00001094   0x00001094   0x0000009c   Code   RO           49    i.cos               m_ws.l(cos.o)
    0x00001130   0x00001130   0x00000094   Code   RO           52    i.round             m_ws.l(round.o)
    0x000011c4   0x000011c4   0x000000a0   Code   RO           54    i.sin               m_ws.l(sin.o)
    0x00001264   0x00001264   0x00000062   Code   RO           37    x$fpl$d2f           fz_ws.l(d2f.o)
    0x000012c6   0x000012c6   0x00000002   PAD
    0x000012c8   0x000012c8   0x00000150   Code   RO           38    x$fpl$dadd          fz_ws.l(daddsub_clz.o)
    0x00001418   0x00001418   0x00000010   Code   RO          101    x$fpl$dcheck1       fz_ws.l(dcheck1.o)
    0x00001428   0x00001428   0x00000018   Code   RO           90    x$fpl$dcmpinf       fz_ws.l(dcmpi.o)
    0x00001440   0x00001440   0x000002b0   Code   RO           92    x$fpl$ddiv          fz_ws.l(ddiv.o)
    0x000016f0   0x000016f0   0x0000005e   Code   RO           41    x$fpl$dfix          fz_ws.l(dfix.o)
    0x0000174e   0x0000174e   0x0000002e   Code   RO           94    x$fpl$dflt          fz_ws.l(dflt_clz.o)
    0x0000177c   0x0000177c   0x00000026   Code   RO           93    x$fpl$dfltu         fz_ws.l(dflt_clz.o)
    0x000017a2   0x000017a2   0x00000002   PAD
    0x000017a4   0x000017a4   0x00000078   Code   RO           62    x$fpl$dleqf         fz_ws.l(dleqf.o)
    0x0000181c   0x0000181c   0x00000154   Code   RO           43    x$fpl$dmul          fz_ws.l(dmul.o)
    0x00001970   0x00001970   0x0000009c   Code   RO           63    x$fpl$dnaninf       fz_ws.l(dnaninf.o)
    0x00001a0c   0x00001a0c   0x0000000c   Code   RO           64    x$fpl$dretinf       fz_ws.l(dretinf.o)
    0x00001a18   0x00001a18   0x0000006c   Code   RO           65    x$fpl$drleqf        fz_ws.l(drleqf.o)
    0x00001a84   0x00001a84   0x000000b4   Code   RO           66    x$fpl$drnd          fz_ws.l(drnd.o)
    0x00001b38   0x00001b38   0x00000016   Code   RO           39    x$fpl$drsb          fz_ws.l(daddsub_clz.o)
    0x00001b4e   0x00001b4e   0x00000002   PAD
    0x00001b50   0x00001b50   0x000001d4   Code   RO           40    x$fpl$dsub          fz_ws.l(daddsub_clz.o)
    0x00001d24   0x00001d24   0x00000056   Code   RO           44    x$fpl$f2d           fz_ws.l(f2d.o)
    0x00001d7a   0x00001d7a   0x00000002   PAD
    0x00001d7c   0x00001d7c   0x00000030   Code   RO           46    x$fpl$fflt          fz_ws.l(fflt_clz.o)
    0x00001dac   0x00001dac   0x0000008c   Code   RO           67    x$fpl$fnaninf       fz_ws.l(fnaninf.o)
    0x00001e38   0x00001e38   0x0000000a   Code   RO           68    x$fpl$fretinf       fz_ws.l(fretinf.o)
    0x00001e42   0x00001e42   0x00000064   Code   RO          102    x$fpl$retnan        fz_ws.l(retnan.o)
    0x00001ea6   0x00001ea6   0x0000005c   Code   RO           96    x$fpl$scalbn        fz_ws.l(scalbn.o)
    0x00001f02   0x00001f02   0x00000030   Code   RO          103    x$fpl$trapveneer    fz_ws.l(trapv.o)
    0x00001f32   0x00001f32   0x00000000   Code   RO           69    x$fpl$usenofp       fz_ws.l(usenofp.o)
    0x00001f32   0x00001f32   0x00000006   PAD
    0x00001f38   0x00001f38   0x00000030   Data   RO           71    .constdata          m_ws.l(cos_i.o)
    0x00001f68   0x00001f68   0x000000cc   Data   RO           81    .constdata          m_ws.l(rred.o)
    0x00002034   0x00002034   0x00000004   PAD
    0x00002038   0x00002038   0x00000028   Data   RO           83    .constdata          m_ws.l(sin_i.o)


    Execution Region ER_RW (Exec base: 0x00000000, Load base: 0x00002060, Size: 0x00000004, Max: 0xffffffff, PI)

    Exec Addr    Load Addr    Size         Type   Attr      Idx    E Section Name        Object

    0x00000000   0x00002060   0x00000004   Data   RW          105    PDT$$ptr            anon$$obj.o


    Execution Region ER_ZI (Exec base: 0x00000004, Load base: 0x00002064, Size: 0x0000002c, Max: 0xffffffff, PI)

    Exec Addr    Load Addr    Size         Type   Attr      Idx    E Section Name        Object

    0x00000004        -       0x00000004   Zero   RW           87    .bss                c_we.l(rt_errno_addr.o)
    0x00000008        -       0x00000008   Zero   RW           10    .bss..L_MergedGlobals  main.o
    0x00000010        -       0x00000020   Zero   RW           15    .bss..L_MergedGlobals  watchface_api.o


==============================================================================

Image component sizes


      Code (inc. data)   RO Data    RW Data    ZI Data      Debug   Object Name

       452          4          0          0          0          0   api_table.o
      1530         80          0          0          8          0   main.o
        64          4          0          0         32          0   watchface_api.o

    ----------------------------------------------------------------------
      2048         88          0          4         40          0   Object Totals
         0          0          0          4          0          0   (incl. Generated)
         2          0          0          0          0          0   (incl. Padding)

    ----------------------------------------------------------------------

      Code (inc. data)   RO Data    RW Data    ZI Data      Debug   Library Member Name

       104          0          0          0          0          0   __printf.o
        48          6          0          0          0          0   _printf_char_common.o
         6          0          0          0          0          0   _printf_d.o
       120         16          0          0          0          0   _printf_dec.o
       178          0          0          0          0          0   _printf_intcommon.o
         0          0          0          0          0          0   _printf_percent.o
         4          0          0          0          0          0   _printf_percent_end.o
        22          0          0          0          0          0   _rserrno.o
        10          0          0          0          0          0   _sputc.o
        40          6          0          0          0          0   noretval__2sprintf.o
        12          4          0          0          4          0   rt_errno_addr.o
        98          4          0          0          0          0   d2f.o
       826         16          0          0          0          0   daddsub_clz.o
        16          4          0          0          0          0   dcheck1.o
        24          0          0          0          0          0   dcmpi.o
       688        140          0          0          0          0   ddiv.o
        94          4          0          0          0          0   dfix.o
        84          0          0          0          0          0   dflt_clz.o
       120          4          0          0          0          0   dleqf.o
       340         12          0          0          0          0   dmul.o
       156          4          0          0          0          0   dnaninf.o
        12          0          0          0          0          0   dretinf.o
       108          0          0          0          0          0   drleqf.o
       180          4          0          0          0          0   drnd.o
        86          4          0          0          0          0   f2d.o
        48          0          0          0          0          0   fflt_clz.o
       140          4          0          0          0          0   fnaninf.o
        10          0          0          0          0          0   fretinf.o
       100          0          0          0          0          0   retnan.o
        92          0          0          0          0          0   scalbn.o
        48          0          0          0          0          0   trapv.o
         0          0          0          0          0          0   usenofp.o
       156          8          0          0          0          0   cos.o
       252         22         48          0          0          0   cos_i.o
        34          6          0          0          0          0   dunder.o
        40          0          0          0          0          0   fpclassify.o
       170          0          0          0          0          0   poly.o
       148         12          0          0          0          0   round.o
       910         76        204          0          0          0   rred.o
       160         10          0          0          0          0   sin.o
       236         12         40          0          0          0   sin_i.o

    ----------------------------------------------------------------------
      5944        378        296          0          4          0   Library Totals
        24          0          4          0          0          0   (incl. Padding)

    ----------------------------------------------------------------------

      Code (inc. data)   RO Data    RW Data    ZI Data      Debug   Library Name

       544         32          0          0          4          0   c_we.l
      3270        200          0          0          0          0   fz_ws.l
      2106        146        292          0          0          0   m_ws.l

    ----------------------------------------------------------------------
      5944        378        296          0          4          0   Library Totals

    ----------------------------------------------------------------------

==============================================================================


      Code (inc. data)   RO Data    RW Data    ZI Data      Debug   

      7992        466        296          4         44          0   Grand Totals
      7992        466        296          4         44          0   ELF Image Totals
      7992        466        296          4          0          0   ROM Totals

==============================================================================

    Total RO  Size (Code + RO Data)                 8288 (   8.09kB)
    Total RW  Size (RW Data + ZI Data)                48 (   0.05kB)
    Total ROM Size (Code + RO Data + RW Data)       8292 (   8.10kB)

==============================================================================

