Component: ARM Compiler 6.13.1 Tool: armlink [5d895400]

==============================================================================

Section Cross References

    main.o(.text.my_main) refers to watchface_api.o(.text.systemVariableInit) for systemVariableInit
    main.o(.text.my_main) refers to api_table.o(.text) for display_setDrawFunc
    main.o(.text.my_main) refers to main.o(.text.draw) for draw
    main.o(.ARM.exidx.text.my_main) refers to main.o(.text.my_main) for [Anonymous Symbol]
    main.o(.text.draw) refers to api_table.o(.text) for watchFace_switchUpdate
    main.o(.text.draw) refers to main.o(.text.ticker) for ticker
    main.o(.text.draw) refers to main.o(.text.animateIcon) for animateIcon
    main.o(.text.draw) refers to main.o(.data..L_MergedGlobals) for [Anonymous Symbol]
    main.o(.text.draw) refers to watchface_api.o(.bss..L_MergedGlobals) for chargeIcon
    main.o(.ARM.exidx.text.draw) refers to main.o(.text.draw) for [Anonymous Symbol]
    main.o(.text.ticker) refers to api_table.o(.text) for div10
    main.o(.text.ticker) refers to main.o(.text.drawTickerNum) for drawTickerNum
    main.o(.text.ticker) refers to watchface_api.o(.bss..L_MergedGlobals) for appConfig
    main.o(.text.ticker) refers to main.o(.bss..L_MergedGlobals.1) for [Anonymous Symbol]
    main.o(.ARM.exidx.text.ticker) refers to main.o(.text.ticker) for [Anonymous Symbol]
    main.o(.text.drawTickerNum) refers to api_table.o(.text) for setVectorDrawClipWin
    main.o(.ARM.exidx.text.drawTickerNum) refers to main.o(.text.drawTickerNum) for [Anonymous Symbol]
    main.o(.ARM.exidx.text.animateIcon) refers to main.o(.text.animateIcon) for [Anonymous Symbol]
    watchface_api.o(.text.systemVariableInit) refers to api_table.o(.text) for blueToothIcon_sysVar
    watchface_api.o(.text.systemVariableInit) refers to watchface_api.o(.bss..L_MergedGlobals) for [Anonymous Symbol]
    watchface_api.o(.ARM.exidx.text.systemVariableInit) refers to watchface_api.o(.text.systemVariableInit) for [Anonymous Symbol]


==============================================================================

Removing Unused input sections from the image.

    Removing main.o(.text), (0 bytes).
    Removing main.o(.ARM.exidx.text.my_main), (8 bytes).
    Removing main.o(.ARM.exidx.text.draw), (8 bytes).
    Removing main.o(.ARM.exidx.text.ticker), (8 bytes).
    Removing main.o(.ARM.exidx.text.drawTickerNum), (8 bytes).
    Removing main.o(.ARM.exidx.text.animateIcon), (8 bytes).
    Removing watchface_api.o(.text), (0 bytes).
    Removing watchface_api.o(.ARM.exidx.text.systemVariableInit), (8 bytes).

8 unused section(s) (total 48 bytes) removed from the image.

==============================================================================

Image Symbol Table

    Local Symbols

    Symbol Name                              Value     Ov Type        Size  Object(Section)

    api_table.s                              0x00000000   Number         0  api_table.o ABSOLUTE
    main.c                                   0x00000000   Number         0  main.o ABSOLUTE
    watchface_api.c                          0x00000000   Number         0  watchface_api.o ABSOLUTE
    [Anonymous Symbol]                       0x20007800   Section        0  main.o(.text.my_main)
    __arm_cp.0_0                             0x2000781c   Number         4  main.o(.text.my_main)
    $v0                                      0x20007820   Number         0  api_table.o(.text)
    .text                                    0x20007820   Section      412  api_table.o(.text)
    animateIcon                              0x200079bd   Thumb Code    44  main.o(.text.animateIcon)
    [Anonymous Symbol]                       0x200079bc   Section        0  main.o(.text.animateIcon)
    draw                                     0x200079e9   Thumb Code   264  main.o(.text.draw)
    [Anonymous Symbol]                       0x200079e8   Section        0  main.o(.text.draw)
    __arm_cp.1_0                             0x20007adc   Number         4  main.o(.text.draw)
    __arm_cp.1_1                             0x20007ae0   Number         4  main.o(.text.draw)
    __arm_cp.1_2                             0x20007ae4   Number         4  main.o(.text.draw)
    __arm_cp.1_3                             0x20007ae8   Number         4  main.o(.text.draw)
    __arm_cp.1_4                             0x20007aec   Number         4  main.o(.text.draw)
    drawTickerNum                            0x20007af1   Thumb Code   160  main.o(.text.drawTickerNum)
    [Anonymous Symbol]                       0x20007af0   Section        0  main.o(.text.drawTickerNum)
    [Anonymous Symbol]                       0x20007b98   Section        0  watchface_api.o(.text.systemVariableInit)
    __arm_cp.0_0                             0x20007bc8   Number         4  watchface_api.o(.text.systemVariableInit)
    [Anonymous Symbol]                       0x20007bcc   Section        0  main.o(.text.ticker)
    __arm_cp.2_0                             0x20007e84   Number         4  main.o(.text.ticker)
    __arm_cp.2_1                             0x20007e88   Number         4  main.o(.text.ticker)
    __arm_cp.2_2                             0x20007e8c   Number         4  main.o(.text.ticker)
    __arm_cp.2_3                             0x20007e90   Number         4  main.o(.text.ticker)
    __arm_cp.2_4                             0x20007e94   Number         4  main.o(.text.ticker)
    __arm_cp.2_5                             0x20007e98   Number         4  main.o(.text.ticker)
    __arm_cp.2_6                             0x20007e9c   Number         4  main.o(.text.ticker)
    draw.blueToothImagePos                   0x20007ea6   Data           1  main.o(.data..L_MergedGlobals)
    [Anonymous Symbol]                       0x20007ea6   Section        0  main.o(.data..L_MergedGlobals)
    draw.chargeImagePos                      0x20007ea7   Data           1  main.o(.data..L_MergedGlobals)
    [Anonymous Symbol]                       0x20007ea8   Section        0  watchface_api.o(.bss..L_MergedGlobals)
    ticker.yPos                              0x20007ec4   Data           1  main.o(.bss..L_MergedGlobals.1)
    [Anonymous Symbol]                       0x20007ec4   Section        0  main.o(.bss..L_MergedGlobals.1)
    ticker.yPos_secs                         0x20007ec5   Data           1  main.o(.bss..L_MergedGlobals.1)
    ticker.moving                            0x20007ec6   Data           1  main.o(.bss..L_MergedGlobals.1)
    ticker.hour2                             0x20007ec7   Data           1  main.o(.bss..L_MergedGlobals.1)
    ticker.mins                              0x20007ec8   Data           1  main.o(.bss..L_MergedGlobals.1)
    ticker.secs                              0x20007ec9   Data           1  main.o(.bss..L_MergedGlobals.1)
    ticker.moving2                           0x20007eca   Data           5  main.o(.bss..L_MergedGlobals.1)

    Global Symbols

    Symbol Name                              Value     Ov Type        Size  Object(Section)

    BuildAttributes$$THM_ISAv4$E$P$D$K$B$S$7EM$VFPi3$EXTD16$VFPS$VFMA$PE$A:L22UL41UL21$X:L11$S22US41US21$IEEE1$IW$~IW$USESV6$~STKCKD$USESV7$~SHL$OSPACE$EBA8$STANDARDLIB$REQ8$PRES8$EABIv2 0x00000000   Number         0  anon$$obj.o ABSOLUTE
    my_main                                  0x20007801   Thumb Code    32  main.o(.text.my_main)
    alarm_getNext                            0x20007821   Thumb Code    14  api_table.o(.text)
    alarm_getNextDay                         0x2000782f   Thumb Code    14  api_table.o(.text)
    appConfig_sysVar                         0x2000783d   Thumb Code    14  api_table.o(.text)
    colon_sysVar                             0x2000784b   Thumb Code    14  api_table.o(.text)
    display_setDrawFunc                      0x20007859   Thumb Code    14  api_table.o(.text)
    div10                                    0x20007867   Thumb Code    14  api_table.o(.text)
    dowImg_sysVar                            0x20007875   Thumb Code    14  api_table.o(.text)
    drawBattery                              0x20007883   Thumb Code    14  api_table.o(.text)
    drawDate                                 0x20007891   Thumb Code    14  api_table.o(.text)
    drawTemperature                          0x2000789f   Thumb Code    14  api_table.o(.text)
    draw_bitmap                              0x200078ad   Thumb Code    14  api_table.o(.text)
    draw_string                              0x200078bb   Thumb Code    14  api_table.o(.text)
    millis_get                               0x200078c9   Thumb Code    14  api_table.o(.text)
    mod10                                    0x200078d7   Thumb Code    14  api_table.o(.text)
    openLSM6DSM                              0x200078e5   Thumb Code    14  api_table.o(.text)
    open_watchface_general                   0x200078f3   Thumb Code    14  api_table.o(.text)
    stopwatch_sysVar                         0x20007901   Thumb Code    14  api_table.o(.text)
    stopwatch_active                         0x2000790f   Thumb Code    14  api_table.o(.text)
    timeDate_sysVar                          0x2000791d   Thumb Code    14  api_table.o(.text)
    time_timeMode                            0x2000792b   Thumb Code    14  api_table.o(.text)
    watchFace_switchUpdate                   0x20007939   Thumb Code    14  api_table.o(.text)
    console_log                              0x20007947   Thumb Code    14  api_table.o(.text)
    drawVectorChar                           0x20007955   Thumb Code    14  api_table.o(.text)
    setVectorDrawClipWin                     0x20007963   Thumb Code    14  api_table.o(.text)
    getBtLinkState                           0x20007971   Thumb Code    14  api_table.o(.text)
    getCharingState                          0x2000797f   Thumb Code    14  api_table.o(.text)
    blueToothIcon_sysVar                     0x2000798d   Thumb Code    14  api_table.o(.text)
    chargeIcon_sysVar                        0x2000799b   Thumb Code    14  api_table.o(.text)
    myOLED_DrawLine                          0x200079a9   Thumb Code    14  api_table.o(.text)
    systemVariableInit                       0x20007b99   Thumb Code    52  watchface_api.o(.text.systemVariableInit)
    ticker                                   0x20007bcd   Thumb Code   724  main.o(.text.ticker)
    blueToothIcon                            0x20007ea8   Data           4  watchface_api.o(.bss..L_MergedGlobals)
    chargeIcon                               0x20007eac   Data           4  watchface_api.o(.bss..L_MergedGlobals)
    stopwatch                                0x20007eb0   Data           4  watchface_api.o(.bss..L_MergedGlobals)
    dowImg                                   0x20007eb4   Data           4  watchface_api.o(.bss..L_MergedGlobals)
    colon                                    0x20007eb8   Data           4  watchface_api.o(.bss..L_MergedGlobals)
    timeDate                                 0x20007ebc   Data           4  watchface_api.o(.bss..L_MergedGlobals)
    appConfig                                0x20007ec0   Data           4  watchface_api.o(.bss..L_MergedGlobals)



==============================================================================

Memory Map of the image

  Image Entry point : 0x20007801

  Load Region LR_IROM1 (Base: 0x20007800, Size: 0x000006a8, Max: 0x00010800, ABSOLUTE)

    Execution Region RW_IRAM2 (Exec base: 0x10000000, Load base: 0x20007ea8, Size: 0x00000000, Max: 0x00004000, ABSOLUTE)

    **** No section assigned to this execution region ****


    Execution Region ER_IROM1 (Exec base: 0x20007800, Load base: 0x20007800, Size: 0x000006d0, Max: 0x00010800, ABSOLUTE)

    Exec Addr    Load Addr    Size         Type   Attr      Idx    E Section Name        Object

    0x20007800   0x20007800   0x00000020   Code   RO            2  * .text.my_main       main.o
    0x20007820   0x20007820   0x0000019c   Code   RO           14    .text               api_table.o
    0x200079bc   0x200079bc   0x0000002c   Code   RO           10    .text.animateIcon   main.o
    0x200079e8   0x200079e8   0x00000108   Code   RO            4    .text.draw          main.o
    0x20007af0   0x20007af0   0x000000a6   Code   RO            8    .text.drawTickerNum  main.o
    0x20007b96   0x20007b96   0x00000002   PAD
    0x20007b98   0x20007b98   0x00000034   Code   RO           16    .text.systemVariableInit  watchface_api.o
    0x20007bcc   0x20007bcc   0x000002da   Code   RO            6    .text.ticker        main.o
    0x20007ea6   0x20007ea6   0x00000002   Data   RW           12    .data..L_MergedGlobals  main.o
    0x20007ea8        -       0x0000001c   Zero   RW           18    .bss..L_MergedGlobals  watchface_api.o
    0x20007ec4        -       0x0000000b   Zero   RW           13    .bss..L_MergedGlobals.1  main.o


==============================================================================

Image component sizes


      Code (inc. data)   RO Data    RW Data    ZI Data      Debug   Object Name

       412          6          0          0          0          0   api_table.o
      1236         52          0          2         11          0   main.o
        52          4          0          0         28          0   watchface_api.o

    ----------------------------------------------------------------------
      1704         62          0          0         40          0   Object Totals
         0          0          0          0          0          0   (incl. Generated)
         4          0          0 4294967294          1          0   (incl. Padding)

    ----------------------------------------------------------------------
         0          0          0          0          0          0   Library Totals
         0          0          0          0          0          0   (incl. Padding)

    ----------------------------------------------------------------------

==============================================================================


      Code (inc. data)   RO Data    RW Data    ZI Data      Debug   

      1704         62          0          0         40          0   Grand Totals
      1704         62          0          0         40          0   ELF Image Totals
      1704         62          0          0          0          0   ROM Totals

==============================================================================

    Total RO  Size (Code + RO Data)                 1704 (   1.66kB)
    Total RW  Size (RW Data + ZI Data)                40 (   0.04kB)
    Total ROM Size (Code + RO Data + RW Data)       1704 (   1.66kB)

==============================================================================

