Component: ARM Compiler 6.13.1 Tool: armlink [5d895400]

==============================================================================

Section Cross References

    main.o(.text.my_main) refers to watchface_api.o(.text.systemVariableInit) for systemVariableInit
    main.o(.text.my_main) refers to api_table.o(.text) for display_setDrawFunc
    main.o(.text.my_main) refers to main.o(.text.draw) for draw
    main.o(.ARM.exidx.text.my_main) refers to main.o(.text.my_main) for [Anonymous Symbol]
    main.o(.text.draw) refers to api_table.o(.text) for watchFace_switchUpdate
    main.o(.text.draw) refers to main.o(.text.ticker) for ticker
    main.o(.text.draw) refers to main.o(.text.animateIcon) for animateIcon
    main.o(.text.draw) refers to main.o(.data..L_MergedGlobals) for .L_MergedGlobals
    main.o(.text.draw) refers to watchface_api.o(.bss..L_MergedGlobals) for chargeIcon
    main.o(.ARM.exidx.text.draw) refers to main.o(.text.draw) for [Anonymous Symbol]
    main.o(.text.ticker) refers to api_table.o(.text) for div10
    main.o(.text.ticker) refers to main.o(.text.drawTickerNum) for drawTickerNum
    main.o(.text.ticker) refers to watchface_api.o(.bss..L_MergedGlobals) for appConfig
    main.o(.text.ticker) refers to main.o(.bss..L_MergedGlobals.1) for .L_MergedGlobals.1
    main.o(.ARM.exidx.text.ticker) refers to main.o(.text.ticker) for [Anonymous Symbol]
    main.o(.text.drawTickerNum) refers to api_table.o(.text) for setVectorDrawClipWin
    main.o(.ARM.exidx.text.drawTickerNum) refers to main.o(.text.drawTickerNum) for [Anonymous Symbol]
    main.o(.ARM.exidx.text.animateIcon) refers to main.o(.text.animateIcon) for [Anonymous Symbol]
    watchface_api.o(.text.systemVariableInit) refers to api_table.o(.text) for blueToothIcon_sysVar
    watchface_api.o(.text.systemVariableInit) refers to watchface_api.o(.bss..L_MergedGlobals) for .L_MergedGlobals
    watchface_api.o(.ARM.exidx.text.systemVariableInit) refers to watchface_api.o(.text.systemVariableInit) for [Anonymous Symbol]


==============================================================================

Removing Unused input sections from the image.

    Removing main.o(.text), (0 bytes).
    Removing main.o(.ARM.exidx.text.my_main), (8 bytes).
    Removing main.o(.ARM.exidx.text.draw), (8 bytes).
    Removing main.o(.ARM.exidx.text.ticker), (8 bytes).
    Removing main.o(.ARM.exidx.text.drawTickerNum), (8 bytes).
    Removing main.o(.ARM.exidx.text.animateIcon), (8 bytes).
    Removing watchface_api.o(.text), (0 bytes).
    Removing watchface_api.o(.ARM.exidx.text.systemVariableInit), (8 bytes).

8 unused section(s) (total 48 bytes) removed from the image.

==============================================================================

Image Symbol Table

    Local Symbols

    Symbol Name                              Value     Ov Type        Size  Object(Section)

    api_table.s                              0x00000000   Number         0  api_table.o ABSOLUTE
    main.c                                   0x00000000   Number         0  main.o ABSOLUTE
    watchface_api.c                          0x00000000   Number         0  watchface_api.o ABSOLUTE
    [Anonymous Symbol]                       0x00000000   Section        0  main.o(.text.my_main)
    .L_MergedGlobals                         0x00000004   Data           2  main.o(.data..L_MergedGlobals)
    draw.blueToothImagePos                   0x00000004   Data           1  main.o(.data..L_MergedGlobals)
    draw.chargeImagePos                      0x00000005   Data           1  main.o(.data..L_MergedGlobals)
    .L_MergedGlobals                         0x00000008   Data          28  watchface_api.o(.bss..L_MergedGlobals)
    $v0                                      0x00000020   Number         0  api_table.o(.text)
    .text                                    0x00000020   Section      412  api_table.o(.text)
    .L_MergedGlobals.1                       0x00000024   Data          11  main.o(.bss..L_MergedGlobals.1)
    ticker.yPos                              0x00000024   Data           1  main.o(.bss..L_MergedGlobals.1)
    ticker.yPos_secs                         0x00000025   Data           1  main.o(.bss..L_MergedGlobals.1)
    ticker.moving                            0x00000026   Data           1  main.o(.bss..L_MergedGlobals.1)
    ticker.hour2                             0x00000027   Data           1  main.o(.bss..L_MergedGlobals.1)
    ticker.mins                              0x00000028   Data           1  main.o(.bss..L_MergedGlobals.1)
    ticker.secs                              0x00000029   Data           1  main.o(.bss..L_MergedGlobals.1)
    ticker.moving2                           0x0000002a   Data           5  main.o(.bss..L_MergedGlobals.1)
    animateIcon                              0x000001bd   Thumb Code    44  main.o(.text.animateIcon)
    [Anonymous Symbol]                       0x000001bc   Section        0  main.o(.text.animateIcon)
    draw                                     0x000001e9   Thumb Code   284  main.o(.text.draw)
    [Anonymous Symbol]                       0x000001e8   Section        0  main.o(.text.draw)
    drawTickerNum                            0x00000305   Thumb Code   160  main.o(.text.drawTickerNum)
    [Anonymous Symbol]                       0x00000304   Section        0  main.o(.text.drawTickerNum)
    [Anonymous Symbol]                       0x000003ac   Section        0  watchface_api.o(.text.systemVariableInit)
    [Anonymous Symbol]                       0x000003e8   Section        0  main.o(.text.ticker)

    Global Symbols

    Symbol Name                              Value     Ov Type        Size  Object(Section)

    BuildAttributes$$THM_ISAv4$E$P$D$K$B$S$7EM$VFPi3$EXTD16$VFPS$VFMA$PE$A:L22UL41UL21$X:L11$S22US41US21$IEEE1$IW$~IW$RWPI$USESV6$~STKCKD$USESV7$~SHL$OSPACE$ROPI$EBA8$STANDARDLIB$REQ8$PRES8$EABIv2 0x00000000   Number         0  anon$$obj.o ABSOLUTE
    my_main                                  0x00000001   Thumb Code    32  main.o(.text.my_main)
    blueToothIcon                            0x00000008   Data           4  watchface_api.o(.bss..L_MergedGlobals)
    chargeIcon                               0x0000000c   Data           4  watchface_api.o(.bss..L_MergedGlobals)
    stopwatch                                0x00000010   Data           4  watchface_api.o(.bss..L_MergedGlobals)
    dowImg                                   0x00000014   Data           4  watchface_api.o(.bss..L_MergedGlobals)
    colon                                    0x00000018   Data           4  watchface_api.o(.bss..L_MergedGlobals)
    timeDate                                 0x0000001c   Data           4  watchface_api.o(.bss..L_MergedGlobals)
    alarm_getNext                            0x00000021   Thumb Code    14  api_table.o(.text)
    appConfig                                0x00000020   Data           4  watchface_api.o(.bss..L_MergedGlobals)
    alarm_getNextDay                         0x0000002f   Thumb Code    14  api_table.o(.text)
    appConfig_sysVar                         0x0000003d   Thumb Code    14  api_table.o(.text)
    colon_sysVar                             0x0000004b   Thumb Code    14  api_table.o(.text)
    display_setDrawFunc                      0x00000059   Thumb Code    14  api_table.o(.text)
    div10                                    0x00000067   Thumb Code    14  api_table.o(.text)
    dowImg_sysVar                            0x00000075   Thumb Code    14  api_table.o(.text)
    drawBattery                              0x00000083   Thumb Code    14  api_table.o(.text)
    drawDate                                 0x00000091   Thumb Code    14  api_table.o(.text)
    drawTemperature                          0x0000009f   Thumb Code    14  api_table.o(.text)
    draw_bitmap                              0x000000ad   Thumb Code    14  api_table.o(.text)
    draw_string                              0x000000bb   Thumb Code    14  api_table.o(.text)
    millis_get                               0x000000c9   Thumb Code    14  api_table.o(.text)
    mod10                                    0x000000d7   Thumb Code    14  api_table.o(.text)
    openLSM6DSM                              0x000000e5   Thumb Code    14  api_table.o(.text)
    open_watchface_general                   0x000000f3   Thumb Code    14  api_table.o(.text)
    stopwatch_sysVar                         0x00000101   Thumb Code    14  api_table.o(.text)
    stopwatch_active                         0x0000010f   Thumb Code    14  api_table.o(.text)
    timeDate_sysVar                          0x0000011d   Thumb Code    14  api_table.o(.text)
    time_timeMode                            0x0000012b   Thumb Code    14  api_table.o(.text)
    watchFace_switchUpdate                   0x00000139   Thumb Code    14  api_table.o(.text)
    console_log                              0x00000147   Thumb Code    14  api_table.o(.text)
    drawVectorChar                           0x00000155   Thumb Code    14  api_table.o(.text)
    setVectorDrawClipWin                     0x00000163   Thumb Code    14  api_table.o(.text)
    getBtLinkState                           0x00000171   Thumb Code    14  api_table.o(.text)
    getCharingState                          0x0000017f   Thumb Code    14  api_table.o(.text)
    blueToothIcon_sysVar                     0x0000018d   Thumb Code    14  api_table.o(.text)
    chargeIcon_sysVar                        0x0000019b   Thumb Code    14  api_table.o(.text)
    myOLED_DrawLine                          0x000001a9   Thumb Code    14  api_table.o(.text)
    systemVariableInit                       0x000003ad   Thumb Code    60  watchface_api.o(.text.systemVariableInit)
    ticker                                   0x000003e9   Thumb Code   804  main.o(.text.ticker)



==============================================================================

Memory Map of the image

  Image Entry point : 0x00000001

  Load Region LR_1 (Base: 0x00000000, Size: 0x00000714, Max: 0xffffffff, PI)

    Execution Region ER_RO (Exec base: 0x00000000, Load base: 0x00000000, Size: 0x0000070c, Max: 0xffffffff, PI)

    Exec Addr    Load Addr    Size         Type   Attr      Idx    E Section Name        Object

    0x00000000   0x00000000   0x00000020   Code   RO            2  * .text.my_main       main.o
    0x00000020   0x00000020   0x0000019c   Code   RO           14    .text               api_table.o
    0x000001bc   0x000001bc   0x0000002c   Code   RO           10    .text.animateIcon   main.o
    0x000001e8   0x000001e8   0x0000011c   Code   RO            4    .text.draw          main.o
    0x00000304   0x00000304   0x000000a6   Code   RO            8    .text.drawTickerNum  main.o
    0x000003aa   0x000003aa   0x00000002   PAD
    0x000003ac   0x000003ac   0x0000003c   Code   RO           16    .text.systemVariableInit  watchface_api.o
    0x000003e8   0x000003e8   0x00000324   Code   RO            6    .text.ticker        main.o


    Execution Region ER_RW (Exec base: 0x00000000, Load base: 0x0000070c, Size: 0x00000008, Max: 0xffffffff, PI)

    Exec Addr    Load Addr    Size         Type   Attr      Idx    E Section Name        Object

    0x00000000   0x0000070c   0x00000004   Data   RW           20    PDT$$ptr            anon$$obj.o
    0x00000004   0x00000710   0x00000002   Data   RW           12    .data..L_MergedGlobals  main.o


    Execution Region ER_ZI (Exec base: 0x00000008, Load base: 0x00000714, Size: 0x00000028, Max: 0xffffffff, PI)

    Exec Addr    Load Addr    Size         Type   Attr      Idx    E Section Name        Object

    0x00000008        -       0x0000001c   Zero   RW           18    .bss..L_MergedGlobals  watchface_api.o
    0x00000024        -       0x0000000b   Zero   RW           13    .bss..L_MergedGlobals.1  main.o


==============================================================================

Image component sizes


      Code (inc. data)   RO Data    RW Data    ZI Data      Debug   Object Name

       412          6          0          0          0          0   api_table.o
      1330         52          0          2         11          0   main.o
        60          4          0          0         28          0   watchface_api.o

    ----------------------------------------------------------------------
      1804         62          0          8         40          0   Object Totals
         0          0          0          4          0          0   (incl. Generated)
         2          0          0          2          1          0   (incl. Padding)

    ----------------------------------------------------------------------
         0          0          0          0          0          0   Library Totals
         0          0          0          0          0          0   (incl. Padding)

    ----------------------------------------------------------------------

==============================================================================


      Code (inc. data)   RO Data    RW Data    ZI Data      Debug   

      1804         62          0          8         40          0   Grand Totals
      1804         62          0          8         40          0   ELF Image Totals
      1804         62          0          8          0          0   ROM Totals

==============================================================================

    Total RO  Size (Code + RO Data)                 1804 (   1.76kB)
    Total RW  Size (RW Data + ZI Data)                48 (   0.05kB)
    Total ROM Size (Code + RO Data + RW Data)       1812 (   1.77kB)

==============================================================================

