Component: ARM Compiler 6.13.1 Tool: armlink [5d895400]

==============================================================================

Section Cross References

    main.o(.text.my_main) refers to api_table.o(.text) for display_setDrawFunc
    main.o(.text.my_main) refers to main.o(.text.draw) for draw
    main.o(.ARM.exidx.text.my_main) refers to main.o(.text.my_main) for [Anonymous Symbol]
    main.o(.text.draw) refers to api_table.o(.text) for watchFace_switchUpdate
    main.o(.text.draw) refers to f2d.o(x$fpl$f2d) for __aeabi_f2d
    main.o(.text.draw) refers to dmul.o(x$fpl$dmul) for __aeabi_dmul
    main.o(.text.draw) refers to daddsub_clz.o(x$fpl$dadd) for __aeabi_dadd
    main.o(.text.draw) refers to d2f.o(x$fpl$d2f) for __aeabi_d2f
    main.o(.text.draw) refers to daddsub_clz.o(x$fpl$dsub) for __aeabi_dsub
    main.o(.text.draw) refers to fcmp.o(x$fpl$fcmp) for __aeabi_fcmpgt
    main.o(.text.draw) refers to main.o(.text.galaxy_draw) for galaxy_draw
    main.o(.text.draw) refers to main.o(.text.random_drawStars) for random_drawStars
    main.o(.text.draw) refers to ffix.o(x$fpl$ffix) for __aeabi_f2iz
    main.o(.text.draw) refers to watchface_api.o(.bss..L_MergedGlobals) for LSM6DSM
    main.o(.text.draw) refers to main.o(.bss..L_MergedGlobals) for [Anonymous Symbol]
    main.o(.ARM.exidx.text.draw) refers to main.o(.text.draw) for [Anonymous Symbol]
    main.o(.text.draw_spiral_stars) refers to dflt_clz.o(x$fpl$dflt) for __aeabi_i2d
    main.o(.text.draw_spiral_stars) refers to fflt_clz.o(x$fpl$fflt) for __aeabi_i2f
    main.o(.text.draw_spiral_stars) refers to main.o(.text.radians) for radians
    main.o(.text.draw_spiral_stars) refers to f2d.o(x$fpl$f2d) for __aeabi_f2d
    main.o(.text.draw_spiral_stars) refers to cos.o(i.cos) for cos
    main.o(.text.draw_spiral_stars) refers to dmul.o(x$fpl$dmul) for __aeabi_dmul
    main.o(.text.draw_spiral_stars) refers to ddiv.o(x$fpl$ddiv) for __aeabi_ddiv
    main.o(.text.draw_spiral_stars) refers to dfix.o(x$fpl$dfix) for __aeabi_d2iz
    main.o(.text.draw_spiral_stars) refers to sin.o(i.sin) for sin
    main.o(.text.draw_spiral_stars) refers to fmul.o(x$fpl$fmul) for __aeabi_fmul
    main.o(.text.draw_spiral_stars) refers to api_table.o(.text) for draw_point
    main.o(.text.draw_spiral_stars) refers to main.o(.bss..L_MergedGlobals) for [Anonymous Symbol]
    main.o(.ARM.exidx.text.draw_spiral_stars) refers to main.o(.text.draw_spiral_stars) for [Anonymous Symbol]
    main.o(.text.radians) refers to f2d.o(x$fpl$f2d) for __aeabi_f2d
    main.o(.text.radians) refers to dmul.o(x$fpl$dmul) for __aeabi_dmul
    main.o(.text.radians) refers to d2f.o(x$fpl$d2f) for __aeabi_d2f
    main.o(.ARM.exidx.text.radians) refers to main.o(.text.radians) for [Anonymous Symbol]
    main.o(.text.random_drawStars) refers to rand.o(.emb_text) for rand
    main.o(.text.random_drawStars) refers to api_table.o(.text) for draw_point
    main.o(.text.random_drawStars) refers to main.o(.bss.random_drawStars.time_counter) for [Anonymous Symbol]
    main.o(.text.random_drawStars) refers to main.o(.bss.starts) for [Anonymous Symbol]
    main.o(.ARM.exidx.text.random_drawStars) refers to main.o(.text.random_drawStars) for [Anonymous Symbol]
    main.o(.text.galaxy_draw) refers to main.o(.text.draw_spiral_stars) for draw_spiral_stars
    main.o(.text.galaxy_draw) refers to main.o(.bss.galaxy_draw.rotation_angle) for [Anonymous Symbol]
    main.o(.ARM.exidx.text.galaxy_draw) refers to main.o(.text.galaxy_draw) for [Anonymous Symbol]
    watchface_api.o(.text.systemVariableInit) refers to api_table.o(.text) for blueToothIcon_sysVar
    watchface_api.o(.text.systemVariableInit) refers to watchface_api.o(.bss..L_MergedGlobals) for [Anonymous Symbol]
    watchface_api.o(.ARM.exidx.text.systemVariableInit) refers to watchface_api.o(.text.systemVariableInit) for [Anonymous Symbol]
    rand.o(.emb_text) refers (Special) to libinit2.o(.ARM.Collect$$libinit$$0000000E) for __rt_lib_init_rand_2
    rand.o(.emb_text) refers to rand.o(.text) for _rand_init
    rand.o(.emb_text) refers to rand.o(.bss) for _random_number_data
    rand.o(.text) refers (Special) to libinit2.o(.ARM.Collect$$libinit$$0000000E) for __rt_lib_init_rand_2
    rand.o(.text) refers to rand.o(.bss) for .bss
    rand.o(.bss) refers (Special) to libinit2.o(.ARM.Collect$$libinit$$0000000E) for __rt_lib_init_rand_2
    d2f.o(x$fpl$d2f) refers (Special) to usenofp.o(x$fpl$usenofp) for __I$use$fp
    d2f.o(x$fpl$d2f) refers to fretinf.o(x$fpl$fretinf) for __fpl_fretinf
    d2f.o(x$fpl$d2f) refers to dnaninf.o(x$fpl$dnaninf) for __fpl_dnaninf
    daddsub_clz.o(x$fpl$dadd) refers (Special) to usenofp.o(x$fpl$usenofp) for __I$use$fp
    daddsub_clz.o(x$fpl$dadd) refers to daddsub_clz.o(x$fpl$dsub) for _dsub1
    daddsub_clz.o(x$fpl$dadd) refers to dretinf.o(x$fpl$dretinf) for __fpl_dretinf
    daddsub_clz.o(x$fpl$dadd) refers to dnaninf.o(x$fpl$dnaninf) for __fpl_dnaninf
    daddsub_clz.o(x$fpl$drsb) refers (Special) to usenofp.o(x$fpl$usenofp) for __I$use$fp
    daddsub_clz.o(x$fpl$drsb) refers to daddsub_clz.o(x$fpl$dadd) for _dadd1
    daddsub_clz.o(x$fpl$drsb) refers to daddsub_clz.o(x$fpl$dsub) for _dsub1
    daddsub_clz.o(x$fpl$dsub) refers (Special) to usenofp.o(x$fpl$usenofp) for __I$use$fp
    daddsub_clz.o(x$fpl$dsub) refers to daddsub_clz.o(x$fpl$dadd) for _dadd1
    daddsub_clz.o(x$fpl$dsub) refers to dnaninf.o(x$fpl$dnaninf) for __fpl_dnaninf
    ddiv.o(x$fpl$drdiv) refers (Special) to usenofp.o(x$fpl$usenofp) for __I$use$fp
    ddiv.o(x$fpl$drdiv) refers to ddiv.o(x$fpl$ddiv) for ddiv_entry
    ddiv.o(x$fpl$ddiv) refers (Special) to usenofp.o(x$fpl$usenofp) for __I$use$fp
    ddiv.o(x$fpl$ddiv) refers to dretinf.o(x$fpl$dretinf) for __fpl_dretinf
    ddiv.o(x$fpl$ddiv) refers to dnaninf.o(x$fpl$dnaninf) for __fpl_dnaninf
    dfix.o(x$fpl$dfix) refers (Special) to usenofp.o(x$fpl$usenofp) for __I$use$fp
    dfix.o(x$fpl$dfix) refers to dnaninf.o(x$fpl$dnaninf) for __fpl_dnaninf
    dfix.o(x$fpl$dfixr) refers (Special) to usenofp.o(x$fpl$usenofp) for __I$use$fp
    dfix.o(x$fpl$dfixr) refers to dnaninf.o(x$fpl$dnaninf) for __fpl_dnaninf
    dflt_clz.o(x$fpl$dfltu) refers (Special) to usenofp.o(x$fpl$usenofp) for __I$use$fp
    dflt_clz.o(x$fpl$dflt) refers (Special) to usenofp.o(x$fpl$usenofp) for __I$use$fp
    dflt_clz.o(x$fpl$dfltn) refers (Special) to usenofp.o(x$fpl$usenofp) for __I$use$fp
    dmul.o(x$fpl$dmul) refers (Special) to usenofp.o(x$fpl$usenofp) for __I$use$fp
    dmul.o(x$fpl$dmul) refers to dretinf.o(x$fpl$dretinf) for __fpl_dretinf
    dmul.o(x$fpl$dmul) refers to dnaninf.o(x$fpl$dnaninf) for __fpl_dnaninf
    f2d.o(x$fpl$f2d) refers (Special) to usenofp.o(x$fpl$usenofp) for __I$use$fp
    f2d.o(x$fpl$f2d) refers to fnaninf.o(x$fpl$fnaninf) for __fpl_fnaninf
    f2d.o(x$fpl$f2d) refers to dretinf.o(x$fpl$dretinf) for __fpl_dretinf
    fcmp.o(x$fpl$fcmp) refers (Special) to usenofp.o(x$fpl$usenofp) for __I$use$fp
    fcmp.o(x$fpl$fcmp) refers to feqf.o(x$fpl$feqf) for _fcmpeq
    fcmp.o(x$fpl$fcmp) refers to fgeqf.o(x$fpl$fgeqf) for _fcmpge
    fcmp.o(x$fpl$fcmp) refers to fleqf.o(x$fpl$fleqf) for _fcmple
    ffix.o(x$fpl$ffix) refers (Special) to usenofp.o(x$fpl$usenofp) for __I$use$fp
    ffix.o(x$fpl$ffix) refers to fnaninf.o(x$fpl$fnaninf) for __fpl_fnaninf
    ffix.o(x$fpl$ffixr) refers (Special) to usenofp.o(x$fpl$usenofp) for __I$use$fp
    ffix.o(x$fpl$ffixr) refers to fnaninf.o(x$fpl$fnaninf) for __fpl_fnaninf
    fflt_clz.o(x$fpl$ffltu) refers (Special) to usenofp.o(x$fpl$usenofp) for __I$use$fp
    fflt_clz.o(x$fpl$fflt) refers (Special) to usenofp.o(x$fpl$usenofp) for __I$use$fp
    fflt_clz.o(x$fpl$ffltn) refers (Special) to usenofp.o(x$fpl$usenofp) for __I$use$fp
    fmul.o(x$fpl$fmul) refers (Special) to usenofp.o(x$fpl$usenofp) for __I$use$fp
    fmul.o(x$fpl$fmul) refers to fretinf.o(x$fpl$fretinf) for __fpl_fretinf
    fmul.o(x$fpl$fmul) refers to fnaninf.o(x$fpl$fnaninf) for __fpl_fnaninf
    cos.o(i.__softfp_cos) refers (Special) to usenofp.o(x$fpl$usenofp) for __I$use$fp
    cos.o(i.__softfp_cos) refers to cos.o(i.cos) for cos
    cos.o(i.cos) refers (Special) to usenofp.o(x$fpl$usenofp) for __I$use$fp
    cos.o(i.cos) refers to _rserrno.o(.text) for __set_errno
    cos.o(i.cos) refers to dunder.o(i.__mathlib_dbl_invalid) for __mathlib_dbl_invalid
    cos.o(i.cos) refers to dunder.o(i.__mathlib_dbl_infnan) for __mathlib_dbl_infnan
    cos.o(i.cos) refers to rred.o(i.__ieee754_rem_pio2) for __ieee754_rem_pio2
    cos.o(i.cos) refers to sin_i.o(i.__kernel_sin) for __kernel_sin
    cos.o(i.cos) refers to cos_i.o(i.__kernel_cos) for __kernel_cos
    cos_x.o(i.____softfp_cos$lsc) refers (Special) to usenofp.o(x$fpl$usenofp) for __I$use$fp
    cos_x.o(i.____softfp_cos$lsc) refers to cos_x.o(i.__cos$lsc) for __cos$lsc
    cos_x.o(i.__cos$lsc) refers (Special) to usenofp.o(x$fpl$usenofp) for __I$use$fp
    cos_x.o(i.__cos$lsc) refers to _rserrno.o(.text) for __set_errno
    cos_x.o(i.__cos$lsc) refers to dunder.o(i.__mathlib_dbl_infnan) for __mathlib_dbl_infnan
    cos_x.o(i.__cos$lsc) refers to rred.o(i.__ieee754_rem_pio2) for __ieee754_rem_pio2
    cos_x.o(i.__cos$lsc) refers to sin_i.o(i.__kernel_sin) for __kernel_sin
    cos_x.o(i.__cos$lsc) refers to cos_i.o(i.__kernel_cos) for __kernel_cos
    sin.o(i.__softfp_sin) refers (Special) to usenofp.o(x$fpl$usenofp) for __I$use$fp
    sin.o(i.__softfp_sin) refers to sin.o(i.sin) for sin
    sin.o(i.sin) refers (Special) to usenofp.o(x$fpl$usenofp) for __I$use$fp
    sin.o(i.sin) refers to _rserrno.o(.text) for __set_errno
    sin.o(i.sin) refers to dunder.o(i.__mathlib_dbl_invalid) for __mathlib_dbl_invalid
    sin.o(i.sin) refers to dunder.o(i.__mathlib_dbl_infnan) for __mathlib_dbl_infnan
    sin.o(i.sin) refers to rred.o(i.__ieee754_rem_pio2) for __ieee754_rem_pio2
    sin.o(i.sin) refers to cos_i.o(i.__kernel_cos) for __kernel_cos
    sin.o(i.sin) refers to sin_i.o(i.__kernel_sin) for __kernel_sin
    sin_x.o(i.____softfp_sin$lsc) refers (Special) to usenofp.o(x$fpl$usenofp) for __I$use$fp
    sin_x.o(i.____softfp_sin$lsc) refers to sin_x.o(i.__sin$lsc) for __sin$lsc
    sin_x.o(i.__sin$lsc) refers (Special) to usenofp.o(x$fpl$usenofp) for __I$use$fp
    sin_x.o(i.__sin$lsc) refers to _rserrno.o(.text) for __set_errno
    sin_x.o(i.__sin$lsc) refers to dunder.o(i.__mathlib_dbl_infnan) for __mathlib_dbl_infnan
    sin_x.o(i.__sin$lsc) refers to rred.o(i.__ieee754_rem_pio2) for __ieee754_rem_pio2
    sin_x.o(i.__sin$lsc) refers to cos_i.o(i.__kernel_cos) for __kernel_cos
    sin_x.o(i.__sin$lsc) refers to sin_i.o(i.__kernel_sin) for __kernel_sin
    _rserrno.o(.text) refers to rt_errno_addr.o(.text) for __aeabi_errno_addr
    libinit2.o(.ARM.Collect$$libinit$$0000000D) refers (Weak) to rand.o(.text) for _rand_init
    libinit2.o(.ARM.Collect$$libinit$$00000010) refers to libinit2.o(.ARM.Collect$$libinit$$0000000F) for .ARM.Collect$$libinit$$0000000F
    libinit2.o(.ARM.Collect$$libinit$$00000012) refers to libinit2.o(.ARM.Collect$$libinit$$0000000F) for .ARM.Collect$$libinit$$0000000F
    libinit2.o(.ARM.Collect$$libinit$$00000014) refers to libinit2.o(.ARM.Collect$$libinit$$0000000F) for .ARM.Collect$$libinit$$0000000F
    libinit2.o(.ARM.Collect$$libinit$$00000016) refers to libinit2.o(.ARM.Collect$$libinit$$0000000F) for .ARM.Collect$$libinit$$0000000F
    libinit2.o(.ARM.Collect$$libinit$$00000018) refers to libinit2.o(.ARM.Collect$$libinit$$0000000F) for .ARM.Collect$$libinit$$0000000F
    libinit2.o(.ARM.Collect$$libinit$$00000026) refers to argv_veneer.o(.emb_text) for __ARM_argv_veneer
    libinit2.o(.ARM.Collect$$libinit$$00000027) refers to argv_veneer.o(.emb_text) for __ARM_argv_veneer
    dnaninf.o(x$fpl$dnaninf) refers (Special) to usenofp.o(x$fpl$usenofp) for __I$use$fp
    dretinf.o(x$fpl$dretinf) refers (Special) to usenofp.o(x$fpl$usenofp) for __I$use$fp
    feqf.o(x$fpl$feqf) refers (Special) to usenofp.o(x$fpl$usenofp) for __I$use$fp
    feqf.o(x$fpl$feqf) refers to fnaninf.o(x$fpl$fnaninf) for __fpl_fnaninf
    feqf.o(x$fpl$feqf) refers to fcmpi.o(x$fpl$fcmpinf) for __fpl_fcmp_Inf
    fgeqf.o(x$fpl$fgeqf) refers (Special) to usenofp.o(x$fpl$usenofp) for __I$use$fp
    fgeqf.o(x$fpl$fgeqf) refers to fnaninf.o(x$fpl$fnaninf) for __fpl_fnaninf
    fgeqf.o(x$fpl$fgeqf) refers to fcmpi.o(x$fpl$fcmpinf) for __fpl_fcmp_Inf
    fleqf.o(x$fpl$fleqf) refers (Special) to usenofp.o(x$fpl$usenofp) for __I$use$fp
    fleqf.o(x$fpl$fleqf) refers to fnaninf.o(x$fpl$fnaninf) for __fpl_fnaninf
    fleqf.o(x$fpl$fleqf) refers to fcmpi.o(x$fpl$fcmpinf) for __fpl_fcmp_Inf
    fnaninf.o(x$fpl$fnaninf) refers (Special) to usenofp.o(x$fpl$usenofp) for __I$use$fp
    fretinf.o(x$fpl$fretinf) refers (Special) to usenofp.o(x$fpl$usenofp) for __I$use$fp
    cos_i.o(i.__kernel_cos) refers (Special) to usenofp.o(x$fpl$usenofp) for __I$use$fp
    cos_i.o(i.__kernel_cos) refers to dfix.o(x$fpl$dfix) for __aeabi_d2iz
    cos_i.o(i.__kernel_cos) refers to dmul.o(x$fpl$dmul) for __aeabi_dmul
    cos_i.o(i.__kernel_cos) refers to poly.o(i.__kernel_poly) for __kernel_poly
    cos_i.o(i.__kernel_cos) refers to daddsub_clz.o(x$fpl$dsub) for __aeabi_dsub
    cos_i.o(i.__kernel_cos) refers to scalbn.o(x$fpl$scalbn) for __ARM_scalbn
    cos_i.o(i.__kernel_cos) refers to daddsub_clz.o(x$fpl$drsb) for __aeabi_drsub
    cos_i.o(i.__kernel_cos) refers to cos_i.o(.constdata) for .constdata
    cos_i.o(.constdata) refers (Special) to usenofp.o(x$fpl$usenofp) for __I$use$fp
    dunder.o(i.__mathlib_dbl_divzero) refers to ddiv.o(x$fpl$ddiv) for __aeabi_ddiv
    dunder.o(i.__mathlib_dbl_infnan) refers to scalbn.o(x$fpl$scalbn) for __ARM_scalbn
    dunder.o(i.__mathlib_dbl_infnan2) refers to daddsub_clz.o(x$fpl$dadd) for __aeabi_dadd
    dunder.o(i.__mathlib_dbl_invalid) refers to ddiv.o(x$fpl$ddiv) for __aeabi_ddiv
    dunder.o(i.__mathlib_dbl_overflow) refers to scalbn.o(x$fpl$scalbn) for __ARM_scalbn
    dunder.o(i.__mathlib_dbl_posinfnan) refers to dmul.o(x$fpl$dmul) for __aeabi_dmul
    dunder.o(i.__mathlib_dbl_underflow) refers to scalbn.o(x$fpl$scalbn) for __ARM_scalbn
    rred.o(i.__ieee754_rem_pio2) refers (Special) to usenofp.o(x$fpl$usenofp) for __I$use$fp
    rred.o(i.__ieee754_rem_pio2) refers to daddsub_clz.o(x$fpl$dsub) for __aeabi_dsub
    rred.o(i.__ieee754_rem_pio2) refers to daddsub_clz.o(x$fpl$dadd) for __aeabi_dadd
    rred.o(i.__ieee754_rem_pio2) refers to dmul.o(x$fpl$dmul) for __aeabi_dmul
    rred.o(i.__ieee754_rem_pio2) refers to dfix.o(x$fpl$dfix) for __aeabi_d2iz
    rred.o(i.__ieee754_rem_pio2) refers to dflt_clz.o(x$fpl$dflt) for __aeabi_i2d
    rred.o(i.__ieee754_rem_pio2) refers to daddsub_clz.o(x$fpl$drsb) for __aeabi_drsub
    rred.o(i.__ieee754_rem_pio2) refers to dflt_clz.o(x$fpl$dfltu) for __aeabi_ui2d
    rred.o(i.__ieee754_rem_pio2) refers to scalbn.o(x$fpl$scalbn) for __ARM_scalbn
    rred.o(i.__ieee754_rem_pio2) refers to rred.o(.constdata) for .constdata
    rred.o(i.__use_accurate_range_reduction) refers (Special) to usenofp.o(x$fpl$usenofp) for __I$use$fp
    rred.o(.constdata) refers (Special) to usenofp.o(x$fpl$usenofp) for __I$use$fp
    sin_i.o(i.__kernel_sin) refers (Special) to usenofp.o(x$fpl$usenofp) for __I$use$fp
    sin_i.o(i.__kernel_sin) refers to fpclassify.o(i.__ARM_fpclassify) for __ARM_fpclassify
    sin_i.o(i.__kernel_sin) refers to dunder.o(i.__mathlib_dbl_underflow) for __mathlib_dbl_underflow
    sin_i.o(i.__kernel_sin) refers to dmul.o(x$fpl$dmul) for __aeabi_dmul
    sin_i.o(i.__kernel_sin) refers to poly.o(i.__kernel_poly) for __kernel_poly
    sin_i.o(i.__kernel_sin) refers to scalbn.o(x$fpl$scalbn) for __ARM_scalbn
    sin_i.o(i.__kernel_sin) refers to daddsub_clz.o(x$fpl$dsub) for __aeabi_dsub
    sin_i.o(i.__kernel_sin) refers to daddsub_clz.o(x$fpl$drsb) for __aeabi_drsub
    sin_i.o(i.__kernel_sin) refers to daddsub_clz.o(x$fpl$dadd) for __aeabi_dadd
    sin_i.o(i.__kernel_sin) refers to sin_i.o(.constdata) for .constdata
    sin_i.o(.constdata) refers (Special) to usenofp.o(x$fpl$usenofp) for __I$use$fp
    sin_i_x.o(i.____kernel_sin$lsc) refers (Special) to usenofp.o(x$fpl$usenofp) for __I$use$fp
    sin_i_x.o(i.____kernel_sin$lsc) refers to dmul.o(x$fpl$dmul) for __aeabi_dmul
    sin_i_x.o(i.____kernel_sin$lsc) refers to poly.o(i.__kernel_poly) for __kernel_poly
    sin_i_x.o(i.____kernel_sin$lsc) refers to scalbn.o(x$fpl$scalbn) for __ARM_scalbn
    sin_i_x.o(i.____kernel_sin$lsc) refers to daddsub_clz.o(x$fpl$dsub) for __aeabi_dsub
    sin_i_x.o(i.____kernel_sin$lsc) refers to daddsub_clz.o(x$fpl$drsb) for __aeabi_drsub
    sin_i_x.o(i.____kernel_sin$lsc) refers to daddsub_clz.o(x$fpl$dadd) for __aeabi_dadd
    sin_i_x.o(i.____kernel_sin$lsc) refers to sin_i_x.o(.constdata) for .constdata
    sin_i_x.o(.constdata) refers (Special) to usenofp.o(x$fpl$usenofp) for __I$use$fp
    rt_errno_addr.o(.text) refers to rt_errno_addr.o(.bss) for __aeabi_errno_addr_data
    rt_errno_addr_intlibspace.o(.text) refers to libspace.o(.bss) for __libspace_start
    argv_veneer.o(.emb_text) refers to _get_argv_nomalloc.o(.text) for __ARM_get_argv
    fcmpi.o(x$fpl$fcmpinf) refers (Special) to usenofp.o(x$fpl$usenofp) for __I$use$fp
    scalbn.o(x$fpl$scalbn) refers (Special) to usenofp.o(x$fpl$usenofp) for __I$use$fp
    scalbn.o(x$fpl$scalbn) refers to dcheck1.o(x$fpl$dcheck1) for __fpl_dcheck_NaN1
    fpclassify.o(i.__ARM_fpclassify) refers (Special) to usenofp.o(x$fpl$usenofp) for __I$use$fp
    poly.o(i.__kernel_poly) refers (Special) to usenofp.o(x$fpl$usenofp) for __I$use$fp
    poly.o(i.__kernel_poly) refers to dmul.o(x$fpl$dmul) for __aeabi_dmul
    poly.o(i.__kernel_poly) refers to daddsub_clz.o(x$fpl$dadd) for __aeabi_dadd
    libspace.o(.text) refers to libspace.o(.bss) for __libspace_start
    _get_argv_nomalloc.o(.text) refers (Special) to hrguard.o(.text) for __heap_region$guard
    _get_argv_nomalloc.o(.text) refers to defsig_rtmem_outer.o(.text) for __rt_SIGRTMEM
    _get_argv_nomalloc.o(.text) refers to sys_command.o(.text) for _sys_command_string
    dcheck1.o(x$fpl$dcheck1) refers (Special) to usenofp.o(x$fpl$usenofp) for __I$use$fp
    dcheck1.o(x$fpl$dcheck1) refers to retnan.o(x$fpl$retnan) for __fpl_return_NaN
    sys_command.o(.text) refers (Special) to use_no_semi.o(.text) for __I$use$semihosting
    sys_command.o(.text) refers (Special) to indicate_semi.o(.text) for __semihosting_library_function
    sys_command_hlt.o(.text) refers (Special) to use_no_semi.o(.text) for __I$use$semihosting
    sys_command_hlt.o(.text) refers (Special) to indicate_semi.o(.text) for __semihosting_library_function
    defsig_rtmem_outer.o(.text) refers to defsig_rtmem_inner.o(.text) for __rt_SIGRTMEM_inner
    defsig_rtmem_outer.o(.text) refers to defsig_exit.o(.text) for __sig_exit
    defsig_rtmem_formal.o(.text) refers to rt_raise.o(.text) for __rt_raise
    retnan.o(x$fpl$retnan) refers (Special) to usenofp.o(x$fpl$usenofp) for __I$use$fp
    retnan.o(x$fpl$retnan) refers to trapv.o(x$fpl$trapveneer) for __fpl_cmpreturn
    rt_raise.o(.text) refers to __raise.o(.text) for __raise
    rt_raise.o(.text) refers to sys_exit.o(.text) for _sys_exit
    defsig_exit.o(.text) refers to sys_exit.o(.text) for _sys_exit
    defsig_rtmem_inner.o(.text) refers to defsig_general.o(.text) for __default_signal_display
    trapv.o(x$fpl$trapveneer) refers (Special) to usenofp.o(x$fpl$usenofp) for __I$use$fp
    sys_exit.o(.text) refers (Special) to use_no_semi.o(.text) for __I$use$semihosting
    sys_exit.o(.text) refers (Special) to indicate_semi.o(.text) for __semihosting_library_function
    sys_exit_hlt.o(.text) refers (Special) to use_no_semi.o(.text) for __I$use$semihosting
    sys_exit_hlt.o(.text) refers (Special) to indicate_semi.o(.text) for __semihosting_library_function
    __raise.o(.text) refers to defsig.o(CL$$defsig) for __default_signal_handler
    defsig_general.o(.text) refers to sys_wrch.o(.text) for _ttywrch
    sys_wrch.o(.text) refers (Special) to use_no_semi.o(.text) for __I$use$semihosting
    sys_wrch.o(.text) refers (Special) to indicate_semi.o(.text) for __semihosting_library_function
    sys_wrch_hlt.o(.text) refers (Special) to use_no_semi.o(.text) for __I$use$semihosting
    sys_wrch_hlt.o(.text) refers (Special) to indicate_semi.o(.text) for __semihosting_library_function
    defsig.o(CL$$defsig) refers to defsig_rtmem_inner.o(.text) for __rt_SIGRTMEM_inner
    defsig_abrt_inner.o(.text) refers to defsig_general.o(.text) for __default_signal_display
    defsig_fpe_inner.o(.text) refers to defsig_general.o(.text) for __default_signal_display
    defsig_rtred_inner.o(.text) refers to defsig_general.o(.text) for __default_signal_display
    defsig_stak_inner.o(.text) refers to defsig_general.o(.text) for __default_signal_display
    defsig_pvfn_inner.o(.text) refers to defsig_general.o(.text) for __default_signal_display
    defsig_cppl_inner.o(.text) refers to defsig_general.o(.text) for __default_signal_display
    defsig_segv_inner.o(.text) refers to defsig_general.o(.text) for __default_signal_display
    defsig_other.o(.text) refers to defsig_general.o(.text) for __default_signal_display


==============================================================================

Removing Unused input sections from the image.

    Removing main.o(.text), (0 bytes).
    Removing main.o(.ARM.exidx.text.my_main), (8 bytes).
    Removing main.o(.ARM.exidx.text.draw), (8 bytes).
    Removing main.o(.ARM.exidx.text.draw_spiral_stars), (8 bytes).
    Removing main.o(.ARM.exidx.text.radians), (8 bytes).
    Removing main.o(.ARM.exidx.text.random_drawStars), (8 bytes).
    Removing main.o(.ARM.exidx.text.galaxy_draw), (8 bytes).
    Removing watchface_api.o(.text), (0 bytes).
    Removing watchface_api.o(.text.systemVariableInit), (76 bytes).
    Removing watchface_api.o(.ARM.exidx.text.systemVariableInit), (8 bytes).

10 unused section(s) (total 132 bytes) removed from the image.

==============================================================================

Image Symbol Table

    Local Symbols

    Symbol Name                              Value     Ov Type        Size  Object(Section)

    ../clib/angel/rt.s                       0x00000000   Number         0  rt_errno_addr.o ABSOLUTE
    ../clib/angel/rt.s                       0x00000000   Number         0  rt_errno_addr_intlibspace.o ABSOLUTE
    ../clib/angel/rt.s                       0x00000000   Number         0  rt_raise.o ABSOLUTE
    ../clib/angel/sys.s                      0x00000000   Number         0  libspace.o ABSOLUTE
    ../clib/angel/sys.s                      0x00000000   Number         0  use_no_semi.o ABSOLUTE
    ../clib/angel/sys.s                      0x00000000   Number         0  indicate_semi.o ABSOLUTE
    ../clib/angel/sysapp.c                   0x00000000   Number         0  sys_command.o ABSOLUTE
    ../clib/angel/sysapp.c                   0x00000000   Number         0  sys_command_hlt.o ABSOLUTE
    ../clib/angel/sysapp.c                   0x00000000   Number         0  sys_exit.o ABSOLUTE
    ../clib/angel/sysapp.c                   0x00000000   Number         0  sys_exit_hlt.o ABSOLUTE
    ../clib/angel/sysapp.c                   0x00000000   Number         0  sys_wrch.o ABSOLUTE
    ../clib/angel/sysapp.c                   0x00000000   Number         0  sys_wrch_hlt.o ABSOLUTE
    ../clib/armsys.c                         0x00000000   Number         0  argv_veneer.o ABSOLUTE
    ../clib/armsys.c                         0x00000000   Number         0  argv_veneer.o ABSOLUTE
    ../clib/armsys.c                         0x00000000   Number         0  _get_argv_nomalloc.o ABSOLUTE
    ../clib/armsys.c                         0x00000000   Number         0  no_argv.o ABSOLUTE
    ../clib/fenv.c                           0x00000000   Number         0  _rserrno.o ABSOLUTE
    ../clib/heapalloc.c                      0x00000000   Number         0  hrguard.o ABSOLUTE
    ../clib/libinit.s                        0x00000000   Number         0  libinit2.o ABSOLUTE
    ../clib/signal.c                         0x00000000   Number         0  defsig_rtmem_outer.o ABSOLUTE
    ../clib/signal.c                         0x00000000   Number         0  defsig_rtmem_formal.o ABSOLUTE
    ../clib/signal.c                         0x00000000   Number         0  defsig_exit.o ABSOLUTE
    ../clib/signal.c                         0x00000000   Number         0  defsig_rtmem_inner.o ABSOLUTE
    ../clib/signal.c                         0x00000000   Number         0  __raise.o ABSOLUTE
    ../clib/signal.c                         0x00000000   Number         0  defsig_general.o ABSOLUTE
    ../clib/signal.c                         0x00000000   Number         0  defsig_abrt_inner.o ABSOLUTE
    ../clib/signal.c                         0x00000000   Number         0  defsig_fpe_inner.o ABSOLUTE
    ../clib/signal.c                         0x00000000   Number         0  defsig_rtred_inner.o ABSOLUTE
    ../clib/signal.c                         0x00000000   Number         0  defsig_stak_inner.o ABSOLUTE
    ../clib/signal.c                         0x00000000   Number         0  defsig_pvfn_inner.o ABSOLUTE
    ../clib/signal.c                         0x00000000   Number         0  defsig_cppl_inner.o ABSOLUTE
    ../clib/signal.c                         0x00000000   Number         0  defsig_segv_inner.o ABSOLUTE
    ../clib/signal.c                         0x00000000   Number         0  defsig_other.o ABSOLUTE
    ../clib/signal.s                         0x00000000   Number         0  defsig.o ABSOLUTE
    ../clib/stdlib.c                         0x00000000   Number         0  rand.o ABSOLUTE
    ../clib/stdlib.c                         0x00000000   Number         0  rand.o ABSOLUTE
    ../fplib/d2f.s                           0x00000000   Number         0  d2f.o ABSOLUTE
    ../fplib/daddsub.s                       0x00000000   Number         0  daddsub_clz.o ABSOLUTE
    ../fplib/dcheck1.s                       0x00000000   Number         0  dcheck1.o ABSOLUTE
    ../fplib/ddiv.s                          0x00000000   Number         0  ddiv.o ABSOLUTE
    ../fplib/dfix.s                          0x00000000   Number         0  dfix.o ABSOLUTE
    ../fplib/dflt.s                          0x00000000   Number         0  dflt_clz.o ABSOLUTE
    ../fplib/dmul.s                          0x00000000   Number         0  dmul.o ABSOLUTE
    ../fplib/dnaninf.s                       0x00000000   Number         0  dnaninf.o ABSOLUTE
    ../fplib/dretinf.s                       0x00000000   Number         0  dretinf.o ABSOLUTE
    ../fplib/f2d.s                           0x00000000   Number         0  f2d.o ABSOLUTE
    ../fplib/fcmp.s                          0x00000000   Number         0  fcmp.o ABSOLUTE
    ../fplib/fcmpi.s                         0x00000000   Number         0  fcmpi.o ABSOLUTE
    ../fplib/feqf.s                          0x00000000   Number         0  feqf.o ABSOLUTE
    ../fplib/ffix.s                          0x00000000   Number         0  ffix.o ABSOLUTE
    ../fplib/fflt.s                          0x00000000   Number         0  fflt_clz.o ABSOLUTE
    ../fplib/fgeqf.s                         0x00000000   Number         0  fgeqf.o ABSOLUTE
    ../fplib/fleqf.s                         0x00000000   Number         0  fleqf.o ABSOLUTE
    ../fplib/fmul.s                          0x00000000   Number         0  fmul.o ABSOLUTE
    ../fplib/fnaninf.s                       0x00000000   Number         0  fnaninf.o ABSOLUTE
    ../fplib/fpinit.s                        0x00000000   Number         0  fpinit.o ABSOLUTE
    ../fplib/fpinit_empty.s                  0x00000000   Number         0  fpinit_empty.o ABSOLUTE
    ../fplib/fretinf.s                       0x00000000   Number         0  fretinf.o ABSOLUTE
    ../fplib/retnan.s                        0x00000000   Number         0  retnan.o ABSOLUTE
    ../fplib/scalbn.s                        0x00000000   Number         0  scalbn.o ABSOLUTE
    ../fplib/trapv.s                         0x00000000   Number         0  trapv.o ABSOLUTE
    ../fplib/usenofp.s                       0x00000000   Number         0  usenofp.o ABSOLUTE
    ../mathlib/cos.c                         0x00000000   Number         0  cos.o ABSOLUTE
    ../mathlib/cos.c                         0x00000000   Number         0  cos_x.o ABSOLUTE
    ../mathlib/cos_i.c                       0x00000000   Number         0  cos_i.o ABSOLUTE
    ../mathlib/dunder.c                      0x00000000   Number         0  dunder.o ABSOLUTE
    ../mathlib/fpclassify.c                  0x00000000   Number         0  fpclassify.o ABSOLUTE
    ../mathlib/poly.c                        0x00000000   Number         0  poly.o ABSOLUTE
    ../mathlib/rred.c                        0x00000000   Number         0  rred.o ABSOLUTE
    ../mathlib/sin.c                         0x00000000   Number         0  sin.o ABSOLUTE
    ../mathlib/sin.c                         0x00000000   Number         0  sin_x.o ABSOLUTE
    ../mathlib/sin_i.c                       0x00000000   Number         0  sin_i.o ABSOLUTE
    ../mathlib/sin_i.c                       0x00000000   Number         0  sin_i_x.o ABSOLUTE
    api_table.s                              0x00000000   Number         0  api_table.o ABSOLUTE
    dc.s                                     0x00000000   Number         0  dc.o ABSOLUTE
    main.c                                   0x00000000   Number         0  main.o ABSOLUTE
    watchface_api.c                          0x00000000   Number         0  watchface_api.o ABSOLUTE
    [Anonymous Symbol]                       0x20007800   Section        0  main.o(.text.my_main)
    __arm_cp.0_0                             0x20007818   Number         4  main.o(.text.my_main)
    .ARM.Collect$$libinit$$0000000E          0x2000781c   Section        0  libinit2.o(.ARM.Collect$$libinit$$0000000E)
    .emb_text                                0x2000781c   Section       52  rand.o(.emb_text)
    .text                                    0x20007850   Section      524  api_table.o(.text)
    .text                                    0x20007a5c   Section        0  rand.o(.text)
    .text                                    0x20007a98   Section        0  _rserrno.o(.text)
    .text                                    0x20007ab0   Section        8  rt_errno_addr.o(.text)
    draw                                     0x20007ab9   Thumb Code   228  main.o(.text.draw)
    [Anonymous Symbol]                       0x20007ab8   Section        0  main.o(.text.draw)
    __arm_cp.1_0                             0x20007b88   Number         4  main.o(.text.draw)
    __arm_cp.1_1                             0x20007b8c   Number         4  main.o(.text.draw)
    __arm_cp.1_2                             0x20007b90   Number         4  main.o(.text.draw)
    __arm_cp.1_4                             0x20007b94   Number         4  main.o(.text.draw)
    __arm_cp.1_5                             0x20007b98   Number         4  main.o(.text.draw)
    [Anonymous Symbol]                       0x20007b9c   Section        0  main.o(.text.draw_spiral_stars)
    __arm_cp.2_0                             0x20007c84   Number         4  main.o(.text.draw_spiral_stars)
    __arm_cp.2_1                             0x20007c88   Number         4  main.o(.text.draw_spiral_stars)
    __arm_cp.2_2                             0x20007c8c   Number         4  main.o(.text.draw_spiral_stars)
    __arm_cp.2_3                             0x20007c90   Number         4  main.o(.text.draw_spiral_stars)
    __arm_cp.2_4                             0x20007c94   Number         4  main.o(.text.draw_spiral_stars)
    __arm_cp.2_5                             0x20007c98   Number         4  main.o(.text.draw_spiral_stars)
    [Anonymous Symbol]                       0x20007ca4   Section        0  main.o(.text.galaxy_draw)
    __arm_cp.5_0                             0x20007cdc   Number         4  main.o(.text.galaxy_draw)
    radians                                  0x20007ce1   Thumb Code    28  main.o(.text.radians)
    [Anonymous Symbol]                       0x20007ce0   Section        0  main.o(.text.radians)
    __arm_cp.3_0                             0x20007cf4   Number         4  main.o(.text.radians)
    __arm_cp.3_1                             0x20007cf8   Number         4  main.o(.text.radians)
    [Anonymous Symbol]                       0x20007cfc   Section        0  main.o(.text.random_drawStars)
    __arm_cp.4_0                             0x20007d78   Number         4  main.o(.text.random_drawStars)
    __arm_cp.4_1                             0x20007d7c   Number         4  main.o(.text.random_drawStars)
    i.__ARM_fpclassify                       0x20007d80   Section        0  fpclassify.o(i.__ARM_fpclassify)
    i.__ieee754_rem_pio2                     0x20007da8   Section        0  rred.o(i.__ieee754_rem_pio2)
    i.__kernel_cos                           0x20008138   Section        0  cos_i.o(i.__kernel_cos)
    i.__kernel_poly                          0x20008234   Section        0  poly.o(i.__kernel_poly)
    i.__kernel_sin                           0x200082e0   Section        0  sin_i.o(i.__kernel_sin)
    i.__mathlib_dbl_infnan                   0x200083cc   Section        0  dunder.o(i.__mathlib_dbl_infnan)
    i.__mathlib_dbl_invalid                  0x200083d2   Section        0  dunder.o(i.__mathlib_dbl_invalid)
    i.__mathlib_dbl_underflow                0x200083e0   Section        0  dunder.o(i.__mathlib_dbl_underflow)
    i.cos                                    0x200083f0   Section        0  cos.o(i.cos)
    i.sin                                    0x2000848c   Section        0  sin.o(i.sin)
    x$fpl$d2f                                0x2000852c   Section       98  d2f.o(x$fpl$d2f)
    x$fpl$dadd                               0x20008590   Section      336  daddsub_clz.o(x$fpl$dadd)
    _dadd1                                   0x200085a1   Thumb Code     0  daddsub_clz.o(x$fpl$dadd)
    x$fpl$dcheck1                            0x200086e0   Section       16  dcheck1.o(x$fpl$dcheck1)
    x$fpl$ddiv                               0x200086f0   Section      688  ddiv.o(x$fpl$ddiv)
    ddiv_entry                               0x200086f7   Thumb Code     0  ddiv.o(x$fpl$ddiv)
    x$fpl$dfix                               0x200089a0   Section       94  dfix.o(x$fpl$dfix)
    x$fpl$dflt                               0x200089fe   Section       46  dflt_clz.o(x$fpl$dflt)
    x$fpl$dfltu                              0x20008a2c   Section       38  dflt_clz.o(x$fpl$dfltu)
    x$fpl$dmul                               0x20008a54   Section      340  dmul.o(x$fpl$dmul)
    x$fpl$dnaninf                            0x20008ba8   Section      156  dnaninf.o(x$fpl$dnaninf)
    x$fpl$dretinf                            0x20008c44   Section       12  dretinf.o(x$fpl$dretinf)
    x$fpl$drsb                               0x20008c50   Section       22  daddsub_clz.o(x$fpl$drsb)
    x$fpl$dsub                               0x20008c68   Section      468  daddsub_clz.o(x$fpl$dsub)
    _dsub1                                   0x20008c79   Thumb Code     0  daddsub_clz.o(x$fpl$dsub)
    x$fpl$f2d                                0x20008e3c   Section       86  f2d.o(x$fpl$f2d)
    x$fpl$fcmp                               0x20008e92   Section       84  fcmp.o(x$fpl$fcmp)
    x$fpl$fcmpinf                            0x20008ee6   Section       24  fcmpi.o(x$fpl$fcmpinf)
    x$fpl$feqf                               0x20008f00   Section      104  feqf.o(x$fpl$feqf)
    x$fpl$ffix                               0x20008f68   Section       54  ffix.o(x$fpl$ffix)
    x$fpl$fflt                               0x20008fa0   Section       48  fflt_clz.o(x$fpl$fflt)
    x$fpl$fgeqf                              0x20008fd0   Section      104  fgeqf.o(x$fpl$fgeqf)
    x$fpl$fleqf                              0x20009038   Section      104  fleqf.o(x$fpl$fleqf)
    x$fpl$fmul                               0x200090a0   Section      258  fmul.o(x$fpl$fmul)
    x$fpl$fnaninf                            0x200091a2   Section      140  fnaninf.o(x$fpl$fnaninf)
    x$fpl$fretinf                            0x2000922e   Section       10  fretinf.o(x$fpl$fretinf)
    x$fpl$retnan                             0x20009238   Section      100  retnan.o(x$fpl$retnan)
    x$fpl$scalbn                             0x2000929c   Section       92  scalbn.o(x$fpl$scalbn)
    x$fpl$trapveneer                         0x200092f8   Section       48  trapv.o(x$fpl$trapveneer)
    C                                        0x20009328   Data          48  cos_i.o(.constdata)
    .constdata                               0x20009328   Section       48  cos_i.o(.constdata)
    x$fpl$usenofp                            0x20009328   Section        0  usenofp.o(x$fpl$usenofp)
    pio2s                                    0x20009358   Data          48  rred.o(.constdata)
    .constdata                               0x20009358   Section      204  rred.o(.constdata)
    twooverpi                                0x20009388   Data         156  rred.o(.constdata)
    S                                        0x20009428   Data          40  sin_i.o(.constdata)
    .constdata                               0x20009428   Section       40  sin_i.o(.constdata)
    .bss                                     0x20009450   Section      228  rand.o(.bss)
    __aeabi_errno_addr_data                  0x20009534   Data           4  rt_errno_addr.o(.bss)
    .bss                                     0x20009534   Section        4  rt_errno_addr.o(.bss)
    y_gyro                                   0x20009538   Data           4  main.o(.bss..L_MergedGlobals)
    [Anonymous Symbol]                       0x20009538   Section        0  main.o(.bss..L_MergedGlobals)
    x_gyro                                   0x2000953c   Data           4  main.o(.bss..L_MergedGlobals)
    [Anonymous Symbol]                       0x20009540   Section        0  watchface_api.o(.bss..L_MergedGlobals)
    galaxy_draw.rotation_angle               0x2000956c   Data           2  main.o(.bss.galaxy_draw.rotation_angle)
    [Anonymous Symbol]                       0x2000956c   Section        0  main.o(.bss.galaxy_draw.rotation_angle)
    random_drawStars.time_counter            0x20009570   Data           4  main.o(.bss.random_drawStars.time_counter)
    [Anonymous Symbol]                       0x20009570   Section        0  main.o(.bss.random_drawStars.time_counter)
    starts                                   0x20009574   Data         150  main.o(.bss.starts)
    [Anonymous Symbol]                       0x20009574   Section        0  main.o(.bss.starts)

    Global Symbols

    Symbol Name                              Value     Ov Type        Size  Object(Section)

    BuildAttributes$$THM_ISAv4$E$P$D$K$B$S$7EM$PE$A:L22UL41UL21$X:L11$S22US41US21$IEEE1$IW$~IW$USESV6$~STKCKD$USESV7$~SHL$OTIME$ROPI$IEEEX$EBA8$STANDARDLIB$REQ8$PRES8$EABIv2 0x00000000   Number         0  anon$$obj.o ABSOLUTE
    __fp_init_empty                          0x00000000   Number         0  fpinit_empty.o ABSOLUTE
    __ARM_exceptions_init                     - Undefined Weak Reference
    __alloca_initialize                       - Undefined Weak Reference
    __arm_preinit_                            - Undefined Weak Reference
    __cpp_initialize__aeabi_                  - Undefined Weak Reference
    __rt_locale                               - Undefined Weak Reference
    __sigvec_lookup                           - Undefined Weak Reference
    _atexit_init                              - Undefined Weak Reference
    _clock_init                               - Undefined Weak Reference
    _fp_trap_init                             - Undefined Weak Reference
    _get_lc_collate                           - Undefined Weak Reference
    _get_lc_ctype                             - Undefined Weak Reference
    _get_lc_monetary                          - Undefined Weak Reference
    _get_lc_numeric                           - Undefined Weak Reference
    _get_lc_time                              - Undefined Weak Reference
    _getenv_init                              - Undefined Weak Reference
    _handle_redirection                       - Undefined Weak Reference
    _init_alloc                               - Undefined Weak Reference
    _init_user_alloc                          - Undefined Weak Reference
    _initio                                   - Undefined Weak Reference
    _signal_init                              - Undefined Weak Reference
    my_main                                  0x20007801   Thumb Code    28  main.o(.text.my_main)
    __rt_lib_init_rand_2                     0x2000781d   Thumb Code     0  libinit2.o(.ARM.Collect$$libinit$$0000000E)
    rand                                     0x2000781d   Thumb Code    48  rand.o(.emb_text)
    alarm_getNext                            0x20007851   Thumb Code    14  api_table.o(.text)
    alarm_getNextDay                         0x2000785f   Thumb Code    14  api_table.o(.text)
    appConfig_sysVar                         0x2000786d   Thumb Code    14  api_table.o(.text)
    colon_sysVar                             0x2000787b   Thumb Code    14  api_table.o(.text)
    display_setDrawFunc                      0x20007889   Thumb Code    14  api_table.o(.text)
    div10                                    0x20007897   Thumb Code    14  api_table.o(.text)
    dowImg_sysVar                            0x200078a5   Thumb Code    14  api_table.o(.text)
    drawBattery                              0x200078b3   Thumb Code    14  api_table.o(.text)
    drawDate                                 0x200078c1   Thumb Code    14  api_table.o(.text)
    drawTemperature                          0x200078cf   Thumb Code    14  api_table.o(.text)
    draw_bitmap                              0x200078dd   Thumb Code    14  api_table.o(.text)
    draw_string                              0x200078eb   Thumb Code    14  api_table.o(.text)
    millis_get                               0x200078f9   Thumb Code    14  api_table.o(.text)
    mod10                                    0x20007907   Thumb Code    14  api_table.o(.text)
    openLSM6DSM                              0x20007915   Thumb Code    14  api_table.o(.text)
    open_watchface_general                   0x20007923   Thumb Code    14  api_table.o(.text)
    stopwatch_sysVar                         0x20007931   Thumb Code    14  api_table.o(.text)
    stopwatch_active                         0x2000793f   Thumb Code    14  api_table.o(.text)
    timeDate_sysVar                          0x2000794d   Thumb Code    14  api_table.o(.text)
    time_timeMode                            0x2000795b   Thumb Code    14  api_table.o(.text)
    watchFace_switchUpdate                   0x20007969   Thumb Code    14  api_table.o(.text)
    console_log                              0x20007977   Thumb Code    14  api_table.o(.text)
    drawVectorChar                           0x20007985   Thumb Code    14  api_table.o(.text)
    setVectorDrawClipWin                     0x20007993   Thumb Code    14  api_table.o(.text)
    getBtLinkState                           0x200079a1   Thumb Code    14  api_table.o(.text)
    getCharingState                          0x200079af   Thumb Code    14  api_table.o(.text)
    blueToothIcon_sysVar                     0x200079bd   Thumb Code    14  api_table.o(.text)
    chargeIcon_sysVar                        0x200079cb   Thumb Code    14  api_table.o(.text)
    myOLED_DrawLine                          0x200079d9   Thumb Code    14  api_table.o(.text)
    smallFont_sysVar                         0x200079e7   Thumb Code    14  api_table.o(.text)
    ticker                                   0x200079f5   Thumb Code    14  api_table.o(.text)
    draw_point                               0x20007a03   Thumb Code    14  api_table.o(.text)
    drawCude3D                               0x20007a11   Thumb Code    14  api_table.o(.text)
    oledBuffer_sysVar                        0x20007a1f   Thumb Code    14  api_table.o(.text)
    LSM6DSM_sysVar                           0x20007a2d   Thumb Code    14  api_table.o(.text)
    LIS3MDL_sysVar                           0x20007a3b   Thumb Code    14  api_table.o(.text)
    openLIS3MDL                              0x20007a49   Thumb Code    14  api_table.o(.text)
    srand                                    0x20007a5d   Thumb Code    42  rand.o(.text)
    _rand_init                               0x20007a87   Thumb Code     4  rand.o(.text)
    __read_errno                             0x20007a99   Thumb Code    10  _rserrno.o(.text)
    __set_errno                              0x20007aa3   Thumb Code    12  _rserrno.o(.text)
    __aeabi_errno_addr                       0x20007ab1   Thumb Code     8  rt_errno_addr.o(.text)
    __errno                                  0x20007ab1   Thumb Code     0  rt_errno_addr.o(.text)
    __rt_errno_addr                          0x20007ab1   Thumb Code     0  rt_errno_addr.o(.text)
    draw_spiral_stars                        0x20007b9d   Thumb Code   256  main.o(.text.draw_spiral_stars)
    galaxy_draw                              0x20007ca5   Thumb Code    60  main.o(.text.galaxy_draw)
    random_drawStars                         0x20007cfd   Thumb Code   132  main.o(.text.random_drawStars)
    __ARM_fpclassify                         0x20007d81   Thumb Code    40  fpclassify.o(i.__ARM_fpclassify)
    __ieee754_rem_pio2                       0x20007da9   Thumb Code   828  rred.o(i.__ieee754_rem_pio2)
    __kernel_cos                             0x20008139   Thumb Code   230  cos_i.o(i.__kernel_cos)
    __kernel_poly                            0x20008235   Thumb Code   170  poly.o(i.__kernel_poly)
    __kernel_sin                             0x200082e1   Thumb Code   224  sin_i.o(i.__kernel_sin)
    __mathlib_dbl_infnan                     0x200083cd   Thumb Code     6  dunder.o(i.__mathlib_dbl_infnan)
    __mathlib_dbl_invalid                    0x200083d3   Thumb Code    12  dunder.o(i.__mathlib_dbl_invalid)
    __mathlib_dbl_underflow                  0x200083e1   Thumb Code    10  dunder.o(i.__mathlib_dbl_underflow)
    cos                                      0x200083f1   Thumb Code   148  cos.o(i.cos)
    sin                                      0x2000848d   Thumb Code   150  sin.o(i.sin)
    __aeabi_d2f                              0x2000852d   Thumb Code     0  d2f.o(x$fpl$d2f)
    _d2f                                     0x2000852d   Thumb Code    98  d2f.o(x$fpl$d2f)
    __aeabi_dadd                             0x20008591   Thumb Code     0  daddsub_clz.o(x$fpl$dadd)
    _dadd                                    0x20008591   Thumb Code   332  daddsub_clz.o(x$fpl$dadd)
    __fpl_dcheck_NaN1                        0x200086e1   Thumb Code    10  dcheck1.o(x$fpl$dcheck1)
    __aeabi_ddiv                             0x200086f1   Thumb Code     0  ddiv.o(x$fpl$ddiv)
    _ddiv                                    0x200086f1   Thumb Code   552  ddiv.o(x$fpl$ddiv)
    __aeabi_d2iz                             0x200089a1   Thumb Code     0  dfix.o(x$fpl$dfix)
    _dfix                                    0x200089a1   Thumb Code    94  dfix.o(x$fpl$dfix)
    __aeabi_i2d                              0x200089ff   Thumb Code     0  dflt_clz.o(x$fpl$dflt)
    _dflt                                    0x200089ff   Thumb Code    46  dflt_clz.o(x$fpl$dflt)
    __aeabi_ui2d                             0x20008a2d   Thumb Code     0  dflt_clz.o(x$fpl$dfltu)
    _dfltu                                   0x20008a2d   Thumb Code    38  dflt_clz.o(x$fpl$dfltu)
    __aeabi_dmul                             0x20008a55   Thumb Code     0  dmul.o(x$fpl$dmul)
    _dmul                                    0x20008a55   Thumb Code   332  dmul.o(x$fpl$dmul)
    __fpl_dnaninf                            0x20008ba9   Thumb Code   156  dnaninf.o(x$fpl$dnaninf)
    __fpl_dretinf                            0x20008c45   Thumb Code    12  dretinf.o(x$fpl$dretinf)
    __aeabi_drsub                            0x20008c51   Thumb Code     0  daddsub_clz.o(x$fpl$drsb)
    _drsb                                    0x20008c51   Thumb Code    22  daddsub_clz.o(x$fpl$drsb)
    __aeabi_dsub                             0x20008c69   Thumb Code     0  daddsub_clz.o(x$fpl$dsub)
    _dsub                                    0x20008c69   Thumb Code   464  daddsub_clz.o(x$fpl$dsub)
    __aeabi_f2d                              0x20008e3d   Thumb Code     0  f2d.o(x$fpl$f2d)
    _f2d                                     0x20008e3d   Thumb Code    86  f2d.o(x$fpl$f2d)
    __aeabi_fcmpeq                           0x20008e93   Thumb Code     0  fcmp.o(x$fpl$fcmp)
    _feq                                     0x20008e93   Thumb Code    14  fcmp.o(x$fpl$fcmp)
    _fneq                                    0x20008ea1   Thumb Code    14  fcmp.o(x$fpl$fcmp)
    __aeabi_fcmpgt                           0x20008eaf   Thumb Code     0  fcmp.o(x$fpl$fcmp)
    _fgr                                     0x20008eaf   Thumb Code    14  fcmp.o(x$fpl$fcmp)
    __aeabi_fcmpge                           0x20008ebd   Thumb Code     0  fcmp.o(x$fpl$fcmp)
    _fgeq                                    0x20008ebd   Thumb Code    14  fcmp.o(x$fpl$fcmp)
    __aeabi_fcmple                           0x20008ecb   Thumb Code     0  fcmp.o(x$fpl$fcmp)
    _fleq                                    0x20008ecb   Thumb Code    14  fcmp.o(x$fpl$fcmp)
    __aeabi_fcmplt                           0x20008ed9   Thumb Code     0  fcmp.o(x$fpl$fcmp)
    _fls                                     0x20008ed9   Thumb Code    14  fcmp.o(x$fpl$fcmp)
    __fpl_fcmp_Inf                           0x20008ee7   Thumb Code    24  fcmpi.o(x$fpl$fcmpinf)
    __aeabi_cfcmpeq                          0x20008f01   Thumb Code     0  feqf.o(x$fpl$feqf)
    _fcmpeq                                  0x20008f01   Thumb Code   104  feqf.o(x$fpl$feqf)
    __aeabi_f2iz                             0x20008f69   Thumb Code     0  ffix.o(x$fpl$ffix)
    _ffix                                    0x20008f69   Thumb Code    54  ffix.o(x$fpl$ffix)
    __aeabi_i2f                              0x20008fa1   Thumb Code     0  fflt_clz.o(x$fpl$fflt)
    _fflt                                    0x20008fa1   Thumb Code    48  fflt_clz.o(x$fpl$fflt)
    _fcmpge                                  0x20008fd1   Thumb Code   104  fgeqf.o(x$fpl$fgeqf)
    __aeabi_cfcmple                          0x20009039   Thumb Code     0  fleqf.o(x$fpl$fleqf)
    _fcmple                                  0x20009039   Thumb Code   104  fleqf.o(x$fpl$fleqf)
    __fpl_fcmple_InfNaN                      0x2000908b   Thumb Code     0  fleqf.o(x$fpl$fleqf)
    __aeabi_fmul                             0x200090a1   Thumb Code     0  fmul.o(x$fpl$fmul)
    _fmul                                    0x200090a1   Thumb Code   258  fmul.o(x$fpl$fmul)
    __fpl_fnaninf                            0x200091a3   Thumb Code   140  fnaninf.o(x$fpl$fnaninf)
    __fpl_fretinf                            0x2000922f   Thumb Code    10  fretinf.o(x$fpl$fretinf)
    __fpl_return_NaN                         0x20009239   Thumb Code   100  retnan.o(x$fpl$retnan)
    __ARM_scalbn                             0x2000929d   Thumb Code    92  scalbn.o(x$fpl$scalbn)
    __fpl_cmpreturn                          0x200092f9   Thumb Code    48  trapv.o(x$fpl$trapveneer)
    __I$use$fp                               0x20009328   Number         0  usenofp.o(x$fpl$usenofp)
    _random_number_data                      0x20009450   Data         228  rand.o(.bss)
    blueToothIcon                            0x20009540   Data           4  watchface_api.o(.bss..L_MergedGlobals)
    chargeIcon                               0x20009544   Data           4  watchface_api.o(.bss..L_MergedGlobals)
    stopwatch                                0x20009548   Data           4  watchface_api.o(.bss..L_MergedGlobals)
    dowImg                                   0x2000954c   Data           4  watchface_api.o(.bss..L_MergedGlobals)
    colon                                    0x20009550   Data           4  watchface_api.o(.bss..L_MergedGlobals)
    timeDate                                 0x20009554   Data           4  watchface_api.o(.bss..L_MergedGlobals)
    appConfig                                0x20009558   Data           4  watchface_api.o(.bss..L_MergedGlobals)
    smallFont                                0x2000955c   Data           4  watchface_api.o(.bss..L_MergedGlobals)
    oledBuffer                               0x20009560   Data           4  watchface_api.o(.bss..L_MergedGlobals)
    LSM6DSM                                  0x20009564   Data           4  watchface_api.o(.bss..L_MergedGlobals)
    LIS3MDL                                  0x20009568   Data           4  watchface_api.o(.bss..L_MergedGlobals)



==============================================================================

Memory Map of the image

  Image Entry point : 0x20007801

  Load Region LR_IROM1 (Base: 0x20007800, Size: 0x00001c50, Max: 0x00010800, ABSOLUTE)

    Execution Region RW_IRAM2 (Exec base: 0x10000000, Load base: 0x20009450, Size: 0x00000000, Max: 0x00004000, ABSOLUTE)

    **** No section assigned to this execution region ****


    Execution Region ER_IROM1 (Exec base: 0x20007800, Load base: 0x20007800, Size: 0x00001e0c, Max: 0x00010800, ABSOLUTE)

    Exec Addr    Load Addr    Size         Type   Attr      Idx    E Section Name        Object

    0x20007800   0x20007800   0x0000001c   Code   RO            2  * .text.my_main       main.o
    0x2000781c   0x2000781c   0x00000000   Code   RO           67    .ARM.Collect$$libinit$$0000000E  c_w.l(libinit2.o)
    0x2000781c   0x2000781c   0x00000034   Code   RO           25    .emb_text           c_w.l(rand.o)
    0x20007850   0x20007850   0x0000020c   Code   RO           18    .text               api_table.o
    0x20007a5c   0x20007a5c   0x0000003c   Code   RO           26    .text               c_w.l(rand.o)
    0x20007a98   0x20007a98   0x00000016   Code   RO           56    .text               c_w.l(_rserrno.o)
    0x20007aae   0x20007aae   0x00000002   PAD
    0x20007ab0   0x20007ab0   0x00000008   Code   RO          126    .text               c_w.l(rt_errno_addr.o)
    0x20007ab8   0x20007ab8   0x000000e4   Code   RO            4    .text.draw          main.o
    0x20007b9c   0x20007b9c   0x00000106   Code   RO            6    .text.draw_spiral_stars  main.o
    0x20007ca2   0x20007ca2   0x00000002   PAD
    0x20007ca4   0x20007ca4   0x0000003c   Code   RO           12    .text.galaxy_draw   main.o
    0x20007ce0   0x20007ce0   0x0000001c   Code   RO            8    .text.radians       main.o
    0x20007cfc   0x20007cfc   0x00000084   Code   RO           10    .text.random_drawStars  main.o
    0x20007d80   0x20007d80   0x00000028   Code   RO          133    i.__ARM_fpclassify  m_ws.l(fpclassify.o)
    0x20007da8   0x20007da8   0x0000038e   Code   RO          119    i.__ieee754_rem_pio2  m_ws.l(rred.o)
    0x20008136   0x20008136   0x00000002   PAD
    0x20008138   0x20008138   0x000000fc   Code   RO          110    i.__kernel_cos      m_ws.l(cos_i.o)
    0x20008234   0x20008234   0x000000aa   Code   RO          134    i.__kernel_poly     m_ws.l(poly.o)
    0x200082de   0x200082de   0x00000002   PAD
    0x200082e0   0x200082e0   0x000000ec   Code   RO          122    i.__kernel_sin      m_ws.l(sin_i.o)
    0x200083cc   0x200083cc   0x00000006   Code   RO          113    i.__mathlib_dbl_infnan  m_ws.l(dunder.o)
    0x200083d2   0x200083d2   0x0000000c   Code   RO          115    i.__mathlib_dbl_invalid  m_ws.l(dunder.o)
    0x200083de   0x200083de   0x00000002   PAD
    0x200083e0   0x200083e0   0x00000010   Code   RO          118    i.__mathlib_dbl_underflow  m_ws.l(dunder.o)
    0x200083f0   0x200083f0   0x0000009c   Code   RO           49    i.cos               m_ws.l(cos.o)
    0x2000848c   0x2000848c   0x000000a0   Code   RO           53    i.sin               m_ws.l(sin.o)
    0x2000852c   0x2000852c   0x00000062   Code   RO           28    x$fpl$d2f           fz_ws.l(d2f.o)
    0x2000858e   0x2000858e   0x00000002   PAD
    0x20008590   0x20008590   0x00000150   Code   RO           29    x$fpl$dadd          fz_ws.l(daddsub_clz.o)
    0x200086e0   0x200086e0   0x00000010   Code   RO          139    x$fpl$dcheck1       fz_ws.l(dcheck1.o)
    0x200086f0   0x200086f0   0x000002b0   Code   RO           33    x$fpl$ddiv          fz_ws.l(ddiv.o)
    0x200089a0   0x200089a0   0x0000005e   Code   RO           34    x$fpl$dfix          fz_ws.l(dfix.o)
    0x200089fe   0x200089fe   0x0000002e   Code   RO           37    x$fpl$dflt          fz_ws.l(dflt_clz.o)
    0x20008a2c   0x20008a2c   0x00000026   Code   RO           36    x$fpl$dfltu         fz_ws.l(dflt_clz.o)
    0x20008a52   0x20008a52   0x00000002   PAD
    0x20008a54   0x20008a54   0x00000154   Code   RO           39    x$fpl$dmul          fz_ws.l(dmul.o)
    0x20008ba8   0x20008ba8   0x0000009c   Code   RO          102    x$fpl$dnaninf       fz_ws.l(dnaninf.o)
    0x20008c44   0x20008c44   0x0000000c   Code   RO          103    x$fpl$dretinf       fz_ws.l(dretinf.o)
    0x20008c50   0x20008c50   0x00000016   Code   RO           30    x$fpl$drsb          fz_ws.l(daddsub_clz.o)
    0x20008c66   0x20008c66   0x00000002   PAD
    0x20008c68   0x20008c68   0x000001d4   Code   RO           31    x$fpl$dsub          fz_ws.l(daddsub_clz.o)
    0x20008e3c   0x20008e3c   0x00000056   Code   RO           40    x$fpl$f2d           fz_ws.l(f2d.o)
    0x20008e92   0x20008e92   0x00000054   Code   RO           41    x$fpl$fcmp          fz_ws.l(fcmp.o)
    0x20008ee6   0x20008ee6   0x00000018   Code   RO          130    x$fpl$fcmpinf       fz_ws.l(fcmpi.o)
    0x20008efe   0x20008efe   0x00000002   PAD
    0x20008f00   0x20008f00   0x00000068   Code   RO          104    x$fpl$feqf          fz_ws.l(feqf.o)
    0x20008f68   0x20008f68   0x00000036   Code   RO           42    x$fpl$ffix          fz_ws.l(ffix.o)
    0x20008f9e   0x20008f9e   0x00000002   PAD
    0x20008fa0   0x20008fa0   0x00000030   Code   RO           45    x$fpl$fflt          fz_ws.l(fflt_clz.o)
    0x20008fd0   0x20008fd0   0x00000068   Code   RO          105    x$fpl$fgeqf         fz_ws.l(fgeqf.o)
    0x20009038   0x20009038   0x00000068   Code   RO          106    x$fpl$fleqf         fz_ws.l(fleqf.o)
    0x200090a0   0x200090a0   0x00000102   Code   RO           47    x$fpl$fmul          fz_ws.l(fmul.o)
    0x200091a2   0x200091a2   0x0000008c   Code   RO          107    x$fpl$fnaninf       fz_ws.l(fnaninf.o)
    0x2000922e   0x2000922e   0x0000000a   Code   RO          108    x$fpl$fretinf       fz_ws.l(fretinf.o)
    0x20009238   0x20009238   0x00000064   Code   RO          145    x$fpl$retnan        fz_ws.l(retnan.o)
    0x2000929c   0x2000929c   0x0000005c   Code   RO          132    x$fpl$scalbn        fz_ws.l(scalbn.o)
    0x200092f8   0x200092f8   0x00000030   Code   RO          151    x$fpl$trapveneer    fz_ws.l(trapv.o)
    0x20009328   0x20009328   0x00000000   Code   RO          109    x$fpl$usenofp       fz_ws.l(usenofp.o)
    0x20009328   0x20009328   0x00000030   Data   RO          111    .constdata          m_ws.l(cos_i.o)
    0x20009358   0x20009358   0x000000cc   Data   RO          121    .constdata          m_ws.l(rred.o)
    0x20009424   0x20009424   0x00000004   PAD
    0x20009428   0x20009428   0x00000028   Data   RO          123    .constdata          m_ws.l(sin_i.o)
    0x20009450        -       0x000000e4   Zero   RW           27    .bss                c_w.l(rand.o)
    0x20009534        -       0x00000004   Zero   RW          127    .bss                c_w.l(rt_errno_addr.o)
    0x20009538        -       0x00000008   Zero   RW           17    .bss..L_MergedGlobals  main.o
    0x20009540        -       0x0000002c   Zero   RW           22    .bss..L_MergedGlobals  watchface_api.o
    0x2000956c        -       0x00000002   Zero   RW           16    .bss.galaxy_draw.rotation_angle  main.o
    0x2000956e   0x20009450   0x00000002   PAD
    0x20009570        -       0x00000004   Zero   RW           14    .bss.random_drawStars.time_counter  main.o
    0x20009574        -       0x00000096   Zero   RW           15    .bss.starts         main.o


==============================================================================

Image component sizes


      Code (inc. data)   RO Data    RW Data    ZI Data      Debug   Object Name

       524          6          0          0          0          0   api_table.o
       738         68          0          0        164          0   main.o
         0          0          0          0         44          0   watchface_api.o

    ----------------------------------------------------------------------
      1264         74          0          0        212          0   Object Totals
         0          0          0          0          0          0   (incl. Generated)
         2          0          0          0          4          0   (incl. Padding)

    ----------------------------------------------------------------------

      Code (inc. data)   RO Data    RW Data    ZI Data      Debug   Library Member Name

        22          0          0          0          0          0   _rserrno.o
         0          0          0          0          0          0   libinit2.o
       112         18          0          0        228          0   rand.o
         8          4          0          0          4          0   rt_errno_addr.o
        98          4          0          0          0          0   d2f.o
       826         16          0          0          0          0   daddsub_clz.o
        16          4          0          0          0          0   dcheck1.o
       688        140          0          0          0          0   ddiv.o
        94          4          0          0          0          0   dfix.o
        84          0          0          0          0          0   dflt_clz.o
       340         12          0          0          0          0   dmul.o
       156          4          0          0          0          0   dnaninf.o
        12          0          0          0          0          0   dretinf.o
        86          4          0          0          0          0   f2d.o
        84          0          0          0          0          0   fcmp.o
        24          0          0          0          0          0   fcmpi.o
       104          4          0          0          0          0   feqf.o
        54          4          0          0          0          0   ffix.o
        48          0          0          0          0          0   fflt_clz.o
       104          4          0          0          0          0   fgeqf.o
       104          4          0          0          0          0   fleqf.o
       258          4          0          0          0          0   fmul.o
       140          4          0          0          0          0   fnaninf.o
        10          0          0          0          0          0   fretinf.o
       100          0          0          0          0          0   retnan.o
        92          0          0          0          0          0   scalbn.o
        48          0          0          0          0          0   trapv.o
         0          0          0          0          0          0   usenofp.o
       156          8          0          0          0          0   cos.o
       252         22         48          0          0          0   cos_i.o
        34          6          0          0          0          0   dunder.o
        40          0          0          0          0          0   fpclassify.o
       170          0          0          0          0          0   poly.o
       910         76        204          0          0          0   rred.o
       160         10          0          0          0          0   sin.o
       236         12         40          0          0          0   sin_i.o

    ----------------------------------------------------------------------
      5688        368        296          0        232          0   Library Totals
        18          0          4          0          0          0   (incl. Padding)

    ----------------------------------------------------------------------

      Code (inc. data)   RO Data    RW Data    ZI Data      Debug   Library Name

       142         22          0          0        232          0   c_w.l
      3570        212          0          0          0          0   fz_ws.l
      1958        134        292          0          0          0   m_ws.l

    ----------------------------------------------------------------------
      5688        368        296          0        232          0   Library Totals

    ----------------------------------------------------------------------

==============================================================================


      Code (inc. data)   RO Data    RW Data    ZI Data      Debug   

      6952        442        296          0        444          0   Grand Totals
      6952        442        296          0        444          0   ELF Image Totals
      6952        442        296          0          0          0   ROM Totals

==============================================================================

    Total RO  Size (Code + RO Data)                 7248 (   7.08kB)
    Total RW  Size (RW Data + ZI Data)               444 (   0.43kB)
    Total ROM Size (Code + RO Data + RW Data)       7248 (   7.08kB)

==============================================================================

