Component: ARM Compiler 6.13.1 Tool: armlink [5d895400]

==============================================================================

Section Cross References

    main.o(.text.randomSeed) refers to main.o(.data.seed) for seed
    main.o(.ARM.exidx.text.randomSeed) refers to main.o(.text.randomSeed) for [Anonymous Symbol]
    main.o(.text.random) refers to main.o(.data.seed) for seed
    main.o(.ARM.exidx.text.random) refers to main.o(.text.random) for [Anonymous Symbol]
    main.o(.text.random_range) refers to main.o(.data.seed) for seed
    main.o(.ARM.exidx.text.random_range) refers to main.o(.text.random_range) for [Anonymous Symbol]
    main.o(.text.my_main) refers to watchface_api.o(.text.systemVariableInit) for systemVariableInit
    main.o(.text.my_main) refers to api_table.o(.text) for display_setDrawFunc
    main.o(.text.my_main) refers to main.o(.text.codeRain_setup) for codeRain_setup
    main.o(.text.my_main) refers to main.o(.text.draw) for draw
    main.o(.ARM.exidx.text.my_main) refers to main.o(.text.my_main) for [Anonymous Symbol]
    main.o(.text.draw) refers to api_table.o(.text) for watchFace_switchUpdate
    main.o(.text.draw) refers to main.o(.text.codeRain_draw) for codeRain_draw
    main.o(.ARM.exidx.text.draw) refers to main.o(.text.draw) for [Anonymous Symbol]
    main.o(.text.codeRain_setup) refers to api_table.o(.text) for millis_get
    main.o(.text.codeRain_setup) refers to main.o(.data.seed) for seed
    main.o(.text.codeRain_setup) refers to main.o(.bss.m) for m
    main.o(.text.codeRain_setup) refers to main.o(.bss.ySpeeds) for ySpeeds
    main.o(.ARM.exidx.text.codeRain_setup) refers to main.o(.text.codeRain_setup) for [Anonymous Symbol]
    main.o(.text.codeRain_draw) refers to api_table.o(.text) for millis_get
    main.o(.text.codeRain_draw) refers to main.o(.bss.m) for m
    main.o(.text.codeRain_draw) refers to main.o(.data.seed) for seed
    main.o(.text.codeRain_draw) refers to main.o(.bss.ySpeeds) for ySpeeds
    main.o(.text.codeRain_draw) refers to watchface_api.o(.bss..L_MergedGlobals) for smallFont
    main.o(.ARM.exidx.text.codeRain_draw) refers to main.o(.text.codeRain_draw) for [Anonymous Symbol]
    watchface_api.o(.text.systemVariableInit) refers to api_table.o(.text) for blueToothIcon_sysVar
    watchface_api.o(.text.systemVariableInit) refers to watchface_api.o(.bss..L_MergedGlobals) for .L_MergedGlobals
    watchface_api.o(.ARM.exidx.text.systemVariableInit) refers to watchface_api.o(.text.systemVariableInit) for [Anonymous Symbol]


==============================================================================

Removing Unused input sections from the image.

    Removing main.o(.text), (0 bytes).
    Removing main.o(.text.randomSeed), (12 bytes).
    Removing main.o(.ARM.exidx.text.randomSeed), (8 bytes).
    Removing main.o(.text.random), (44 bytes).
    Removing main.o(.ARM.exidx.text.random), (8 bytes).
    Removing main.o(.text.random_range), (48 bytes).
    Removing main.o(.ARM.exidx.text.random_range), (8 bytes).
    Removing main.o(.ARM.exidx.text.my_main), (8 bytes).
    Removing main.o(.ARM.exidx.text.draw), (8 bytes).
    Removing main.o(.ARM.exidx.text.codeRain_setup), (8 bytes).
    Removing main.o(.ARM.exidx.text.codeRain_draw), (8 bytes).
    Removing watchface_api.o(.text), (0 bytes).
    Removing watchface_api.o(.ARM.exidx.text.systemVariableInit), (8 bytes).

13 unused section(s) (total 168 bytes) removed from the image.

==============================================================================

Image Symbol Table

    Local Symbols

    Symbol Name                              Value     Ov Type        Size  Object(Section)

    api_table.s                              0x00000000   Number         0  api_table.o ABSOLUTE
    main.c                                   0x00000000   Number         0  main.o ABSOLUTE
    watchface_api.c                          0x00000000   Number         0  watchface_api.o ABSOLUTE
    [Anonymous Symbol]                       0x00000000   Section        0  main.o(.text.my_main)
    seed                                     0x00000004   Data           4  main.o(.data.seed)
    .L_MergedGlobals                         0x00000008   Data          32  watchface_api.o(.bss..L_MergedGlobals)
    $v0                                      0x00000020   Number         0  api_table.o(.text)
    .text                                    0x00000020   Section      440  api_table.o(.text)
    [Anonymous Symbol]                       0x000001d8   Section        0  main.o(.text.codeRain_draw)
    [Anonymous Symbol]                       0x000002d8   Section        0  main.o(.text.codeRain_setup)
    draw                                     0x0000036d   Thumb Code    24  main.o(.text.draw)
    [Anonymous Symbol]                       0x0000036c   Section        0  main.o(.text.draw)
    [Anonymous Symbol]                       0x00000384   Section        0  watchface_api.o(.text.systemVariableInit)

    Global Symbols

    Symbol Name                              Value     Ov Type        Size  Object(Section)

    BuildAttributes$$THM_ISAv4$E$P$D$K$B$S$7EM$VFPi3$EXTD16$VFPS$VFMA$PE$A:L22UL41UL21$X:L11$S22US41US21$IEEE1$IW$~IW$RWPI$USESV6$~STKCKD$USESV7$~SHL$OSPACE$ROPI$EBA8$STANDARDLIB$REQ8$PRES8$EABIv2 0x00000000   Number         0  anon$$obj.o ABSOLUTE
    my_main                                  0x00000001   Thumb Code    32  main.o(.text.my_main)
    blueToothIcon                            0x00000008   Data           4  watchface_api.o(.bss..L_MergedGlobals)
    chargeIcon                               0x0000000c   Data           4  watchface_api.o(.bss..L_MergedGlobals)
    stopwatch                                0x00000010   Data           4  watchface_api.o(.bss..L_MergedGlobals)
    dowImg                                   0x00000014   Data           4  watchface_api.o(.bss..L_MergedGlobals)
    colon                                    0x00000018   Data           4  watchface_api.o(.bss..L_MergedGlobals)
    timeDate                                 0x0000001c   Data           4  watchface_api.o(.bss..L_MergedGlobals)
    alarm_getNext                            0x00000021   Thumb Code    14  api_table.o(.text)
    appConfig                                0x00000020   Data           4  watchface_api.o(.bss..L_MergedGlobals)
    smallFont                                0x00000024   Data           4  watchface_api.o(.bss..L_MergedGlobals)
    m                                        0x00000028   Data         128  main.o(.bss.m)
    alarm_getNextDay                         0x0000002f   Thumb Code    14  api_table.o(.text)
    appConfig_sysVar                         0x0000003d   Thumb Code    14  api_table.o(.text)
    colon_sysVar                             0x0000004b   Thumb Code    14  api_table.o(.text)
    display_setDrawFunc                      0x00000059   Thumb Code    14  api_table.o(.text)
    div10                                    0x00000067   Thumb Code    14  api_table.o(.text)
    dowImg_sysVar                            0x00000075   Thumb Code    14  api_table.o(.text)
    drawBattery                              0x00000083   Thumb Code    14  api_table.o(.text)
    drawDate                                 0x00000091   Thumb Code    14  api_table.o(.text)
    drawTemperature                          0x0000009f   Thumb Code    14  api_table.o(.text)
    ySpeeds                                  0x000000a8   Data          64  main.o(.bss.ySpeeds)
    draw_bitmap                              0x000000ad   Thumb Code    14  api_table.o(.text)
    draw_string                              0x000000bb   Thumb Code    14  api_table.o(.text)
    millis_get                               0x000000c9   Thumb Code    14  api_table.o(.text)
    mod10                                    0x000000d7   Thumb Code    14  api_table.o(.text)
    openLSM6DSM                              0x000000e5   Thumb Code    14  api_table.o(.text)
    open_watchface_general                   0x000000f3   Thumb Code    14  api_table.o(.text)
    stopwatch_sysVar                         0x00000101   Thumb Code    14  api_table.o(.text)
    stopwatch_active                         0x0000010f   Thumb Code    14  api_table.o(.text)
    timeDate_sysVar                          0x0000011d   Thumb Code    14  api_table.o(.text)
    time_timeMode                            0x0000012b   Thumb Code    14  api_table.o(.text)
    watchFace_switchUpdate                   0x00000139   Thumb Code    14  api_table.o(.text)
    console_log                              0x00000147   Thumb Code    14  api_table.o(.text)
    drawVectorChar                           0x00000155   Thumb Code    14  api_table.o(.text)
    setVectorDrawClipWin                     0x00000163   Thumb Code    14  api_table.o(.text)
    getBtLinkState                           0x00000171   Thumb Code    14  api_table.o(.text)
    getCharingState                          0x0000017f   Thumb Code    14  api_table.o(.text)
    blueToothIcon_sysVar                     0x0000018d   Thumb Code    14  api_table.o(.text)
    chargeIcon_sysVar                        0x0000019b   Thumb Code    14  api_table.o(.text)
    myOLED_DrawLine                          0x000001a9   Thumb Code    14  api_table.o(.text)
    smallFont_sysVar                         0x000001b7   Thumb Code    14  api_table.o(.text)
    ticker                                   0x000001c5   Thumb Code    14  api_table.o(.text)
    codeRain_draw                            0x000001d9   Thumb Code   256  main.o(.text.codeRain_draw)
    codeRain_setup                           0x000002d9   Thumb Code   148  main.o(.text.codeRain_setup)
    systemVariableInit                       0x00000385   Thumb Code    64  watchface_api.o(.text.systemVariableInit)



==============================================================================

Memory Map of the image

  Image Entry point : 0x00000001

  Load Region LR_1 (Base: 0x00000000, Size: 0x000003cc, Max: 0xffffffff, PI)

    Execution Region ER_RO (Exec base: 0x00000000, Load base: 0x00000000, Size: 0x000003c4, Max: 0xffffffff, PI)

    Exec Addr    Load Addr    Size         Type   Attr      Idx    E Section Name        Object

    0x00000000   0x00000000   0x00000020   Code   RO            8  * .text.my_main       main.o
    0x00000020   0x00000020   0x000001b8   Code   RO           19    .text               api_table.o
    0x000001d8   0x000001d8   0x00000100   Code   RO           14    .text.codeRain_draw  main.o
    0x000002d8   0x000002d8   0x00000094   Code   RO           12    .text.codeRain_setup  main.o
    0x0000036c   0x0000036c   0x00000018   Code   RO           10    .text.draw          main.o
    0x00000384   0x00000384   0x00000040   Code   RO           21    .text.systemVariableInit  watchface_api.o


    Execution Region ER_RW (Exec base: 0x00000000, Load base: 0x000003c4, Size: 0x00000008, Max: 0xffffffff, PI)

    Exec Addr    Load Addr    Size         Type   Attr      Idx    E Section Name        Object

    0x00000000   0x000003c4   0x00000004   Data   RW           25    PDT$$ptr            anon$$obj.o
    0x00000004   0x000003c8   0x00000004   Data   RW           16    .data.seed          main.o


    Execution Region ER_ZI (Exec base: 0x00000008, Load base: 0x000003cc, Size: 0x000000e0, Max: 0xffffffff, PI)

    Exec Addr    Load Addr    Size         Type   Attr      Idx    E Section Name        Object

    0x00000008        -       0x00000020   Zero   RW           23    .bss..L_MergedGlobals  watchface_api.o
    0x00000028        -       0x00000080   Zero   RW           17    .bss.m              main.o
    0x000000a8        -       0x00000040   Zero   RW           18    .bss.ySpeeds        main.o


==============================================================================

Image component sizes


      Code (inc. data)   RO Data    RW Data    ZI Data      Debug   Object Name

       440          6          0          0          0          0   api_table.o
       460         40          0          4        192          0   main.o
        64          4          0          0         32          0   watchface_api.o

    ----------------------------------------------------------------------
       964         50          0          8        224          0   Object Totals
         0          0          0          4          0          0   (incl. Generated)
         0          0          0          0          0          0   (incl. Padding)

    ----------------------------------------------------------------------
         0          0          0          0          0          0   Library Totals
         0          0          0          0          0          0   (incl. Padding)

    ----------------------------------------------------------------------

==============================================================================


      Code (inc. data)   RO Data    RW Data    ZI Data      Debug   

       964         50          0          8        224          0   Grand Totals
       964         50          0          8        224          0   ELF Image Totals
       964         50          0          8          0          0   ROM Totals

==============================================================================

    Total RO  Size (Code + RO Data)                  964 (   0.94kB)
    Total RW  Size (RW Data + ZI Data)               232 (   0.23kB)
    Total ROM Size (Code + RO Data + RW Data)        972 (   0.95kB)

==============================================================================

