<html>
<body>
<pre>
<h1>µVision Build Log</h1>
<h2>Tool Versions:</h2>
IDE-Version: ¦ÌVision V5.29.0.0
Copyright (C) 2019 ARM Ltd and ARM Germany GmbH. All rights reserved.
License Information: A A, A, LIC=3UUCX-HZ60R-ILYCB-2H46I-NC0L1-J0JPH
 
Tool Versions:
Toolchain:       MDK-ARM Professional  Version: 5.29.0.0
Toolchain Path:  C:\Keil_v5\MDK\ARM\ARMCLANG\Bin
C Compiler:      ArmClang.exe V6.13.1
Assembler:       Armasm.exe V6.13.1
Linker/Locator:  ArmLink.exe V6.13.1
Library Manager: ArmAr.exe V6.13.1
Hex Converter:   FromElf.exe V6.13.1
CPU DLL:         SARMCM3.DLL V5.29.0.0
Dialog DLL:      DCM.DLL V1.17.3.0
Target DLL:      STLink\ST-LINKIII-KEIL_SWO.dll V3.0.7.0
Dialog DLL:      TCM.DLL V1.36.5.0
 
<h2>Project:</h2>
D:\work\app-ardubullets\app-evasion.uvprojx
Project File Date:  06/07/2025

<h2>Output:</h2>
*** Using Compiler 'V6.13.1', folder: 'C:\Keil_v5\MDK\ARM\ARMCLANG\Bin'
Rebuild target 'Target 1'
main.c(7): warning: implicit declaration of function 'ardubullets_loop' is invalid in C99 [-Wimplicit-function-declaration]
        ardubullets_loop();
        ^
main.c(14): warning: implicit declaration of function 'ardubullets_setup' is invalid in C99 [-Wimplicit-function-declaration]
        ardubullets_setup();
        ^
main.c(15): warning: implicit declaration of function 'display_setDrawFunc' is invalid in C99 [-Wimplicit-function-declaration]
        display_setDrawFunc(ardubullets_draw);
        ^
main.c(16): warning: implicit declaration of function 'buttons_setFuncs_onLongPress' is invalid in C99 [-Wimplicit-function-declaration]
        buttons_setFuncs_onLongPress(NULL, NULL, NULL);
        ^
main.c(17): warning: implicit declaration of function 'beginAnimation_OPEN' is invalid in C99 [-Wimplicit-function-declaration]
        beginAnimation_OPEN(getArduboyGames_openDir());
        ^
main.c(17): warning: implicit declaration of function 'getArduboyGames_openDir' is invalid in C99 [-Wimplicit-function-declaration]
        beginAnimation_OPEN(getArduboyGames_openDir());
                            ^
6 warnings generated.
compiling main.c...
compiling ardubullets.cpp...
compiling ardubullets_common.cpp...
compiling ardubullets_title.cpp...
compiling ardubullets_game.cpp...
linking...
.\Objects\app-ardubullets.axf: Warning: L6340W: options first and last are ignored for link type of scattered
Program Size: Code=8324 RO-data=1468 RW-data=16 ZI-data=544  
Finished: 0 information, 1 warning and 0 error messages.
After Build - User command #1: C:\Keil_v5\MDK\ARM\ARMCC\bin\fromelf.exe  --strip=comment,debug  --elf --output=Bin\app-ardubullets.axf Objects\app-ardubullets.axf
After Build - User command #2: C:\Keil_v5\MDK\\ARM\ARMCC\bin\fromelf.exe --bin --output=Bin\app-ardubullets.bin .\Objects\app-ardubullets.axf
".\Objects\app-ardubullets.axf" - 0 Error(s), 7 Warning(s).

<h2>Software Packages used:</h2>

Package Vendor: Keil
                http://www.keil.com/pack/Keil.STM32L4xx_DFP.2.6.1.pack
                Keil.STM32L4xx_DFP.2.6.1
                STMicroelectronics STM32L4 Series Device Support, Drivers and Examples

<h2>Collection of Component include folders:</h2>
  .\RTE\_Target_1
  C:\Keil_v5\MDK\ARM\Packs\Keil\STM32L4xx_DFP\2.6.1\Drivers\CMSIS\Device\ST\STM32L4xx\Include

<h2>Collection of Component Files used:</h2>
Build Time Elapsed:  00:00:01
</pre>
</body>
</html>
