<html>
<body>
<pre>
<h1>�Vision Build Log</h1>
<h2>Tool Versions:</h2>
IDE-Version: ��Vision V5.29.0.0
Copyright (C) 2019 ARM Ltd and ARM Germany GmbH. All rights reserved.
License Information: A A, A, LIC=3UUCX-HZ60R-ILYCB-2H46I-NC0L1-J0JPH
 
Tool Versions:
Toolchain:       MDK-ARM Professional  Version: 5.29.0.0
Toolchain Path:  C:\Keil_v5\MDK\ARM\ARMCLANG\Bin
C Compiler:      ArmClang.exe V6.13.1
Assembler:       Armasm.exe V6.13.1
Linker/Locator:  ArmLink.exe V6.13.1
Library Manager: ArmAr.exe V6.13.1
Hex Converter:   FromElf.exe V6.13.1
CPU DLL:         SARMCM3.DLL V5.29.0.0
Dialog DLL:      DCM.DLL V1.17.3.0
Target DLL:      STLink\ST-LINKIII-KEIL_SWO.dll V3.0.7.0
Dialog DLL:      TCM.DLL V1.36.5.0
 
<h2>Project:</h2>
D:\work\system_api_version\app-wff-demo\wff-demo.uvprojx
Project File Date:  08/09/2025

<h2>Output:</h2>
*** Using Compiler 'V6.13.1', folder: 'C:\Keil_v5\MDK\ARM\ARMCLANG\Bin'
Rebuild target 'Target 1'
assembling api_table.s...
watchface_api.c(16): warning: implicit declaration of function 'blueToothIcon_sysVar' is invalid in C99 [-Wimplicit-function-declaration]
    blueToothIcon = blueToothIcon_sysVar();
                    ^
watchface_api.c(16): warning: incompatible integer to pointer conversion assigning to 'byte *' (aka 'unsigned char *') from 'int' [-Wint-conversion]
    blueToothIcon = blueToothIcon_sysVar();
                  ^ ~~~~~~~~~~~~~~~~~~~~~~
watchface_api.c(17): warning: implicit declaration of function 'chargeIcon_sysVar' is invalid in C99 [-Wimplicit-function-declaration]
    chargeIcon = chargeIcon_sysVar();
                 ^
watchface_api.c(17): warning: incompatible integer to pointer conversion assigning to 'byte *' (aka 'unsigned char *') from 'int' [-Wint-conversion]
    chargeIcon = chargeIcon_sysVar();
               ^ ~~~~~~~~~~~~~~~~~~~
watchface_api.c(18): warning: implicit declaration of function 'stopwatch_sysVar' is invalid in C99 [-Wimplicit-function-declaration]
    stopwatch = stopwatch_sysVar();
                ^
watchface_api.c(18): warning: incompatible integer to pointer conversion assigning to 'byte *' (aka 'unsigned char *') from 'int' [-Wint-conversion]
    stopwatch = stopwatch_sysVar();
              ^ ~~~~~~~~~~~~~~~~~~
watchface_api.c(19): warning: implicit declaration of function 'dowImg_sysVar' is invalid in C99 [-Wimplicit-function-declaration]
    dowImg = dowImg_sysVar();
             ^
watchface_api.c(19): warning: incompatible integer to pointer conversion assigning to 'byte (*)[7][8]' from 'int' [-Wint-conversion]
    dowImg = dowImg_sysVar();
           ^ ~~~~~~~~~~~~~~~
watchface_api.c(20): warning: implicit declaration of function 'colon_sysVar' is invalid in C99 [-Wimplicit-function-declaration]
    colon = colon_sysVar();
            ^
watchface_api.c(20): warning: incompatible integer to pointer conversion assigning to 'byte *' (aka 'unsigned char *') from 'int' [-Wint-conversion]
    colon = colon_sysVar();
          ^ ~~~~~~~~~~~~~~
watchface_api.c(21): warning: implicit declaration of function 'timeDate_sysVar' is invalid in C99 [-Wimplicit-function-declaration]
    timeDate = timeDate_sysVar();
               ^
watchface_api.c(21): warning: incompatible integer to pointer conversion assigning to 'timeDate_s *' from 'int' [-Wint-conversion]
    timeDate = timeDate_sysVar();
             ^ ~~~~~~~~~~~~~~~~~
watchface_api.c(22): warning: implicit declaration of function 'appConfig_sysVar' is invalid in C99 [-Wimplicit-function-declaration]
    appConfig = appConfig_sysVar();
                ^
watchface_api.c(22): warning: incompatible integer to pointer conversion assigning to 'appconfig_s *' from 'int' [-Wint-conversion]
    appConfig = appConfig_sysVar();
              ^ ~~~~~~~~~~~~~~~~~~
14 warnings generated.
compiling watchface_api.c...
main.c(44): warning: implicit declaration of function 'systemVariableInit' is invalid in C99 [-Wimplicit-function-declaration]
        systemVariableInit();
        ^
main.c(45): warning: implicit declaration of function 'display_setDrawFunc' is invalid in C99 [-Wimplicit-function-declaration]
        display_setDrawFunc(draw);
        ^
main.c(46): warning: implicit declaration of function 'open_watchface_general' is invalid in C99 [-Wimplicit-function-declaration]
        open_watchface_general(); // 通用的表盘打开函数
        ^
main.c(47): warning: implicit declaration of function 'openLSM6DSM' is invalid in C99 [-Wimplicit-function-declaration]
        openLSM6DSM(LSM_TEMP);
        ^
main.c(56): warning: implicit declaration of function 'watchFace_switchUpdate' is invalid in C99 [-Wimplicit-function-declaration]
        watchFace_switchUpdate();
        ^
main.c(67): warning: implicit declaration of function 'drawBattery' is invalid in C99 [-Wimplicit-function-declaration]
        byte x = drawBattery(NUM_INVERSE_AND_DEFAULT);
                 ^
main.c(69): warning: implicit declaration of function 'drawTemperature' is invalid in C99 [-Wimplicit-function-declaration]
        drawTemperature(0);
        ^
main.c(103): warning: incompatible pointer types passing 'byte [7][8]' to parameter of type 'const byte *' (aka 'const unsigned char *') [-Wincompatible-pointer-types]
                draw_bitmap(x, FRAME_HEIGHT - 8, dowImg[alarm_getNextDay()], 8, 8, NOINVERT, 0);
                                                 ^~~~~~~~~~~~~~~~~~~~~~~~~~
./watchface_api.h(58): note: passing argument to parameter 'bitmap' here
void draw_bitmap(s16 x, s16 yy, const byte* bitmap, byte w, byte h, bool invert, byte offsetY);
                                            ^
main.c(189): warning: implicitly declaring library function 'memset' with type 'void *(void *, int, unsigned int)' [-Wimplicit-function-declaration]
                                memset(moving2, false, sizeof(moving2));
                                ^
main.c(189): note: include the header <string.h> or explicitly provide a declaration for 'memset'
main.c(260): warning: implicit declaration of function 'millis_get' is invalid in C99 [-Wimplicit-function-declaration]
         if(millis_get()%1000>500)   // ݙװˇѫīד  30ms
            ^
main.c(299): warning: implicit declaration of function 'setVectorDrawClipWin' is invalid in C99 [-Wimplicit-function-declaration]
        setVectorDrawClipWin(x, y, x+size_w*5, y+size_h*7);
        ^
main.c(324): warning: implicit declaration of function 'myOLED_DrawLine' is invalid in C99 [-Wimplicit-function-declaration]
                myOLED_DrawLine(x -1, y  + cut_value, x + size_w*5, y + cut_value, 1, 0);
                ^
12 warnings generated.
compiling main.c...
linking...
.\Objects\demo-wff.axf: Warning: L6340W: options first and last are ignored for link type of scattered
.\Objects\app-evasion.sct(18): warning: L6312W: Empty Execution region description for region RW_IRAM2
Program Size: Code=1800 RO-data=0 RW-data=0 ZI-data=40  
Finished: 0 information, 2 warning and 0 error messages.
After Build - User command #1: C:\Keil_v5\MDK\ARM\ARMCC\bin\fromelf.exe  --strip=comment,debug  --elf --output=Bin\demo-wff.wff Objects\demo-wff.axf
After Build - User command #2: C:\Keil_v5\MDK\\ARM\ARMCC\bin\fromelf.exe --bin --output=Bin\demo-wff.bin .\Objects\demo-wff.axf
".\Objects\demo-wff.axf" - 0 Error(s), 28 Warning(s).

<h2>Software Packages used:</h2>

Package Vendor: Keil
                http://www.keil.com/pack/Keil.STM32L4xx_DFP.2.6.1.pack
                Keil.STM32L4xx_DFP.2.6.1
                STMicroelectronics STM32L4 Series Device Support, Drivers and Examples

<h2>Collection of Component include folders:</h2>
  .\RTE\_Target_1
  C:\Keil_v5\MDK\ARM\Packs\Keil\STM32L4xx_DFP\2.6.1\Drivers\CMSIS\Device\ST\STM32L4xx\Include

<h2>Collection of Component Files used:</h2>
Build Time Elapsed:  00:00:01
</pre>
</body>
</html>
