Component: ARM Compiler 6.13.1 Tool: armlink [5d895400]

==============================================================================

Section Cross References

    main.o(.text.my_main) refers to api_table.o(.text) for display_setDrawFunc
    main.o(.text.my_main) refers to main.o(.text.draw) for draw
    main.o(.ARM.exidx.text.my_main) refers to main.o(.text.my_main) for [Anonymous Symbol]
    main.o(.text.draw) refers to api_table.o(.text) for watchFace_switchUpdate
    main.o(.text.draw) refers to main.o(.text.drawSimpleClock) for drawSimpleClock
    main.o(.ARM.exidx.text.draw) refers to main.o(.text.draw) for [Anonymous Symbol]
    main.o(.text.drawSimpleClock) refers to api_table.o(.text) for setVectorDrawClipWin
    main.o(.text.drawSimpleClock) refers to watchface_api.o(.bss..L_MergedGlobals) for timeDate
    main.o(.ARM.exidx.text.drawSimpleClock) refers to main.o(.text.drawSimpleClock) for [Anonymous Symbol]
    watchface_api.o(.text.systemVariableInit) refers to api_table.o(.text) for blueToothIcon_sysVar
    watchface_api.o(.text.systemVariableInit) refers to watchface_api.o(.bss..L_MergedGlobals) for [Anonymous Symbol]
    watchface_api.o(.ARM.exidx.text.systemVariableInit) refers to watchface_api.o(.text.systemVariableInit) for [Anonymous Symbol]


==============================================================================

Removing Unused input sections from the image.

    Removing main.o(.text), (0 bytes).
    Removing main.o(.ARM.exidx.text.my_main), (8 bytes).
    Removing main.o(.ARM.exidx.text.draw), (8 bytes).
    Removing main.o(.ARM.exidx.text.drawSimpleClock), (8 bytes).
    Removing watchface_api.o(.text), (0 bytes).
    Removing watchface_api.o(.text.systemVariableInit), (60 bytes).
    Removing watchface_api.o(.ARM.exidx.text.systemVariableInit), (8 bytes).

7 unused section(s) (total 92 bytes) removed from the image.

==============================================================================

Image Symbol Table

    Local Symbols

    Symbol Name                              Value     Ov Type        Size  Object(Section)

    api_table.s                              0x00000000   Number         0  api_table.o ABSOLUTE
    main.c                                   0x00000000   Number         0  main.o ABSOLUTE
    watchface_api.c                          0x00000000   Number         0  watchface_api.o ABSOLUTE
    [Anonymous Symbol]                       0x20007800   Section        0  main.o(.text.my_main)
    __arm_cp.0_0                             0x20007810   Number         4  main.o(.text.my_main)
    .text                                    0x20007814   Section      468  api_table.o(.text)
    draw                                     0x200079e9   Thumb Code    14  main.o(.text.draw)
    [Anonymous Symbol]                       0x200079e8   Section        0  main.o(.text.draw)
    [Anonymous Symbol]                       0x200079f8   Section        0  main.o(.text.drawSimpleClock)
    __arm_cp.2_0                             0x20007ac4   Number         4  main.o(.text.drawSimpleClock)
    __arm_cp.2_1                             0x20007ac8   Number         4  main.o(.text.drawSimpleClock)
    [Anonymous Symbol]                       0x20007ad4   Section        0  watchface_api.o(.bss..L_MergedGlobals)

    Global Symbols

    Symbol Name                              Value     Ov Type        Size  Object(Section)

    BuildAttributes$$THM_ISAv4$E$P$D$K$B$S$7EM$PE$A:L22UL41UL21$X:L11$S22US41US21$IEEE1$IW$~IW$USESV6$~STKCKD$USESV7$~SHL$OSPACE$EBA8$STANDARDLIB$REQ8$PRES8$EABIv2 0x00000000   Number         0  anon$$obj.o ABSOLUTE
    my_main                                  0x20007801   Thumb Code    20  main.o(.text.my_main)
    alarm_getNext                            0x20007815   Thumb Code    14  api_table.o(.text)
    alarm_getNextDay                         0x20007823   Thumb Code    14  api_table.o(.text)
    appConfig_sysVar                         0x20007831   Thumb Code    14  api_table.o(.text)
    colon_sysVar                             0x2000783f   Thumb Code    14  api_table.o(.text)
    display_setDrawFunc                      0x2000784d   Thumb Code    14  api_table.o(.text)
    div10                                    0x2000785b   Thumb Code    14  api_table.o(.text)
    dowImg_sysVar                            0x20007869   Thumb Code    14  api_table.o(.text)
    drawBattery                              0x20007877   Thumb Code    14  api_table.o(.text)
    drawDate                                 0x20007885   Thumb Code    14  api_table.o(.text)
    drawTemperature                          0x20007893   Thumb Code    14  api_table.o(.text)
    draw_bitmap                              0x200078a1   Thumb Code    14  api_table.o(.text)
    draw_string                              0x200078af   Thumb Code    14  api_table.o(.text)
    millis_get                               0x200078bd   Thumb Code    14  api_table.o(.text)
    mod10                                    0x200078cb   Thumb Code    14  api_table.o(.text)
    openLSM6DSM                              0x200078d9   Thumb Code    14  api_table.o(.text)
    open_watchface_general                   0x200078e7   Thumb Code    14  api_table.o(.text)
    stopwatch_sysVar                         0x200078f5   Thumb Code    14  api_table.o(.text)
    stopwatch_active                         0x20007903   Thumb Code    14  api_table.o(.text)
    timeDate_sysVar                          0x20007911   Thumb Code    14  api_table.o(.text)
    time_timeMode                            0x2000791f   Thumb Code    14  api_table.o(.text)
    watchFace_switchUpdate                   0x2000792d   Thumb Code    14  api_table.o(.text)
    console_log                              0x2000793b   Thumb Code    14  api_table.o(.text)
    drawVectorChar                           0x20007949   Thumb Code    14  api_table.o(.text)
    setVectorDrawClipWin                     0x20007957   Thumb Code    14  api_table.o(.text)
    getBtLinkState                           0x20007965   Thumb Code    14  api_table.o(.text)
    getCharingState                          0x20007973   Thumb Code    14  api_table.o(.text)
    blueToothIcon_sysVar                     0x20007981   Thumb Code    14  api_table.o(.text)
    chargeIcon_sysVar                        0x2000798f   Thumb Code    14  api_table.o(.text)
    myOLED_DrawLine                          0x2000799d   Thumb Code    14  api_table.o(.text)
    smallFont_sysVar                         0x200079ab   Thumb Code    14  api_table.o(.text)
    ticker                                   0x200079b9   Thumb Code    14  api_table.o(.text)
    draw_point                               0x200079c7   Thumb Code    14  api_table.o(.text)
    drawCude3D                               0x200079d5   Thumb Code    14  api_table.o(.text)
    drawSimpleClock                          0x200079f9   Thumb Code   212  main.o(.text.drawSimpleClock)
    blueToothIcon                            0x20007ad4   Data           4  watchface_api.o(.bss..L_MergedGlobals)
    chargeIcon                               0x20007ad8   Data           4  watchface_api.o(.bss..L_MergedGlobals)
    stopwatch                                0x20007adc   Data           4  watchface_api.o(.bss..L_MergedGlobals)
    dowImg                                   0x20007ae0   Data           4  watchface_api.o(.bss..L_MergedGlobals)
    colon                                    0x20007ae4   Data           4  watchface_api.o(.bss..L_MergedGlobals)
    timeDate                                 0x20007ae8   Data           4  watchface_api.o(.bss..L_MergedGlobals)
    appConfig                                0x20007aec   Data           4  watchface_api.o(.bss..L_MergedGlobals)
    smallFont                                0x20007af0   Data           4  watchface_api.o(.bss..L_MergedGlobals)



==============================================================================

Memory Map of the image

  Image Entry point : 0x20007801

  Load Region LR_IROM1 (Base: 0x20007800, Size: 0x000002d4, Max: 0x00010800, ABSOLUTE)

    Execution Region RW_IRAM2 (Exec base: 0x10000000, Load base: 0x20007ad4, Size: 0x00000000, Max: 0x00004000, ABSOLUTE)

    **** No section assigned to this execution region ****


    Execution Region ER_IROM1 (Exec base: 0x20007800, Load base: 0x20007800, Size: 0x000002f4, Max: 0x00010800, ABSOLUTE)

    Exec Addr    Load Addr    Size         Type   Attr      Idx    E Section Name        Object

    0x20007800   0x20007800   0x00000014   Code   RO            2  * .text.my_main       main.o
    0x20007814   0x20007814   0x000001d4   Code   RO            8    .text               api_table.o
    0x200079e8   0x200079e8   0x0000000e   Code   RO            4    .text.draw          main.o
    0x200079f6   0x200079f6   0x00000002   PAD
    0x200079f8   0x200079f8   0x000000da   Code   RO            6    .text.drawSimpleClock  main.o
    0x20007ad2   0x20007ad2   0x00000002   PAD
    0x20007ad4        -       0x00000020   Zero   RW           12    .bss..L_MergedGlobals  watchface_api.o


==============================================================================

Image component sizes


      Code (inc. data)   RO Data    RW Data    ZI Data      Debug   Object Name

       468          6          0          0          0          0   api_table.o
       252         12          0          0          0          0   main.o
         0          0          0          0         32          0   watchface_api.o

    ----------------------------------------------------------------------
       724         18          0          0         32          0   Object Totals
         0          0          0          0          0          0   (incl. Generated)
         4          0          0          0          0          0   (incl. Padding)

    ----------------------------------------------------------------------
         0          0          0          0          0          0   Library Totals
         0          0          0          0          0          0   (incl. Padding)

    ----------------------------------------------------------------------

==============================================================================


      Code (inc. data)   RO Data    RW Data    ZI Data      Debug   

       724         18          0          0         32          0   Grand Totals
       724         18          0          0         32          0   ELF Image Totals
       724         18          0          0          0          0   ROM Totals

==============================================================================

    Total RO  Size (Code + RO Data)                  724 (   0.71kB)
    Total RW  Size (RW Data + ZI Data)                32 (   0.03kB)
    Total ROM Size (Code + RO Data + RW Data)        724 (   0.71kB)

==============================================================================

