<html>
<body>
<pre>
<h1>礦ision Build Log</h1>
<h2>Tool Versions:</h2>
IDE-Version: μVision V5.29.0.0
Copyright (C) 2019 ARM Ltd and ARM Germany GmbH. All rights reserved.
License Information: A A, A, LIC=3UUCX-HZ60R-ILYCB-2H46I-NC0L1-J0JPH
 
Tool Versions:
Toolchain:       MDK-ARM Professional  Version: 5.29.0.0
Toolchain Path:  C:\Keil_v5\MDK\ARM\ARMCLANG\Bin
C Compiler:      ArmClang.exe V6.13.1
Assembler:       Armasm.exe V6.13.1
Linker/Locator:  ArmLink.exe V6.13.1
Library Manager: ArmAr.exe V6.13.1
Hex Converter:   FromElf.exe V6.13.1
CPU DLL:         SARMCM3.DLL V5.29.0.0
Dialog DLL:      DCM.DLL V1.17.3.0
Target DLL:      STLink\ST-LINKIII-KEIL_SWO.dll V3.0.7.0
Dialog DLL:      TCM.DLL V1.36.5.0
 
<h2>Project:</h2>
D:\work\system_api_version\app-wff-cube3D\wff-cube3D.uvprojx
Project File Date:  10/19/2025

<h2>Output:</h2>
*** Using Compiler 'V6.13.1', folder: 'C:\Keil_v5\MDK\ARM\ARMCLANG\Bin'
Build target 'Target 1'
compiling main.c...
compiling watchface_api.c...
linking...
Program Size: Code=660 RO-data=0 RW-data=4 ZI-data=32  
After Build - User command #1: C:\Keil_v5\MDK\ARM\ARMCC\bin\fromelf.exe  --strip=comment,debug  --elf --output=Bin\3D立方体.wff Objects\3D立方体.axf
After Build - User command #2: C:\Keil_v5\MDK\\ARM\ARMCC\bin\fromelf.exe --bin --output=Bin\3D立方体.bin .\Objects\3D立方体.axf
".\Objects\3D立方体.axf" - 0 Error(s), 0 Warning(s).

<h2>Software Packages used:</h2>

Package Vendor: Keil
                http://www.keil.com/pack/Keil.STM32L4xx_DFP.2.6.1.pack
                Keil.STM32L4xx_DFP.2.6.1
                STMicroelectronics STM32L4 Series Device Support, Drivers and Examples

<h2>Collection of Component include folders:</h2>
  .\RTE\_Target_1
  C:\Keil_v5\MDK\ARM\Packs\Keil\STM32L4xx_DFP\2.6.1\Drivers\CMSIS\Device\ST\STM32L4xx\Include

<h2>Collection of Component Files used:</h2>
Build Time Elapsed:  00:00:01
</pre>
</body>
</html>
