Component: ARM Compiler 6.13.1 Tool: armlink [5d895400]

==============================================================================

Section Cross References

    main.o(.text.my_main) refers to watchface_api.o(.text.systemVariableInit) for systemVariableInit
    main.o(.text.my_main) refers to api_table.o(.text) for display_setDrawFunc
    main.o(.text.my_main) refers to main.o(.text.draw) for draw
    main.o(.ARM.exidx.text.my_main) refers to main.o(.text.my_main) for [Anonymous Symbol]
    main.o(.text.draw) refers to api_table.o(.text) for watchFace_switchUpdate
    main.o(.text.draw) refers to main.o(.text.draw_wavesSim) for draw_wavesSim
    main.o(.ARM.exidx.text.draw) refers to main.o(.text.draw) for [Anonymous Symbol]
    main.o(.text.single_wave_update) refers to api_table.o(.text) for draw_point
    main.o(.ARM.exidx.text.single_wave_update) refers to main.o(.text.single_wave_update) for [Anonymous Symbol]
    main.o(.text.draw_wavesSim) refers to api_table.o(.text) for millis_get
    main.o(.text.draw_wavesSim) refers to rt_memclr_w.o(.text) for __aeabi_memclr4
    main.o(.text.draw_wavesSim) refers to main.o(.text.single_wave_update) for single_wave_update
    main.o(.text.draw_wavesSim) refers to main.o(.bss.draw_wavesSim.lastUpdate) for draw_wavesSim.lastUpdate
    main.o(.text.draw_wavesSim) refers to main.o(.bss.waves_arry) for waves_arry
    main.o(.ARM.exidx.text.draw_wavesSim) refers to main.o(.text.draw_wavesSim) for [Anonymous Symbol]
    watchface_api.o(.text.systemVariableInit) refers to api_table.o(.text) for blueToothIcon_sysVar
    watchface_api.o(.text.systemVariableInit) refers to watchface_api.o(.bss..L_MergedGlobals) for .L_MergedGlobals
    watchface_api.o(.ARM.exidx.text.systemVariableInit) refers to watchface_api.o(.text.systemVariableInit) for [Anonymous Symbol]


==============================================================================

Removing Unused input sections from the image.

    Removing main.o(.text), (0 bytes).
    Removing main.o(.ARM.exidx.text.my_main), (8 bytes).
    Removing main.o(.ARM.exidx.text.draw), (8 bytes).
    Removing main.o(.ARM.exidx.text.single_wave_update), (8 bytes).
    Removing main.o(.ARM.exidx.text.draw_wavesSim), (8 bytes).
    Removing watchface_api.o(.text), (0 bytes).
    Removing watchface_api.o(.ARM.exidx.text.systemVariableInit), (8 bytes).

7 unused section(s) (total 40 bytes) removed from the image.

==============================================================================

Image Symbol Table

    Local Symbols

    Symbol Name                              Value     Ov Type        Size  Object(Section)

    ../clib/memcpset.s                       0x00000000   Number         0  rt_memclr_w.o ABSOLUTE
    api_table.s                              0x00000000   Number         0  api_table.o ABSOLUTE
    dc.s                                     0x00000000   Number         0  dc.o ABSOLUTE
    main.c                                   0x00000000   Number         0  main.o ABSOLUTE
    watchface_api.c                          0x00000000   Number         0  watchface_api.o ABSOLUTE
    [Anonymous Symbol]                       0x00000000   Section        0  main.o(.text.my_main)
    .L_MergedGlobals                         0x00000004   Data          32  watchface_api.o(.bss..L_MergedGlobals)
    .text                                    0x0000001c   Section      468  api_table.o(.text)
    draw_wavesSim.lastUpdate                 0x00000024   Data           4  main.o(.bss.draw_wavesSim.lastUpdate)
    .text                                    0x000001f0   Section       78  rt_memclr_w.o(.text)
    draw                                     0x0000023f   Thumb Code    24  main.o(.text.draw)
    [Anonymous Symbol]                       0x0000023e   Section        0  main.o(.text.draw)
    [Anonymous Symbol]                       0x00000258   Section        0  main.o(.text.draw_wavesSim)
    [Anonymous Symbol]                       0x00000348   Section        0  main.o(.text.single_wave_update)
    [Anonymous Symbol]                       0x00000550   Section        0  watchface_api.o(.text.systemVariableInit)

    Global Symbols

    Symbol Name                              Value     Ov Type        Size  Object(Section)

    BuildAttributes$$THM_ISAv4$E$P$D$K$B$S$7EM$PE$A:L22UL41UL21$X:L11$S22US41US21$IEEE1$IW$~IW$RWPI$USESV6$~STKCKD$USESV7$~SHL$OSPACE$ROPI$EBA8$STANDARDLIB$REQ8$PRES8$EABIv2 0x00000000   Number         0  anon$$obj.o ABSOLUTE
    my_main                                  0x00000001   Thumb Code    28  main.o(.text.my_main)
    blueToothIcon                            0x00000004   Data           4  watchface_api.o(.bss..L_MergedGlobals)
    chargeIcon                               0x00000008   Data           4  watchface_api.o(.bss..L_MergedGlobals)
    stopwatch                                0x0000000c   Data           4  watchface_api.o(.bss..L_MergedGlobals)
    dowImg                                   0x00000010   Data           4  watchface_api.o(.bss..L_MergedGlobals)
    colon                                    0x00000014   Data           4  watchface_api.o(.bss..L_MergedGlobals)
    timeDate                                 0x00000018   Data           4  watchface_api.o(.bss..L_MergedGlobals)
    alarm_getNext                            0x0000001d   Thumb Code    14  api_table.o(.text)
    appConfig                                0x0000001c   Data           4  watchface_api.o(.bss..L_MergedGlobals)
    smallFont                                0x00000020   Data           4  watchface_api.o(.bss..L_MergedGlobals)
    waves_arry                               0x00000028   Data         168  main.o(.bss.waves_arry)
    alarm_getNextDay                         0x0000002b   Thumb Code    14  api_table.o(.text)
    appConfig_sysVar                         0x00000039   Thumb Code    14  api_table.o(.text)
    colon_sysVar                             0x00000047   Thumb Code    14  api_table.o(.text)
    display_setDrawFunc                      0x00000055   Thumb Code    14  api_table.o(.text)
    div10                                    0x00000063   Thumb Code    14  api_table.o(.text)
    dowImg_sysVar                            0x00000071   Thumb Code    14  api_table.o(.text)
    drawBattery                              0x0000007f   Thumb Code    14  api_table.o(.text)
    drawDate                                 0x0000008d   Thumb Code    14  api_table.o(.text)
    drawTemperature                          0x0000009b   Thumb Code    14  api_table.o(.text)
    draw_bitmap                              0x000000a9   Thumb Code    14  api_table.o(.text)
    draw_string                              0x000000b7   Thumb Code    14  api_table.o(.text)
    millis_get                               0x000000c5   Thumb Code    14  api_table.o(.text)
    mod10                                    0x000000d3   Thumb Code    14  api_table.o(.text)
    openLSM6DSM                              0x000000e1   Thumb Code    14  api_table.o(.text)
    open_watchface_general                   0x000000ef   Thumb Code    14  api_table.o(.text)
    stopwatch_sysVar                         0x000000fd   Thumb Code    14  api_table.o(.text)
    stopwatch_active                         0x0000010b   Thumb Code    14  api_table.o(.text)
    timeDate_sysVar                          0x00000119   Thumb Code    14  api_table.o(.text)
    time_timeMode                            0x00000127   Thumb Code    14  api_table.o(.text)
    watchFace_switchUpdate                   0x00000135   Thumb Code    14  api_table.o(.text)
    console_log                              0x00000143   Thumb Code    14  api_table.o(.text)
    drawVectorChar                           0x00000151   Thumb Code    14  api_table.o(.text)
    setVectorDrawClipWin                     0x0000015f   Thumb Code    14  api_table.o(.text)
    getBtLinkState                           0x0000016d   Thumb Code    14  api_table.o(.text)
    getCharingState                          0x0000017b   Thumb Code    14  api_table.o(.text)
    blueToothIcon_sysVar                     0x00000189   Thumb Code    14  api_table.o(.text)
    chargeIcon_sysVar                        0x00000197   Thumb Code    14  api_table.o(.text)
    myOLED_DrawLine                          0x000001a5   Thumb Code    14  api_table.o(.text)
    smallFont_sysVar                         0x000001b3   Thumb Code    14  api_table.o(.text)
    ticker                                   0x000001c1   Thumb Code    14  api_table.o(.text)
    draw_point                               0x000001cf   Thumb Code    14  api_table.o(.text)
    drawCude3D                               0x000001dd   Thumb Code    14  api_table.o(.text)
    __aeabi_memclr4                          0x000001f1   Thumb Code     0  rt_memclr_w.o(.text)
    __aeabi_memclr8                          0x000001f1   Thumb Code     0  rt_memclr_w.o(.text)
    __rt_memclr_w                            0x000001f1   Thumb Code    78  rt_memclr_w.o(.text)
    _memset_w                                0x000001f5   Thumb Code     0  rt_memclr_w.o(.text)
    draw_wavesSim                            0x00000259   Thumb Code   240  main.o(.text.draw_wavesSim)
    single_wave_update                       0x00000349   Thumb Code   520  main.o(.text.single_wave_update)
    systemVariableInit                       0x00000551   Thumb Code    64  watchface_api.o(.text.systemVariableInit)



==============================================================================

Memory Map of the image

  Image Entry point : 0x00000001

  Load Region LR_1 (Base: 0x00000000, Size: 0x00000594, Max: 0xffffffff, PI)

    Execution Region ER_RO (Exec base: 0x00000000, Load base: 0x00000000, Size: 0x00000590, Max: 0xffffffff, PI)

    Exec Addr    Load Addr    Size         Type   Attr      Idx    E Section Name        Object

    0x00000000   0x00000000   0x0000001c   Code   RO            2  * .text.my_main       main.o
    0x0000001c   0x0000001c   0x000001d4   Code   RO           12    .text               api_table.o
    0x000001f0   0x000001f0   0x0000004e   Code   RO           19    .text               c_we.l(rt_memclr_w.o)
    0x0000023e   0x0000023e   0x00000018   Code   RO            4    .text.draw          main.o
    0x00000256   0x00000256   0x00000002   PAD
    0x00000258   0x00000258   0x000000f0   Code   RO            8    .text.draw_wavesSim  main.o
    0x00000348   0x00000348   0x00000208   Code   RO            6    .text.single_wave_update  main.o
    0x00000550   0x00000550   0x00000040   Code   RO           14    .text.systemVariableInit  watchface_api.o


    Execution Region ER_RW (Exec base: 0x00000000, Load base: 0x00000590, Size: 0x00000004, Max: 0xffffffff, PI)

    Exec Addr    Load Addr    Size         Type   Attr      Idx    E Section Name        Object

    0x00000000   0x00000590   0x00000004   Data   RW           21    PDT$$ptr            anon$$obj.o


    Execution Region ER_ZI (Exec base: 0x00000004, Load base: 0x00000594, Size: 0x000000cc, Max: 0xffffffff, PI)

    Exec Addr    Load Addr    Size         Type   Attr      Idx    E Section Name        Object

    0x00000004        -       0x00000020   Zero   RW           16    .bss..L_MergedGlobals  watchface_api.o
    0x00000024        -       0x00000004   Zero   RW           11    .bss.draw_wavesSim.lastUpdate  main.o
    0x00000028        -       0x000000a8   Zero   RW           10    .bss.waves_arry     main.o


==============================================================================

Image component sizes


      Code (inc. data)   RO Data    RW Data    ZI Data      Debug   Object Name

       468          6          0          0          0          0   api_table.o
       812         20          0          0        172          0   main.o
        64          4          0          0         32          0   watchface_api.o

    ----------------------------------------------------------------------
      1346         30          0          4        204          0   Object Totals
         0          0          0          4          0          0   (incl. Generated)
         2          0          0          0          0          0   (incl. Padding)

    ----------------------------------------------------------------------

      Code (inc. data)   RO Data    RW Data    ZI Data      Debug   Library Member Name

        78          0          0          0          0          0   rt_memclr_w.o

    ----------------------------------------------------------------------
        78          0          0          0          0          0   Library Totals
         0          0          0          0          0          0   (incl. Padding)

    ----------------------------------------------------------------------

      Code (inc. data)   RO Data    RW Data    ZI Data      Debug   Library Name

        78          0          0          0          0          0   c_we.l

    ----------------------------------------------------------------------
        78          0          0          0          0          0   Library Totals

    ----------------------------------------------------------------------

==============================================================================


      Code (inc. data)   RO Data    RW Data    ZI Data      Debug   

      1424         30          0          4        204          0   Grand Totals
      1424         30          0          4        204          0   ELF Image Totals
      1424         30          0          4          0          0   ROM Totals

==============================================================================

    Total RO  Size (Code + RO Data)                 1424 (   1.39kB)
    Total RW  Size (RW Data + ZI Data)               208 (   0.20kB)
    Total ROM Size (Code + RO Data + RW Data)       1428 (   1.39kB)

==============================================================================

