<!doctype html public "-//w3c//dtd html 4.0 transitional//en">
<html><head>
<title>Static Call Graph - [.\Objects\简单时钟.axf]</title></head>
<body><HR>
<H1>Static Call Graph for image .\Objects\简单时钟.axf</H1><HR>
<BR><P>#&#060CALLGRAPH&#062# ARM Linker, 6130100: Last Updated: Sun Aug 17 11:01:04 2025
<BR><P>
<H3>Maximum Stack Usage =          0 bytes + Unknown(Untraceable Function Pointers)</H3><H3>
Call chain for Maximum Stack Depth:</H3>

<P>
<H3>
Function Pointers
</H3><UL>
 <LI><a href="#[0]">draw</a> from main.o(.text.draw) referenced from main.o(.text.my_main)
 <LI><a href="#[1]">drawVectorChar</a> from api_table.o(.text) referenced from main.o(.text.drawSimpleClock)
</UL>
<P>
<H3>
Global Symbols
</H3>
<P><STRONG><a name="[2]"></a>my_main</STRONG> (Thumb, 20 bytes, Stack size 0 bytes, main.o(.text.my_main))
<BR><BR>[Calls]<UL><LI><a href="#[4]">&gt;&gt;</a>&nbsp;&nbsp;&nbsp;open_watchface_general
<LI><a href="#[3]">&gt;&gt;</a>&nbsp;&nbsp;&nbsp;display_setDrawFunc
</UL>

<P><STRONG><a name="[3]"></a>display_setDrawFunc</STRONG> (Thumb, 14 bytes, Stack size 0 bytes, api_table.o(.text))
<BR><BR>[Called By]<UL><LI><a href="#[2]">&gt;&gt;</a>&nbsp;&nbsp;&nbsp;my_main
</UL>

<P><STRONG><a name="[8]"></a>div10</STRONG> (Thumb, 14 bytes, Stack size 0 bytes, api_table.o(.text))
<BR><BR>[Called By]<UL><LI><a href="#[6]">&gt;&gt;</a>&nbsp;&nbsp;&nbsp;drawSimpleClock
</UL>

<P><STRONG><a name="[a]"></a>millis_get</STRONG> (Thumb, 14 bytes, Stack size 0 bytes, api_table.o(.text))
<BR><BR>[Called By]<UL><LI><a href="#[6]">&gt;&gt;</a>&nbsp;&nbsp;&nbsp;drawSimpleClock
</UL>

<P><STRONG><a name="[9]"></a>mod10</STRONG> (Thumb, 14 bytes, Stack size 0 bytes, api_table.o(.text))
<BR><BR>[Called By]<UL><LI><a href="#[6]">&gt;&gt;</a>&nbsp;&nbsp;&nbsp;drawSimpleClock
</UL>

<P><STRONG><a name="[4]"></a>open_watchface_general</STRONG> (Thumb, 14 bytes, Stack size 0 bytes, api_table.o(.text))
<BR><BR>[Called By]<UL><LI><a href="#[2]">&gt;&gt;</a>&nbsp;&nbsp;&nbsp;my_main
</UL>

<P><STRONG><a name="[5]"></a>watchFace_switchUpdate</STRONG> (Thumb, 14 bytes, Stack size 0 bytes, api_table.o(.text))
<BR><BR>[Called By]<UL><LI><a href="#[0]">&gt;&gt;</a>&nbsp;&nbsp;&nbsp;draw
</UL>

<P><STRONG><a name="[1]"></a>drawVectorChar</STRONG> (Thumb, 14 bytes, Stack size 0 bytes, api_table.o(.text))
<BR><BR>[Called By]<UL><LI><a href="#[6]">&gt;&gt;</a>&nbsp;&nbsp;&nbsp;drawSimpleClock
</UL>
<BR>[Address Reference Count : 1]<UL><LI> main.o(.text.drawSimpleClock)
</UL>
<P><STRONG><a name="[7]"></a>setVectorDrawClipWin</STRONG> (Thumb, 14 bytes, Stack size 0 bytes, api_table.o(.text))
<BR><BR>[Called By]<UL><LI><a href="#[6]">&gt;&gt;</a>&nbsp;&nbsp;&nbsp;drawSimpleClock
</UL>

<P><STRONG><a name="[6]"></a>drawSimpleClock</STRONG> (Thumb, 212 bytes, Stack size 0 bytes, main.o(.text.drawSimpleClock))
<BR><BR>[Calls]<UL><LI><a href="#[7]">&gt;&gt;</a>&nbsp;&nbsp;&nbsp;setVectorDrawClipWin
<LI><a href="#[9]">&gt;&gt;</a>&nbsp;&nbsp;&nbsp;mod10
<LI><a href="#[a]">&gt;&gt;</a>&nbsp;&nbsp;&nbsp;millis_get
<LI><a href="#[1]">&gt;&gt;</a>&nbsp;&nbsp;&nbsp;drawVectorChar
<LI><a href="#[8]">&gt;&gt;</a>&nbsp;&nbsp;&nbsp;div10
</UL>
<BR>[Called By]<UL><LI><a href="#[0]">&gt;&gt;</a>&nbsp;&nbsp;&nbsp;draw
</UL>
<P>
<H3>
Local Symbols
</H3>
<P><STRONG><a name="[0]"></a>draw</STRONG> (Thumb, 14 bytes, Stack size 0 bytes, main.o(.text.draw))
<BR><BR>[Calls]<UL><LI><a href="#[5]">&gt;&gt;</a>&nbsp;&nbsp;&nbsp;watchFace_switchUpdate
<LI><a href="#[6]">&gt;&gt;</a>&nbsp;&nbsp;&nbsp;drawSimpleClock
</UL>
<BR>[Address Reference Count : 1]<UL><LI> main.o(.text.my_main)
</UL><P>
<H3>
Undefined Global Symbols
</H3><HR></body></html>
